<html>
<body>
<pre>
<h1>µVision Build Log</h1>
<h2>Tool Versions:</h2>
IDE-Version: µVision V5.28.0.0
Copyright (C) 2019 ARM Ltd and ARM Germany GmbH. All rights reserved.
License Information: v v, v, LIC=----
 
Tool Versions:
Toolchain:       MDK-Lite  Version: 5.28.0.0
Toolchain Path:  C:\Keil_v5\ARM\ARMCC\Bin
C Compiler:      Armcc.exe V5.06 update 6 (build 750)
Assembler:       Armasm.exe V5.06 update 6 (build 750)
Linker/Locator:  ArmLink.exe V5.06 update 6 (build 750)
Library Manager: ArmAr.exe V5.06 update 6 (build 750)
Hex Converter:   FromElf.exe V5.06 update 6 (build 750)
CPU DLL:         SARMCM3.DLL V5.28.0.0
Dialog DLL:      DCM.DLL V1.17.3.0
Target DLL:      lmidk-agdi.dll V???
Dialog DLL:      TCM.DLL V1.36.2.0
 
<h2>Project:</h2>
C:\Users\Victor\Desktop\Dev\sistemas-embarcados\Lab2\Projeto\ProjectFiles\base_project.uvprojx
Project File Date:  09/14/2019

<h2>Output:</h2>
*** Using Compiler 'V5.06 update 6 (build 750)', folder: 'C:\Keil_v5\ARM\ARMCC\Bin'
*** Note: Rebuilding project, since 'Options->Output->Create Batch File' is selected.
Rebuild Project 'base_project' - Target 'TM4C129 Flash'
compiling main.cpp...
C:\Users\Victor\Desktop\Dev\sistemas-embarcados\Lab2\Projeto\ProjectFiles\thread.h(23): warning:  #1-D: last line of file ends without a newline
  #endif
C:\Users\Victor\Desktop\Dev\sistemas-embarcados\Lab2\Projeto\ProjectFiles\tm4c1294ncpdt.h(15612): warning:  #1-D: last line of file ends without a newline
  #endif // __TM4C1294NCPDT_H__
C:\Users\Victor\Desktop\Dev\sistemas-embarcados\Lab2\Projeto\ProjectFiles\gpio.h(15): warning:  #1-D: last line of file ends without a newline
  #endif
C:\Users\Victor\Desktop\Dev\sistemas-embarcados\Lab2\Projeto\ProjectFiles\uart.h(16): warning:  #1-D: last line of file ends without a newline
  #endif
C:\Users\Victor\Desktop\Dev\sistemas-embarcados\Lab2\Projeto\ProjectFiles\main.cpp(17): warning:  #1-D: last line of file ends without a newline
  }
main.cpp: 5 warnings, 0 errors
compiling thread.cpp...
C:\Users\Victor\Desktop\Dev\sistemas-embarcados\Lab2\Projeto\ProjectFiles\thread.h(23): warning:  #1-D: last line of file ends without a newline
  #endif
C:\Users\Victor\Desktop\Dev\sistemas-embarcados\Lab2\Projeto\ProjectFiles\messages.h(23): warning:  #1-D: last line of file ends without a newline
  };
C:\Users\Victor\Desktop\Dev\sistemas-embarcados\Lab2\Projeto\ProjectFiles\tm4c1294ncpdt.h(15612): warning:  #1-D: last line of file ends without a newline
  #endif // __TM4C1294NCPDT_H__
C:\Users\Victor\Desktop\Dev\sistemas-embarcados\Lab2\Projeto\ProjectFiles\gpio.h(15): warning:  #1-D: last line of file ends without a newline
  #endif
C:\Users\Victor\Desktop\Dev\sistemas-embarcados\Lab2\Projeto\ProjectFiles\uart.h(16): warning:  #1-D: last line of file ends without a newline
  #endif
C:\Users\Victor\Desktop\Dev\sistemas-embarcados\Lab2\Projeto\ProjectFiles\thread.cpp(58): warning:  #1-D: last line of file ends without a newline
  }
thread.cpp: 6 warnings, 0 errors
compiling gpio.cpp...
C:\Users\Victor\Desktop\Dev\sistemas-embarcados\Lab2\Projeto\ProjectFiles\tm4c1294ncpdt.h(15612): warning:  #1-D: last line of file ends without a newline
  #endif // __TM4C1294NCPDT_H__
C:\Users\Victor\Desktop\Dev\sistemas-embarcados\Lab2\Projeto\ProjectFiles\gpio.h(15): warning:  #1-D: last line of file ends without a newline
  #endif
C:\Users\Victor\Desktop\Dev\sistemas-embarcados\Lab2\Projeto\ProjectFiles\gpio.cpp(40): warning:  #1-D: last line of file ends without a newline
  }
gpio.cpp: 3 warnings, 0 errors
compiling uart.cpp...
C:\Users\Victor\Desktop\Dev\sistemas-embarcados\Lab2\Projeto\ProjectFiles\tm4c1294ncpdt.h(15612): warning:  #1-D: last line of file ends without a newline
  #endif // __TM4C1294NCPDT_H__
C:\Users\Victor\Desktop\Dev\sistemas-embarcados\Lab2\Projeto\ProjectFiles\uart.h(16): warning:  #1-D: last line of file ends without a newline
  #endif
C:\Users\Victor\Desktop\Dev\sistemas-embarcados\Lab2\Projeto\ProjectFiles\uart.cpp(49): warning:  #1-D: last line of file ends without a newline
  }
uart.cpp: 3 warnings, 0 errors
compiling buzzer.c...
C:\Users\Victor\Desktop\Dev\sistemas-embarcados\Lab2\Projeto\ProjectFiles\buzzer.h(18): warning:  #1295-D: Deprecated declaration buzzer_init - give arg types
  extern void buzzer_init();
C:\Users\Victor\Desktop\Dev\sistemas-embarcados\Lab2\Projeto\ProjectFiles\buzzer.h(23): warning:  #1-D: last line of file ends without a newline
  #endif //__BUZZER_H
C:\Users\Victor\Desktop\Dev\sistemas-embarcados\Lab2\Projeto\ProjectFiles\buzzer.c(162): warning:  #1-D: last line of file ends without a newline
  }
C:\Users\Victor\Desktop\Dev\sistemas-embarcados\Lab2\Projeto\ProjectFiles\buzzer.c(31): warning:  #550-D: variable "g_ui32SysClock"  was set but never used
  static uint32_t g_ui32SysClock;
C:\Users\Victor\Desktop\Dev\sistemas-embarcados\Lab2\Projeto\ProjectFiles\buzzer.c(33): warning:  #550-D: variable "g_current_per"  was set but never used
  static uint16_t g_current_per;
buzzer.c: 5 warnings, 0 errors
compiling accel.c...
C:\Users\Victor\Desktop\Dev\sistemas-embarcados\Lab2\Projeto\ProjectFiles\accel.c(89): warning:  #1-D: last line of file ends without a newline
  }
accel.c: 1 warning, 0 errors
compiling buttons.c...
C:\Users\Victor\Desktop\Dev\sistemas-embarcados\Lab2\Projeto\ProjectFiles\buttons.h(5): warning:  #1295-D: Deprecated declaration button_init - give arg types
  extern void button_init();
C:\Users\Victor\Desktop\Dev\sistemas-embarcados\Lab2\Projeto\ProjectFiles\buttons.h(6): warning:  #1295-D: Deprecated declaration button_read_s1 - give arg types
  extern bool button_read_s1();
C:\Users\Victor\Desktop\Dev\sistemas-embarcados\Lab2\Projeto\ProjectFiles\buttons.h(7): warning:  #1295-D: Deprecated declaration button_read_s2 - give arg types
  extern bool button_read_s2();
C:\Users\Victor\Desktop\Dev\sistemas-embarcados\Lab2\Projeto\ProjectFiles\buttons.h(9): warning:  #1-D: last line of file ends without a newline
  #endif //__BUTTONS_H
buttons.c: 4 warnings, 0 errors
compiling cfaf128x128x16.c...
C:\Users\Victor\Desktop\Dev\sistemas-embarcados\Lab2\Projeto\ProjectFiles\cfaf128x128x16.c(880): warning:  #1-D: last line of file ends without a newline
  //*****************************************************************************
C:\Users\Victor\Desktop\Dev\sistemas-embarcados\Lab2\Projeto\ProjectFiles\cfaf128x128x16.c(770): warning:  #177-D: function "ssiSetDataMode"  was declared but never referenced
  ssiSetDataMode(uint8_t mode) {
C:\Users\Victor\Desktop\Dev\sistemas-embarcados\Lab2\Projeto\ProjectFiles\cfaf128x128x16.c(777): warning:  #177-D: function "ssiSetClockDivider"  was declared but never referenced
  ssiSetClockDivider(uint8_t divider){
cfaf128x128x16.c: 3 warnings, 0 errors
compiling led.c...
compiling mic.c...
C:\Users\Victor\Desktop\Dev\sistemas-embarcados\Lab2\Projeto\ProjectFiles\mic.h(23): warning:  #1-D: last line of file ends without a newline
  #endif //__MIC_H__
C:\Users\Victor\Desktop\Dev\sistemas-embarcados\Lab2\Projeto\ProjectFiles\mic.c(91): warning:  #1-D: last line of file ends without a newline
  }
mic.c: 2 warnings, 0 errors
compiling opt.c...
C:\Users\Victor\Desktop\Dev\sistemas-embarcados\Lab2\Projeto\ProjectFiles\opt.h(20): warning:  #1295-D: Deprecated declaration opt_init - give arg types
  extern void  opt_init();
C:\Users\Victor\Desktop\Dev\sistemas-embarcados\Lab2\Projeto\ProjectFiles\opt.h(21): warning:  #1295-D: Deprecated declaration opt_read - give arg types
  extern uint16_t opt_read();
C:\Users\Victor\Desktop\Dev\sistemas-embarcados\Lab2\Projeto\ProjectFiles\opt.h(22): warning:  #1295-D: Deprecated declaration opt_read_lux - give arg types
  extern uint32_t opt_read_lux();
C:\Users\Victor\Desktop\Dev\sistemas-embarcados\Lab2\Projeto\ProjectFiles\opt.h(24): warning:  #1-D: last line of file ends without a newline
  #endif //__OPT_H__
C:\Users\Victor\Desktop\Dev\sistemas-embarcados\Lab2\Projeto\ProjectFiles\opt.c(149): warning:  #128-D: loop is not reachable
                while(i < n){
C:\Users\Victor\Desktop\Dev\sistemas-embarcados\Lab2\Projeto\ProjectFiles\opt.c(195): warning:  #128-D: loop is not reachable
                while(i < n-1){
C:\Users\Victor\Desktop\Dev\sistemas-embarcados\Lab2\Projeto\ProjectFiles\opt.c(330): warning:  #177-D: variable "temp"  was declared but never referenced
                uint64_t temp = 0;
C:\Users\Victor\Desktop\Dev\sistemas-embarcados\Lab2\Projeto\ProjectFiles\opt.c(60): warning:  #550-D: variable "mid"  was set but never used
  static uint16_t mid, did;
C:\Users\Victor\Desktop\Dev\sistemas-embarcados\Lab2\Projeto\ProjectFiles\opt.c(60): warning:  #550-D: variable "did"  was set but never used
  static uint16_t mid, did;
C:\Users\Victor\Desktop\Dev\sistemas-embarcados\Lab2\Projeto\ProjectFiles\opt.c(86): warning:  #177-D: variable "g_mid"  was declared but never referenced
  static uint16_t g_mid, g_did, g_timeout_count;
C:\Users\Victor\Desktop\Dev\sistemas-embarcados\Lab2\Projeto\ProjectFiles\opt.c(86): warning:  #177-D: variable "g_did"  was declared but never referenced
  static uint16_t g_mid, g_did, g_timeout_count;
opt.c: 11 warnings, 0 errors
compiling rgb.c...
C:\Users\Victor\Desktop\Dev\sistemas-embarcados\Lab2\Projeto\ProjectFiles\rgb.h(66): warning:  #1-D: last line of file ends without a newline
  #endif //__RGB_H__
C:\Users\Victor\Desktop\Dev\sistemas-embarcados\Lab2\Projeto\ProjectFiles\rgb.c(290): warning:  #1-D: last line of file ends without a newline
  }
rgb.c: 2 warnings, 0 errors
compiling servo.c...
C:\Users\Victor\Desktop\Dev\sistemas-embarcados\Lab2\Projeto\ProjectFiles\servo.h(27): warning:  #1295-D: Deprecated declaration servo_init - give arg types
  extern void servo_init();
C:\Users\Victor\Desktop\Dev\sistemas-embarcados\Lab2\Projeto\ProjectFiles\servo.c(59): warning:  #550-D: variable "g_ui32SysClock"  was set but never used
  static uint32_t g_ui32SysClock;
servo.c: 2 warnings, 0 errors
compiling joy.c...
C:\Users\Victor\Desktop\Dev\sistemas-embarcados\Lab2\Projeto\ProjectFiles\joy.h(20): warning:  #1295-D: Deprecated declaration joy_read_center - give arg types
  extern bool joy_read_center();
C:\Users\Victor\Desktop\Dev\sistemas-embarcados\Lab2\Projeto\ProjectFiles\joy.c(102): warning:  #1-D: last line of file ends without a newline
  }
joy.c: 2 warnings, 0 errors
compiling temp.c...
C:\Users\Victor\Desktop\Dev\sistemas-embarcados\Lab2\Projeto\ProjectFiles\temp.h(23): warning:  #1-D: last line of file ends without a newline
  #endif //__TEMP_H__
C:\Users\Victor\Desktop\Dev\sistemas-embarcados\Lab2\Projeto\ProjectFiles\temp.c(158): warning:  #128-D: loop is not reachable
                while(i < n){
C:\Users\Victor\Desktop\Dev\sistemas-embarcados\Lab2\Projeto\ProjectFiles\temp.c(207): warning:  #128-D: loop is not reachable
                while(i < n-1){
C:\Users\Victor\Desktop\Dev\sistemas-embarcados\Lab2\Projeto\ProjectFiles\temp.c(303): warning:  #177-D: variable "temp"  was declared but never referenced
        uint64_t temp = 0;
C:\Users\Victor\Desktop\Dev\sistemas-embarcados\Lab2\Projeto\ProjectFiles\temp.c(94): warning:  #550-D: variable "g_mid"  was set but never used
  static uint16_t g_mid, g_did, g_timeout_count;
C:\Users\Victor\Desktop\Dev\sistemas-embarcados\Lab2\Projeto\ProjectFiles\temp.c(94): warning:  #550-D: variable "g_did"  was set but never used
  static uint16_t g_mid, g_did, g_timeout_count;
temp.c: 6 warnings, 0 errors
compiling RTX_Conf_CM.c...
assembling startup_TM4C129.s...
compiling system_TM4C129.c...
linking...
Program Size: Code=6314 RO-data=638 RW-data=60 ZI-data=9836  
".\Flash\base_project.axf" - 0 Error(s), 55 Warning(s).

<h2>Software Packages used:</h2>

Package Vendor: ARM
                http://www.keil.com/pack/ARM.CMSIS.5.5.1.pack
                ARM.CMSIS.5.5.1
                CMSIS (Cortex Microcontroller Software Interface Standard)
   * Component: RTOS Version: 1.0.0
   * Component: CORE Version: 5.2.0
   * Component: Keil RTX Version: 4.81.1

Package Vendor: Keil
                http://www.keil.com/pack/Keil.TM4C_DFP.1.1.0.pack
                Keil.TM4C_DFP.1.1.0
                Texas Instruments Tiva C Series Device Support and Examples
   * Component: Startup Version: 1.0.0

<h2>Collection of Component include folders:</h2>
  .\RTE\_TM4C129_Flash
  C:\Users\Victor\AppData\Local\Arm\Packs\ARM\CMSIS\5.5.1\CMSIS\Core\Include
  C:\Users\Victor\AppData\Local\Arm\Packs\ARM\CMSIS\5.5.1\CMSIS\RTOS\RTX\INC
  C:\Users\Victor\AppData\Local\Arm\Packs\Keil\TM4C_DFP\1.1.0\Device\Include\TM4C129

<h2>Collection of Component Files used:</h2>

   * Component: ::CMSIS:RTOS:1.0.0 (API)

   * Component: ARM::CMSIS:CORE:5.2.0

   * Component: ARM::CMSIS:RTOS:Keil RTX:4.81.1
      Source file:   CMSIS\RTOS\RTX\UserCodeTemplates\Semaphore.c
      Source file:   CMSIS\RTOS\RTX\UserCodeTemplates\Timer.c
      Source file:   CMSIS\RTOS\RTX\UserCodeTemplates\MemPool.c
      Library file:  CMSIS\RTOS\RTX\LIB\ARM\RTX_CM4.lib
      Source file:   CMSIS\RTOS\RTX\UserCodeTemplates\MsgQueue.c
      Source file:   CMSIS\RTOS\RTX\UserCodeTemplates\Mutex.c
      Source file:   CMSIS\RTOS\RTX\UserCodeTemplates\Thread.c
      Source file:   CMSIS\RTOS\RTX\SRC\ARM\SVC_Table.s
      Source file:   CMSIS\RTOS\RTX\Templates\RTX_Conf_CM.c
      Source file:   CMSIS\RTOS\RTX\UserCodeTemplates\main.c
      Source file:   CMSIS\RTOS\RTX\UserCodeTemplates\MailQueue.c
      Include file:  CMSIS\RTOS\RTX\INC\cmsis_os.h
      Include file:  CMSIS\RTOS\RTX\UserCodeTemplates\osObjects.h

   * Component: Keil::Device:Startup:1.0.0
      Include file:  Device\Include\TM4C129\TM4C129.h
      Source file:   Device\Source\ARM\startup_TM4C129.s
      Source file:   Device\Source\system_TM4C129.c
Build Time Elapsed:  00:00:04
</pre>
</body>
</html>
