<html>
<body>
<pre>
<h1>µVision Build Log</h1>
<h2>Tool Versions:</h2>
IDE-Version: µVision V5.28.0.0
Copyright (C) 2019 ARM Ltd and ARM Germany GmbH. All rights reserved.
License Information: Matheus Costa, UTFPR, LIC=----
 
Tool Versions:
Toolchain:       MDK-Lite  Version: 5.28.0.0
Toolchain Path:  C:\Keil_v5\ARM\ARMCC\Bin
C Compiler:      Armcc.exe V5.06 update 6 (build 750)
Assembler:       Armasm.exe V5.06 update 6 (build 750)
Linker/Locator:  ArmLink.exe V5.06 update 6 (build 750)
Library Manager: ArmAr.exe V5.06 update 6 (build 750)
Hex Converter:   FromElf.exe V5.06 update 6 (build 750)
CPU DLL:         SARMCM3.DLL V5.28.0.0
Dialog DLL:      DCM.DLL V1.17.3.0
Target DLL:      lmidk-agdi.dll V???
Dialog DLL:      TCM.DLL V1.36.2.0
 
<h2>Project:</h2>
C:\Users\mathe\Desktop\UTF\7º Período\Sistemas Embarcados\labs\sistemas-embarcados\Lab1\projeto\botoes\proj.uvprojx
Project File Date:  08/18/2019

<h2>Output:</h2>
*** Using Compiler 'V5.06 update 6 (build 750)', folder: 'C:\Keil_v5\ARM\ARMCC\Bin'
Rebuild target 'Target 1'
assembling utils.s...
assembling startup_TM4C129.s...
compiling system_TM4C129.c...
compiling main.c...
tm4c1294ncpdt.h(15582): warning:  #1-D: last line of file ends without a newline
  #endif // __TM4C1294NCPDT_H__
gpio.h(11): warning:  #1-D: last line of file ends without a newline
  extern void DisableInterrupts(void);
main.c(28): warning:  #223-D: function "initializeComponents" declared implicitly
      initializeComponents();
main.c(37): warning:  #111-D: statement is unreachable
      return 0;
main.c(41): warning:  #159-D: declaration is incompatible with previous "initializeComponents"  (declared at line 28)
  void initializeComponents()
main.c(44): warning:  #223-D: function "GPIO_Init" declared implicitly
      GPIO_Init();
main.c(45): warning:  #223-D: function "SysTick_Init" declared implicitly
      SysTick_Init();
main.c: 7 warnings, 0 errors
compiling gpio.c...
tm4c1294ncpdt.h(15582): warning:  #1-D: last line of file ends without a newline
  #endif // __TM4C1294NCPDT_H__
gpio.h(11): warning:  #1-D: last line of file ends without a newline
  extern void DisableInterrupts(void);
gpio.c: 2 warnings, 0 errors
linking...
Program Size: Code=1452 RO-data=544 RW-data=8 ZI-data=608  
".\Objects\proj.axf" - 0 Error(s), 9 Warning(s).

<h2>Software Packages used:</h2>

Package Vendor: ARM
                http://www.keil.com/pack/ARM.CMSIS.5.6.0.pack
                ARM.CMSIS.5.6.0
                CMSIS (Cortex Microcontroller Software Interface Standard)
   * Component: CORE Version: 5.3.0

Package Vendor: Keil
                http://www.keil.com/pack/Keil.TM4C_DFP.1.1.0.pack
                Keil.TM4C_DFP.1.1.0
                Texas Instruments Tiva C Series Device Support and Examples
   * Component: Startup Version: 1.0.0

<h2>Collection of Component include folders:</h2>
  .\RTE\_Target_1
  C:\Users\mathe\AppData\Local\Arm\Packs\ARM\CMSIS\5.6.0\CMSIS\Core\Include
  C:\Users\mathe\AppData\Local\Arm\Packs\Keil\TM4C_DFP\1.1.0\Device\Include\TM4C129

<h2>Collection of Component Files used:</h2>

   * Component: ARM::CMSIS:CORE:5.3.0

   * Component: Keil::Device:Startup:1.0.0
      Source file:   Device\Source\ARM\startup_TM4C129.s
      Include file:  Device\Include\TM4C129\TM4C129.h
      Source file:   Device\Source\system_TM4C129.c
Build Time Elapsed:  00:00:02
</pre>
</body>
</html>
