Component: ARM Compiler 5.06 update 6 (build 750) Tool: armlink [4d35ed]

==============================================================================

Section Cross References

    main.o(i.main) refers to decode.o(i.decodeMessage) for decodeMessage
    main.o(i.main) refers to messages.o(.data) for messages
    decode.o(i.decodeHalfword) refers to primes.o(.constdata) for primes
    decode.o(i.decodeMessage) refers to decode.o(i.getNextKeyIndex) for getNextKeyIndex
    decode.o(i.decodeMessage) refers to decode.o(i.decodeWithKey) for decodeWithKey
    decode.o(i.decodeWithKey) refers to decode.o(i.getNextHalfword) for getNextHalfword
    decode.o(i.decodeWithKey) refers to decode.o(i.decodeHalfword) for decodeHalfword
    rtx_conf_cm.o(.emb_text) refers to rt_cmsis.o(i.osKernelInitialize) for osKernelInitialize
    rtx_conf_cm.o(.emb_text) refers to rt_cmsis.o(i.osThreadCreate) for osThreadCreate
    rtx_conf_cm.o(.emb_text) refers to rt_cmsis.o(i.osKernelStart) for osKernelStart
    rtx_conf_cm.o(.emb_text) refers to exit.o(.text) for exit
    rtx_conf_cm.o(.emb_text) refers to rtx_conf_cm.o(.constdata) for os_thread_def_main
    rtx_conf_cm.o(i.__user_perthread_libspace) refers to rt_task.o(i.rt_tsk_self) for rt_tsk_self
    rtx_conf_cm.o(i.__user_perthread_libspace) refers to rt_cmsis.o(.data) for os_running
    rtx_conf_cm.o(i.__user_perthread_libspace) refers to rtx_conf_cm.o(.bss) for .bss
    rtx_conf_cm.o(i.__user_perthread_libspace) refers to libspace.o(.bss) for __libspace_start
    rtx_conf_cm.o(i._mutex_acquire) refers to rt_cmsis.o(.data) for os_running
    rtx_conf_cm.o(i._mutex_acquire) refers to rt_mutex.o(i.rt_mut_wait) for rt_mut_wait
    rtx_conf_cm.o(i._mutex_initialize) refers to rt_mutex.o(i.rt_mut_init) for rt_mut_init
    rtx_conf_cm.o(i._mutex_initialize) refers to rtx_conf_cm.o(.data) for .data
    rtx_conf_cm.o(i._mutex_initialize) refers to rtx_conf_cm.o(.bss) for .bss
    rtx_conf_cm.o(i._mutex_release) refers to rt_cmsis.o(.data) for os_running
    rtx_conf_cm.o(i._mutex_release) refers to rt_mutex.o(i.rt_mut_release) for rt_mut_release
    rtx_conf_cm.o(.constdata) refers to rt_cmsis.o(i.osTimerThread) for osTimerThread
    rtx_conf_cm.o(.constdata) refers to rtx_conf_cm.o(.bss) for os_messageQ_q_osTimerMessageQ
    rtx_conf_cm.o(.constdata) refers to main.o(i.main) for main
    startup_tm4c129.o(STACK) refers (Special) to heapauxi.o(.text) for __use_two_region_memory
    startup_tm4c129.o(HEAP) refers (Special) to heapauxi.o(.text) for __use_two_region_memory
    startup_tm4c129.o(RESET) refers (Special) to heapauxi.o(.text) for __use_two_region_memory
    startup_tm4c129.o(RESET) refers to startup_tm4c129.o(STACK) for __initial_sp
    startup_tm4c129.o(RESET) refers to startup_tm4c129.o(.text) for Reset_Handler
    startup_tm4c129.o(RESET) refers to hal_cm4.o(.emb_text) for SVC_Handler
    startup_tm4c129.o(.text) refers (Special) to heapauxi.o(.text) for __use_two_region_memory
    startup_tm4c129.o(.text) refers to system_tm4c129.o(i.SystemInit) for SystemInit
    startup_tm4c129.o(.text) refers to __main.o(!!!main) for __main
    startup_tm4c129.o(.text) refers to startup_tm4c129.o(HEAP) for Heap_Mem
    startup_tm4c129.o(.text) refers to startup_tm4c129.o(STACK) for Stack_Mem
    system_tm4c129.o(i.SystemCoreClockUpdate) refers to system_tm4c129.o(.data) for SystemCoreClock
    system_tm4c129.o(i.SystemInit) refers to system_tm4c129.o(.data) for SystemCoreClock
    rt_cmsis.o(i.isrMessageGet) refers to rt_mailbox.o(i.isr_mbx_receive) for isr_mbx_receive
    rt_cmsis.o(i.isrMessagePut) refers to rt_mailbox.o(i.rt_mbx_check) for rt_mbx_check
    rt_cmsis.o(i.isrMessagePut) refers to rt_mailbox.o(i.isr_mbx_send) for isr_mbx_send
    rt_cmsis.o(i.isrSemaphoreRelease) refers to rt_cmsis.o(i.rt_id2obj) for rt_id2obj
    rt_cmsis.o(i.isrSemaphoreRelease) refers to rt_semaphore.o(i.isr_sem_send) for isr_sem_send
    rt_cmsis.o(i.isrSignalSet) refers to rt_cmsis.o(i.rt_tid2ptcb) for rt_tid2ptcb
    rt_cmsis.o(i.isrSignalSet) refers to rt_event.o(i.isr_evt_set) for isr_evt_set
    rt_cmsis.o(i.osDelay) refers to rt_cmsis.o(i.svcDelay) for svcDelay
    rt_cmsis.o(i.osKernelInitialize) refers to rt_cmsis.o(i.svcKernelInitialize) for svcKernelInitialize
    rt_cmsis.o(i.osKernelRunning) refers to rt_cmsis.o(i.svcKernelRunning) for svcKernelRunning
    rt_cmsis.o(i.osKernelRunning) refers to rt_cmsis.o(.data) for .data
    rt_cmsis.o(i.osKernelStart) refers to rtx_conf_cm.o(.constdata) for os_flags
    rt_cmsis.o(i.osKernelStart) refers to rt_cmsis.o(i.svcKernelStart) for svcKernelStart
    rt_cmsis.o(i.osKernelSysTick) refers to rt_cmsis.o(i.svcKernelSysTick) for svcKernelSysTick
    rt_cmsis.o(i.osMailAlloc) refers to rt_cmsis.o(i.sysMailAlloc) for sysMailAlloc
    rt_cmsis.o(i.osMailCAlloc) refers to rt_cmsis.o(i.sysMailAlloc) for sysMailAlloc
    rt_cmsis.o(i.osMailCAlloc) refers to rt_cmsis.o(i.rt_clr_box) for rt_clr_box
[...]
    Removing rt_cmsis.o(i.osKernelRunning), (36 bytes).
    Removing rt_cmsis.o(i.osKernelSysTick), (24 bytes).
    Removing rt_cmsis.o(i.osMailAlloc), (28 bytes).
    Removing rt_cmsis.o(i.osMailCAlloc), (48 bytes).
    Removing rt_cmsis.o(i.osMailCreate), (44 bytes).
    Removing rt_cmsis.o(i.osMailFree), (28 bytes).
    Removing rt_cmsis.o(i.osMailGet), (22 bytes).
    Removing rt_cmsis.o(i.osMailPut), (20 bytes).
    Removing rt_cmsis.o(i.osMessageCreate), (44 bytes).
    Removing rt_cmsis.o(i.osMessagePut), (24 bytes).
    Removing rt_cmsis.o(i.osMutexCreate), (44 bytes).
    Removing rt_cmsis.o(i.osMutexDelete), (24 bytes).
    Removing rt_cmsis.o(i.osMutexRelease), (24 bytes).
    Removing rt_cmsis.o(i.osMutexWait), (24 bytes).
    Removing rt_cmsis.o(i.osPoolAlloc), (32 bytes).
    Removing rt_cmsis.o(i.osPoolCAlloc), (52 bytes).
    Removing rt_cmsis.o(i.osPoolCreate), (44 bytes).
    Removing rt_cmsis.o(i.osPoolFree), (32 bytes).
    Removing rt_cmsis.o(i.osSemaphoreCreate), (44 bytes).
    Removing rt_cmsis.o(i.osSemaphoreDelete), (24 bytes).
    Removing rt_cmsis.o(i.osSemaphoreRelease), (24 bytes).
    Removing rt_cmsis.o(i.osSemaphoreWait), (24 bytes).
    Removing rt_cmsis.o(i.osSignalClear), (24 bytes).
    Removing rt_cmsis.o(i.osSignalSet), (24 bytes).
    Removing rt_cmsis.o(i.osSignalWait), (24 bytes).
    Removing rt_cmsis.o(i.osThreadGetId), (24 bytes).
    Removing rt_cmsis.o(i.osThreadGetPriority), (24 bytes).
    Removing rt_cmsis.o(i.osThreadSetPriority), (24 bytes).
    Removing rt_cmsis.o(i.osThreadTerminate), (24 bytes).
    Removing rt_cmsis.o(i.osThreadYield), (24 bytes).
    Removing rt_cmsis.o(i.osTimerCreate), (44 bytes).
    Removing rt_cmsis.o(i.osTimerDelete), (24 bytes).
    Removing rt_cmsis.o(i.osTimerStart), (24 bytes).
    Removing rt_cmsis.o(i.osTimerStop), (24 bytes).
    Removing rt_cmsis.o(i.osWait), (4 bytes).
    Removing rt_cmsis.o(i.os_resume), (12 bytes).
    Removing rt_cmsis.o(i.os_suspend), (12 bytes).
    Removing rt_cmsis.o(i.rt_clr_box), (24 bytes).
    Removing rt_cmsis.o(i.rt_timer_remove), (60 bytes).
    Removing rt_cmsis.o(i.svcDelay), (18 bytes).
    Removing rt_cmsis.o(i.svcKernelRunning), (12 bytes).
    Removing rt_cmsis.o(i.svcKernelSysTick), (56 bytes).
    Removing rt_cmsis.o(i.svcMailCreate), (66 bytes).
    Removing rt_cmsis.o(i.svcMessagePut), (54 bytes).
    Removing rt_cmsis.o(i.svcMutexCreate), (28 bytes).
    Removing rt_cmsis.o(i.svcMutexDelete), (26 bytes).
    Removing rt_cmsis.o(i.svcMutexRelease), (34 bytes).
    Removing rt_cmsis.o(i.svcMutexWait), (58 bytes).
    Removing rt_cmsis.o(i.svcPoolCreate), (40 bytes).
    Removing rt_cmsis.o(i.svcSemaphoreCreate), (36 bytes).
    Removing rt_cmsis.o(i.svcSemaphoreDelete), (26 bytes).
    Removing rt_cmsis.o(i.svcSemaphoreRelease), (40 bytes).
    Removing rt_cmsis.o(i.svcSemaphoreWait), (50 bytes).
    Removing rt_cmsis.o(i.svcSignalClear), (36 bytes).
    Removing rt_cmsis.o(i.svcSignalSet), (36 bytes).
    Removing rt_cmsis.o(i.svcSignalWait), (84 bytes).
    Removing rt_cmsis.o(i.svcThreadGetPriority), (18 bytes).
    Removing rt_cmsis.o(i.svcThreadSetPriority), (46 bytes).
    Removing rt_cmsis.o(i.svcThreadYield), (10 bytes).
    Removing rt_cmsis.o(i.svcTimerCreate), (56 bytes).
    Removing rt_cmsis.o(i.svcTimerDelete), (40 bytes).
    Removing rt_cmsis.o(i.svcTimerStart), (100 bytes).
    Removing rt_cmsis.o(i.svcTimerStop), (36 bytes).
    Removing rt_cmsis.o(i.sysMailAlloc), (88 bytes).
    Removing rt_cmsis.o(i.sysMailFree), (96 bytes).
    Removing rt_cmsis.o(i.sysPoolAlloc), (10 bytes).
    Removing rt_cmsis.o(i.sysPoolFree), (20 bytes).
    Removing rt_cmsis.o(i.sysUserTimerUpdate), (48 bytes).
    Removing rt_cmsis.o(i.sysUserTimerWakeupTime), (20 bytes).
    Removing rt_task.o(i.rt_tsk_pass), (48 bytes).
    Removing rt_mutex.o(i.rt_mut_delete), (176 bytes).
    Removing rt_mutex.o(i.rt_mut_init), (16 bytes).
    Removing rt_system.o(.emb_text), (0 bytes).
    Removing rt_system.o(i.os_tick_ovf), (16 bytes).
    Removing rt_system.o(i.os_tick_val), (20 bytes).
    Removing rt_system.o(i.rt_resume), (136 bytes).
    Removing rt_system.o(i.rt_suspend), (36 bytes).
    Removing rt_system.o(i.rt_tsk_lock), (80 bytes).
    Removing rt_system.o(i.rt_tsk_unlock), (80 bytes).
    Removing rt_event.o(i.isr_evt_set), (40 bytes).
    Removing rt_event.o(i.rt_evt_clr), (28 bytes).
    Removing rt_event.o(i.rt_evt_get), (12 bytes).
    Removing rt_event.o(i.rt_evt_set), (92 bytes).
    Removing rt_event.o(i.rt_evt_wait), (60 bytes).
    Removing rt_list.o(i.rt_get_same_rdy_prio), (36 bytes).
    Removing rt_mailbox.o(i.rt_mbx_send), (152 bytes).
    Removing rt_semaphore.o(i.isr_sem_send), (16 bytes).
    Removing rt_semaphore.o(i.rt_sem_delete), (92 bytes).
    Removing rt_semaphore.o(i.rt_sem_init), (12 bytes).
    Removing rt_semaphore.o(i.rt_sem_send), (42 bytes).
    Removing rt_semaphore.o(i.rt_sem_wait), (64 bytes).
    Removing rt_time.o(i.rt_dly_wait), (6 bytes).
    Removing rt_time.o(i.rt_itv_set), (24 bytes).
    Removing rt_time.o(i.rt_itv_wait), (40 bytes).
    Removing rt_time.o(i.rt_time_get), (12 bytes).
    Removing rt_membox.o(i._calloc_box), (30 bytes).

111 unused section(s) (total 4030 bytes) removed from the image.

==============================================================================

Image Symbol Table

    Local Symbols

    Symbol Name                              Value     Ov Type        Size  Object(Section)

    RESET                                    0x00000000   Section      512  startup_tm4c129.o(RESET)
    ../clib/angel/boardlib.s                 0x00000000   Number         0  boardinit1.o ABSOLUTE
    ../clib/angel/boardlib.s                 0x00000000   Number         0  boardinit2.o ABSOLUTE
    ../clib/angel/boardlib.s                 0x00000000   Number         0  boardshut.o ABSOLUTE
    ../clib/angel/handlers.s                 0x00000000   Number         0  __scatter_copy.o ABSOLUTE
    ../clib/angel/handlers.s                 0x00000000   Number         0  __scatter_zi.o ABSOLUTE
    ../clib/angel/kernel.s                   0x00000000   Number         0  __rtentry2.o ABSOLUTE
    ../clib/angel/kernel.s                   0x00000000   Number         0  rtexit2.o ABSOLUTE
    ../clib/angel/kernel.s                   0x00000000   Number         0  __rtentry4.o ABSOLUTE
    ../clib/angel/kernel.s                   0x00000000   Number         0  __rtentry.o ABSOLUTE
    ../clib/angel/kernel.s                   0x00000000   Number         0  rtexit.o ABSOLUTE
    ../clib/angel/rt.s                       0x00000000   Number         0  rt_div0.o ABSOLUTE
    ../clib/angel/rt.s                       0x00000000   Number         0  aeabi_ldiv0.o ABSOLUTE
    ../clib/angel/rt.s                       0x00000000   Number         0  aeabi_ldiv0_sigfpe.o ABSOLUTE
    ../clib/angel/rt.s                       0x00000000   Number         0  rt_raise.o ABSOLUTE
    ../clib/angel/scatter.s                  0x00000000   Number         0  __scatter.o ABSOLUTE
    ../clib/angel/startup.s                  0x00000000   Number         0  __main.o ABSOLUTE
    ../clib/angel/sys.s                      0x00000000   Number         0  sys_stackheap_outer.o ABSOLUTE
    ../clib/angel/sys.s                      0x00000000   Number         0  libspace.o ABSOLUTE
    ../clib/angel/sys.s                      0x00000000   Number         0  indicate_semi.o ABSOLUTE
    ../clib/angel/sys.s                      0x00000000   Number         0  use_no_semi.o ABSOLUTE
    ../clib/angel/sysapp.c                   0x00000000   Number         0  sys_wrch.o ABSOLUTE
    ../clib/angel/sysapp.c                   0x00000000   Number         0  sys_command.o ABSOLUTE
    ../clib/angel/sysapp.c                   0x00000000   Number         0  sys_exit.o ABSOLUTE
    ../clib/armsys.c                         0x00000000   Number         0  no_argv.o ABSOLUTE
    ../clib/armsys.c                         0x00000000   Number         0  _get_argv_nomalloc.o ABSOLUTE
    ../clib/armsys.c                         0x00000000   Number         0  argv_veneer.o ABSOLUTE
    ../clib/armsys.c                         0x00000000   Number         0  argv_veneer.o ABSOLUTE
    ../clib/heapalloc.c                      0x00000000   Number         0  hrguard.o ABSOLUTE
    ../clib/heapaux.c                        0x00000000   Number         0  heapauxi.o ABSOLUTE
    ../clib/libinit.s                        0x00000000   Number         0  libshutdown2.o ABSOLUTE
    ../clib/libinit.s                        0x00000000   Number         0  libshutdown.o ABSOLUTE
    ../clib/libinit.s                        0x00000000   Number         0  libinit.o ABSOLUTE
    ../clib/libinit.s                        0x00000000   Number         0  libinit2.o ABSOLUTE
    ../clib/longlong.s                       0x00000000   Number         0  lludivv7m.o ABSOLUTE
    ../clib/signal.c                         0x00000000   Number         0  __raise.o ABSOLUTE
    ../clib/signal.c                         0x00000000   Number         0  defsig_fpe_inner.o ABSOLUTE
    ../clib/signal.c                         0x00000000   Number         0  defsig_exit.o ABSOLUTE
    ../clib/signal.c                         0x00000000   Number         0  defsig_fpe_outer.o ABSOLUTE
    ../clib/signal.c                         0x00000000   Number         0  defsig_pvfn_inner.o ABSOLUTE
    ../clib/signal.c                         0x00000000   Number         0  defsig_general.o ABSOLUTE
    ../clib/signal.c                         0x00000000   Number         0  defsig_other.o ABSOLUTE
    ../clib/signal.c                         0x00000000   Number         0  defsig_segv_inner.o ABSOLUTE
    ../clib/signal.c                         0x00000000   Number         0  defsig_cppl_inner.o ABSOLUTE
    ../clib/signal.c                         0x00000000   Number         0  defsig_stak_inner.o ABSOLUTE
    ../clib/signal.c                         0x00000000   Number         0  defsig_rtmem_formal.o ABSOLUTE
    ../clib/signal.c                         0x00000000   Number         0  defsig_rtmem_outer.o ABSOLUTE
    ../clib/signal.c                         0x00000000   Number         0  defsig_rtmem_inner.o ABSOLUTE
    ../clib/signal.c                         0x00000000   Number         0  defsig_rtred_inner.o ABSOLUTE
    ../clib/signal.c                         0x00000000   Number         0  defsig_abrt_inner.o ABSOLUTE
    ../clib/signal.c                         0x00000000   Number         0  defsig_fpe_formal.o ABSOLUTE
    ../clib/signal.s                         0x00000000   Number         0  defsig.o ABSOLUTE
    ../clib/stdlib.c                         0x00000000   Number         0  exit.o ABSOLUTE
    ../fplib/fpinit.s                        0x00000000   Number         0  fpinit.o ABSOLUTE
    ..\HAL_CM.c                              0x00000000   Number         0  hal_cm.o ABSOLUTE
    ..\\rt_CMSIS.c                           0x00000000   Number         0  rt_cmsis.o ABSOLUTE
    ..\\rt_System.c                          0x00000000   Number         0  rt_system.o ABSOLUTE
    ..\rt_CMSIS.c                            0x00000000   Number         0  rt_cmsis.o ABSOLUTE
    ..\rt_Event.c                            0x00000000   Number         0  rt_event.o ABSOLUTE
    ..\rt_List.c                             0x00000000   Number         0  rt_list.o ABSOLUTE
    ..\rt_Mailbox.c                          0x00000000   Number         0  rt_mailbox.o ABSOLUTE
    ..\rt_MemBox.c                           0x00000000   Number         0  rt_membox.o ABSOLUTE
    ..\rt_Memory.c                           0x00000000   Number         0  rt_memory.o ABSOLUTE
    ..\rt_Mutex.c                            0x00000000   Number         0  rt_mutex.o ABSOLUTE
    ..\rt_Robin.c                            0x00000000   Number         0  rt_robin.o ABSOLUTE
    ..\rt_Semaphore.c                        0x00000000   Number         0  rt_semaphore.o ABSOLUTE
    ..\rt_System.c                           0x00000000   Number         0  rt_system.o ABSOLUTE
    ..\rt_Task.c                             0x00000000   Number         0  rt_task.o ABSOLUTE
    ..\rt_Time.c                             0x00000000   Number         0  rt_time.o ABSOLUTE
    HAL_CM4.c                                0x00000000   Number         0  hal_cm4.o ABSOLUTE
    HAL_CM4.c                                0x00000000   Number         0  hal_cm4.o ABSOLUTE
    RTE\CMSIS\RTX_Conf_CM.c                  0x00000000   Number         0  rtx_conf_cm.o ABSOLUTE
    RTE\Device\TM4C1294NCPDT\startup_TM4C129.s 0x00000000   Number         0  startup_tm4c129.o ABSOLUTE
    RTE\Device\TM4C1294NCPDT\system_TM4C129.c 0x00000000   Number         0  system_tm4c129.o ABSOLUTE
    RTE\\CMSIS\\RTX_Conf_CM.c                0x00000000   Number         0  rtx_conf_cm.o ABSOLUTE
    RTE\\Device\\TM4C1294NCPDT\\system_TM4C129.c 0x00000000   Number         0  system_tm4c129.o ABSOLUTE
    SVC_Table.s                              0x00000000   Number         0  svc_table.o ABSOLUTE
    dc.s                                     0x00000000   Number         0  dc.o ABSOLUTE
    decode.c                                 0x00000000   Number         0  decode.o ABSOLUTE
    main.c                                   0x00000000   Number         0  main.o ABSOLUTE
    main.c                                   0x00000000   Number         0  main.o ABSOLUTE
    messages.c                               0x00000000   Number         0  messages.o ABSOLUTE
    primes.c                                 0x00000000   Number         0  primes.o ABSOLUTE
    !!!main                                  0x00000200   Section        8  __main.o(!!!main)
    !!!scatter                               0x00000208   Section       52  __scatter.o(!!!scatter)
    !!handler_copy                           0x0000023c   Section       26  __scatter_copy.o(!!handler_copy)
    !!handler_zi                             0x00000258   Section       28  __scatter_zi.o(!!handler_zi)
    .ARM.Collect$$libinit$$00000000          0x00000274   Section        2  libinit.o(.ARM.Collect$$libinit$$00000000)
    .ARM.Collect$$libinit$$00000001          0x00000276   Section        4  libinit2.o(.ARM.Collect$$libinit$$00000001)
    .ARM.Collect$$libinit$$00000004          0x0000027a   Section        0  libinit2.o(.ARM.Collect$$libinit$$00000004)
    .ARM.Collect$$libinit$$0000000A          0x0000027a   Section        0  libinit2.o(.ARM.Collect$$libinit$$0000000A)
    .ARM.Collect$$libinit$$0000000C          0x0000027a   Section        0  libinit2.o(.ARM.Collect$$libinit$$0000000C)
    .ARM.Collect$$libinit$$0000000E          0x0000027a   Section        0  libinit2.o(.ARM.Collect$$libinit$$0000000E)
    .ARM.Collect$$libinit$$00000011          0x0000027a   Section        0  libinit2.o(.ARM.Collect$$libinit$$00000011)
    .ARM.Collect$$libinit$$00000013          0x0000027a   Section        0  libinit2.o(.ARM.Collect$$libinit$$00000013)
    .ARM.Collect$$libinit$$00000015          0x0000027a   Section        0  libinit2.o(.ARM.Collect$$libinit$$00000015)
    .ARM.Collect$$libinit$$00000017          0x0000027a   Section        0  libinit2.o(.ARM.Collect$$libinit$$00000017)
    .ARM.Collect$$libinit$$00000019          0x0000027a   Section        0  libinit2.o(.ARM.Collect$$libinit$$00000019)
    .ARM.Collect$$libinit$$0000001B          0x0000027a   Section        0  libinit2.o(.ARM.Collect$$libinit$$0000001B)
    .ARM.Collect$$libinit$$0000001D          0x0000027a   Section        0  libinit2.o(.ARM.Collect$$libinit$$0000001D)
    .ARM.Collect$$libinit$$0000001F          0x0000027a   Section        0  libinit2.o(.ARM.Collect$$libinit$$0000001F)
    .ARM.Collect$$libinit$$00000021          0x0000027a   Section        0  libinit2.o(.ARM.Collect$$libinit$$00000021)
    .ARM.Collect$$libinit$$00000023          0x0000027a   Section        0  libinit2.o(.ARM.Collect$$libinit$$00000023)
    .ARM.Collect$$libinit$$00000025          0x0000027a   Section        0  libinit2.o(.ARM.Collect$$libinit$$00000025)
    .ARM.Collect$$libinit$$0000002C          0x0000027a   Section        0  libinit2.o(.ARM.Collect$$libinit$$0000002C)
    .ARM.Collect$$libinit$$0000002E          0x0000027a   Section        0  libinit2.o(.ARM.Collect$$libinit$$0000002E)
    .ARM.Collect$$libinit$$00000030          0x0000027a   Section        0  libinit2.o(.ARM.Collect$$libinit$$00000030)
    .ARM.Collect$$libinit$$00000032          0x0000027a   Section        0  libinit2.o(.ARM.Collect$$libinit$$00000032)
    .ARM.Collect$$libinit$$00000033          0x0000027a   Section        2  libinit2.o(.ARM.Collect$$libinit$$00000033)
    .ARM.Collect$$libshutdown$$00000000      0x0000027c   Section        2  libshutdown.o(.ARM.Collect$$libshutdown$$00000000)
    .ARM.Collect$$libshutdown$$00000002      0x0000027e   Section        0  libshutdown2.o(.ARM.Collect$$libshutdown$$00000002)
    .ARM.Collect$$libshutdown$$00000004      0x0000027e   Section        0  libshutdown2.o(.ARM.Collect$$libshutdown$$00000004)
    .ARM.Collect$$libshutdown$$00000007      0x0000027e   Section        0  libshutdown2.o(.ARM.Collect$$libshutdown$$00000007)
    .ARM.Collect$$libshutdown$$0000000A      0x0000027e   Section        0  libshutdown2.o(.ARM.Collect$$libshutdown$$0000000A)
    .ARM.Collect$$libshutdown$$0000000C      0x0000027e   Section        0  libshutdown2.o(.ARM.Collect$$libshutdown$$0000000C)
    .ARM.Collect$$libshutdown$$0000000F      0x0000027e   Section        0  libshutdown2.o(.ARM.Collect$$libshutdown$$0000000F)
    .ARM.Collect$$libshutdown$$00000010      0x0000027e   Section        2  libshutdown2.o(.ARM.Collect$$libshutdown$$00000010)
    .ARM.Collect$$rtentry$$00000000          0x00000280   Section        0  __rtentry.o(.ARM.Collect$$rtentry$$00000000)
    .ARM.Collect$$rtentry$$00000002          0x00000280   Section        0  __rtentry2.o(.ARM.Collect$$rtentry$$00000002)
    .ARM.Collect$$rtentry$$00000004          0x00000280   Section        6  __rtentry4.o(.ARM.Collect$$rtentry$$00000004)
    .ARM.Collect$$rtentry$$00000009          0x00000286   Section        0  __rtentry2.o(.ARM.Collect$$rtentry$$00000009)
    .ARM.Collect$$rtentry$$0000000A          0x00000286   Section        4  __rtentry2.o(.ARM.Collect$$rtentry$$0000000A)
    .ARM.Collect$$rtentry$$0000000B          0x0000028a   Section        8  __rtentry2.o(.ARM.Collect$$rtentry$$0000000B)
    .ARM.Collect$$rtentry$$0000000D          0x00000292   Section        8  __rtentry2.o(.ARM.Collect$$rtentry$$0000000D)
    .ARM.Collect$$rtexit$$00000000           0x0000029a   Section        2  rtexit.o(.ARM.Collect$$rtexit$$00000000)
    .ARM.Collect$$rtexit$$00000002           0x0000029c   Section        0  rtexit2.o(.ARM.Collect$$rtexit$$00000002)
    .ARM.Collect$$rtexit$$00000003           0x0000029c   Section        4  rtexit2.o(.ARM.Collect$$rtexit$$00000003)
    .ARM.Collect$$rtexit$$00000004           0x000002a0   Section        6  rtexit2.o(.ARM.Collect$$rtexit$$00000004)
    .emb_text                                0x000002a8   Section       28  rtx_conf_cm.o(.emb_text)
    $v0                                      0x000002a8   Number         0  rtx_conf_cm.o(.emb_text)
    .emb_text                                0x000002c4   Section      408  hal_cm4.o(.emb_text)
    $v0                                      0x000002c4   Number         0  hal_cm4.o(.emb_text)
    .text                                    0x0000045c   Section      300  startup_tm4c129.o(.text)
    $v0                                      0x0000045c   Number         0  startup_tm4c129.o(.text)
    .text                                    0x00000588   Section        8  libspace.o(.text)
    .text                                    0x00000590   Section        0  exit.o(.text)
    .text                                    0x000005a2   Section        0  heapauxi.o(.text)
    .text                                    0x000005a8   Section        0  sys_exit.o(.text)
    .text                                    0x000005b4   Section       74  sys_stackheap_outer.o(.text)
    .text                                    0x000005fe   Section        2  use_no_semi.o(.text)
    .text                                    0x00000600   Section        0  indicate_semi.o(.text)
    SVC_TABLE                                0x00000600   Section        4  svc_table.o(SVC_TABLE)
    i.SystemInit                             0x00000604   Section        0  system_tm4c129.o(i.SystemInit)
    i._init_box                              0x00000624   Section        0  rt_membox.o(i._init_box)
    i._mutex_acquire                         0x0000066c   Section        0  rtx_conf_cm.o(i._mutex_acquire)
    __tagsym$$used                           0x0000066d   Number         0  rtx_conf_cm.o(i._mutex_acquire)
    i._mutex_release                         0x0000068c   Section        0  rtx_conf_cm.o(i._mutex_release)
    __tagsym$$used                           0x0000068d   Number         0  rtx_conf_cm.o(i._mutex_release)
    i.dbg_init                               0x000006a8   Section        0  hal_cm.o(i.dbg_init)
    i.dbg_task_notify                        0x000006d8   Section        0  hal_cm.o(i.dbg_task_notify)
    i.dbg_task_switch                        0x000006f8   Section        0  hal_cm.o(i.dbg_task_switch)
    i.decodeHalfword                         0x00000708   Section        0  decode.o(i.decodeHalfword)
    i.decodeMessage                          0x00000754   Section        0  decode.o(i.decodeMessage)
    i.decodeWithKey                          0x00000780   Section        0  decode.o(i.decodeWithKey)
    i.getNextHalfword                        0x000007bc   Section        0  decode.o(i.getNextHalfword)
    i.getNextKeyIndex                        0x000007d2   Section        0  decode.o(i.getNextKeyIndex)
    i.isrMessageGet                          0x000007da   Section        0  rt_cmsis.o(i.isrMessageGet)
    i.isrMessagePut                          0x00000804   Section        0  rt_cmsis.o(i.isrMessagePut)
    i.isr_mbx_receive                        0x00000830   Section        0  rt_mailbox.o(i.isr_mbx_receive)
    i.isr_mbx_send                           0x00000886   Section        0  rt_mailbox.o(i.isr_mbx_send)
    i.main                                   0x00000894   Section        0  main.o(i.main)
    i.osKernelInitialize                     0x000008b0   Section        0  rt_cmsis.o(i.osKernelInitialize)
    i.osKernelStart                          0x000008d4   Section        0  rt_cmsis.o(i.osKernelStart)
    i.osMessageGet                           0x00000940   Section        0  rt_cmsis.o(i.osMessageGet)
    i.osThreadCreate                         0x00000958   Section        0  rt_cmsis.o(i.osThreadCreate)
    i.osThreadExit                           0x00000984   Section        0  rt_cmsis.o(i.osThreadExit)
    i.osTimerCall                            0x0000099c   Section        0  rt_cmsis.o(i.osTimerCall)
    i.osTimerThread                          0x000009a8   Section        0  rt_cmsis.o(i.osTimerThread)
    i.os_error                               0x000009d4   Section        0  rtx_conf_cm.o(i.os_error)
    i.os_idle_demon                          0x000009f6   Section        0  rtx_conf_cm.o(i.os_idle_demon)
    i.os_tick_init                           0x000009fc   Section        0  rt_system.o(i.os_tick_init)
    i.os_tick_irqack                         0x00000a24   Section        0  rt_system.o(i.os_tick_irqack)
    i.rt_alloc_box                           0x00000a26   Section        0  rt_membox.o(i.rt_alloc_box)
    i.rt_alloc_mem                           0x00000a40   Section        0  rt_memory.o(i.rt_alloc_mem)
    i.rt_block                               0x00000a80   Section        0  rt_task.o(i.rt_block)
    i.rt_chk_robin                           0x00000ab8   Section        0  rt_robin.o(i.rt_chk_robin)
    i.rt_dec_dly                             0x00000b00   Section        0  rt_list.o(i.rt_dec_dly)
    i.rt_dispatch                            0x00000b70   Section        0  rt_task.o(i.rt_dispatch)
    i.rt_evt_psh                             0x00000bb4   Section        0  rt_event.o(i.rt_evt_psh)
    i.rt_free_box                            0x00000c04   Section        0  rt_membox.o(i.rt_free_box)
    i.rt_free_mem                            0x00000c30   Section        0  rt_memory.o(i.rt_free_mem)
    i.rt_get_first                           0x00000c58   Section        0  rt_list.o(i.rt_get_first)
    i.rt_id2obj                              0x00000c80   Section        0  rt_cmsis.o(i.rt_id2obj)
    rt_id2obj                                0x00000c81   Thumb Code     8  rt_cmsis.o(i.rt_id2obj)
    i.rt_init_context                        0x00000c88   Section        0  rt_task.o(i.rt_init_context)
    rt_init_context                          0x00000c89   Thumb Code    66  rt_task.o(i.rt_init_context)
    i.rt_init_mem                            0x00000cd0   Section        0  rt_memory.o(i.rt_init_mem)
    i.rt_init_robin                          0x00000cec   Section        0  rt_robin.o(i.rt_init_robin)
    i.rt_init_stack                          0x00000d04   Section        0  hal_cm.o(i.rt_init_stack)
    i.rt_mbx_check                           0x00000d84   Section        0  rt_mailbox.o(i.rt_mbx_check)
    i.rt_mbx_init                            0x00000d8c   Section        0  rt_mailbox.o(i.rt_mbx_init)
    i.rt_mbx_psh                             0x00000da8   Section        0  rt_mailbox.o(i.rt_mbx_psh)
    i.rt_mbx_wait                            0x00000e98   Section        0  rt_mailbox.o(i.rt_mbx_wait)
    i.rt_ms2tick                             0x00000f4c   Section        0  rt_cmsis.o(i.rt_ms2tick)
    rt_ms2tick                               0x00000f4d   Thumb Code    58  rt_cmsis.o(i.rt_ms2tick)
    i.rt_mut_release                         0x00000f90   Section        0  rt_mutex.o(i.rt_mut_release)
    i.rt_mut_wait                            0x00001068   Section        0  rt_mutex.o(i.rt_mut_wait)
    i.rt_pop_req                             0x000010e0   Section        0  rt_system.o(i.rt_pop_req)
    i.rt_psh_req                             0x0000115c   Section        0  rt_system.o(i.rt_psh_req)
    i.rt_psq_enq                             0x0000117c   Section        0  rt_list.o(i.rt_psq_enq)
    i.rt_put_dly                             0x000011d8   Section        0  rt_list.o(i.rt_put_dly)
    i.rt_put_prio                            0x00001220   Section        0  rt_list.o(i.rt_put_prio)
    i.rt_put_rdy_first                       0x00001258   Section        0  rt_list.o(i.rt_put_rdy_first)
    i.rt_resort_prio                         0x0000126c   Section        0  rt_list.o(i.rt_resort_prio)
    i.rt_ret_regs                            0x000012a0   Section        0  hal_cm.o(i.rt_ret_regs)
    rt_ret_regs                              0x000012a1   Thumb Code    16  hal_cm.o(i.rt_ret_regs)
    i.rt_ret_val                             0x000012b0   Section        0  hal_cm.o(i.rt_ret_val)
    i.rt_ret_val2                            0x000012bc   Section        0  hal_cm.o(i.rt_ret_val2)
    i.rt_rmv_dly                             0x000012cc   Section        0  rt_list.o(i.rt_rmv_dly)
    i.rt_rmv_list                            0x000012f4   Section        0  rt_list.o(i.rt_rmv_list)
    i.rt_sem_psh                             0x00001324   Section        0  rt_semaphore.o(i.rt_sem_psh)
    i.rt_stk_check                           0x00001358   Section        0  rt_system.o(i.rt_stk_check)
    i.rt_switch_req                          0x0000137c   Section        0  rt_task.o(i.rt_switch_req)
    i.rt_sys_init                            0x000013a4   Section        0  rt_task.o(i.rt_sys_init)
    i.rt_sys_start                           0x00001470   Section        0  rt_task.o(i.rt_sys_start)
    i.rt_systick                             0x000014e8   Section        0  rt_system.o(i.rt_systick)
    i.rt_tid2ptcb                            0x00001528   Section        0  rt_cmsis.o(i.rt_tid2ptcb)
    rt_tid2ptcb                              0x00001529   Thumb Code    18  rt_cmsis.o(i.rt_tid2ptcb)
    i.rt_timer_insert                        0x0000153c   Section        0  rt_cmsis.o(i.rt_timer_insert)
    rt_timer_insert                          0x0000153d   Thumb Code    48  rt_cmsis.o(i.rt_timer_insert)
    i.rt_tsk_create                          0x00001570   Section        0  rt_task.o(i.rt_tsk_create)
    i.rt_tsk_delete                          0x000015f8   Section        0  rt_task.o(i.rt_tsk_delete)
    i.rt_tsk_prio                            0x00001774   Section        0  rt_task.o(i.rt_tsk_prio)
    i.rt_tsk_self                            0x000017f0   Section        0  rt_task.o(i.rt_tsk_self)
    i.svcKernelInitialize                    0x00001800   Section        0  rt_cmsis.o(i.svcKernelInitialize)
    i.svcKernelStart                         0x00001870   Section        0  rt_cmsis.o(i.svcKernelStart)
    i.svcMessageCreate                       0x000018b8   Section        0  rt_cmsis.o(i.svcMessageCreate)
    i.svcMessageGet                          0x000018dc   Section        0  rt_cmsis.o(i.svcMessageGet)
    i.svcThreadCreate                        0x00001918   Section        0  rt_cmsis.o(i.svcThreadCreate)
    i.svcThreadGetId                         0x00001984   Section        0  rt_cmsis.o(i.svcThreadGetId)
    i.svcThreadTerminate                     0x000019a0   Section        0  rt_cmsis.o(i.svcThreadTerminate)
    i.svcTimerCall                           0x000019d8   Section        0  rt_cmsis.o(i.svcTimerCall)
    i.sysTimerTick                           0x000019f0   Section        0  rt_cmsis.o(i.sysTimerTick)
    x$fpl$fpinit                             0x00001a4c   Section       10  fpinit.o(x$fpl$fpinit)
    $v0                                      0x00001a4c   Number         0  fpinit.o(x$fpl$fpinit)
    .constdata                               0x00001a56   Section    12824  primes.o(.constdata)
    .constdata                               0x00004c70   Section      104  rtx_conf_cm.o(.constdata)
    __tagsym$$used                           0x00004c8c   Number         0  rtx_conf_cm.o(.constdata)
    __tagsym$$used                           0x00004c90   Number         0  rtx_conf_cm.o(.constdata)
    __tagsym$$used                           0x00004c94   Number         0  rtx_conf_cm.o(.constdata)
    __tagsym$$used                           0x00004c98   Number         0  rtx_conf_cm.o(.constdata)
    .data                                    0x20000000   Section      204  messages.o(.data)
    .data                                    0x200000cc   Section       20  rtx_conf_cm.o(.data)
    nr_mutex                                 0x200000dc   Data           4  rtx_conf_cm.o(.data)
    .data                                    0x200000e0   Section        4  system_tm4c129.o(.data)
    .data                                    0x200000e4   Section        8  rt_cmsis.o(.data)
    .data                                    0x200000ec   Section        8  rt_task.o(.data)
    .data                                    0x200000f4   Section        8  rt_system.o(.data)
    os_lock                                  0x200000f4   Data           1  rt_system.o(.data)
    os_psh_flag                              0x200000f5   Data           1  rt_system.o(.data)
    pend_flags                               0x200000f6   Data           1  rt_system.o(.data)
    .data                                    0x200000fc   Section        4  rt_time.o(.data)
    .data                                    0x20000100   Section        8  rt_robin.o(.data)
    .data                                    0x20000108   Section        1  hal_cm.o(.data)
    .bss                                     0x20000110   Section     3016  rtx_conf_cm.o(.bss)
    std_libspace                             0x200009b8   Data         672  rtx_conf_cm.o(.bss)
    std_libmutex                             0x20000c58   Data         128  rtx_conf_cm.o(.bss)
    .bss                                     0x20000cd8   Section       52  rt_task.o(.bss)
    .bss                                     0x20000d0c   Section       48  rt_list.o(.bss)
    .bss                                     0x20000d3c   Section       96  libspace.o(.bss)
    HEAP                                     0x20000da0   Section        0  startup_tm4c129.o(HEAP)
    STACK                                    0x20000da0   Section      512  startup_tm4c129.o(STACK)
    Heap_Mem                                 0x20000da0   Data           0  startup_tm4c129.o(HEAP)
    Stack_Mem                                0x20000da0   Data         512  startup_tm4c129.o(STACK)
    __initial_sp                             0x20000fa0   Data           0  startup_tm4c129.o(STACK)

    Global Symbols

    Symbol Name                              Value     Ov Type        Size  Object(Section)

    BuildAttributes$$THM_ISAv4$E$P$D$K$B$S$7EM$VFPi3$EXTD16$VFPS$VFMA$PE$A:L22UL41UL21$X:L11$S22US41US21$IEEE1$IW$USESV6$~STKCKD$USESV7$~SHL$OSPACE$ROPI$EBA8$UX$STANDARDLIB$REQ8$PRES8$EABIv2 0x00000000   Number         0  anon$$obj.o ABSOLUTE
    __ARM_use_no_argv                        0x00000000   Number         0  main.o ABSOLUTE
    __Vectors                                0x00000000   Data           4  startup_tm4c129.o(RESET)
    __ARM_exceptions_init                     - Undefined Weak Reference
    __alloca_initialize                       - Undefined Weak Reference
    __arm_preinit_                            - Undefined Weak Reference
    __cpp_initialize__aeabi_                  - Undefined Weak Reference
    __cxa_finalize                            - Undefined Weak Reference
    __rt_locale                               - Undefined Weak Reference
    __sigvec_lookup                           - Undefined Weak Reference
    _atexit_init                              - Undefined Weak Reference
    _call_atexit_fns                          - Undefined Weak Reference
    _clock_init                               - Undefined Weak Reference
    _fp_trap_init                             - Undefined Weak Reference
    _fp_trap_shutdown                         - Undefined Weak Reference
    _get_lc_collate                           - Undefined Weak Reference
    _get_lc_ctype                             - Undefined Weak Reference
    _get_lc_monetary                          - Undefined Weak Reference
    _get_lc_numeric                           - Undefined Weak Reference
    _get_lc_time                              - Undefined Weak Reference
    _getenv_init                              - Undefined Weak Reference
    _handle_redirection                       - Undefined Weak Reference
    _init_alloc                               - Undefined Weak Reference
    _init_user_alloc                          - Undefined Weak Reference
    _initio                                   - Undefined Weak Reference
    _rand_init                                - Undefined Weak Reference
    _signal_finish                            - Undefined Weak Reference
    _signal_init                              - Undefined Weak Reference
    _terminate_alloc                          - Undefined Weak Reference
    _terminate_user_alloc                     - Undefined Weak Reference
    _terminateio                              - Undefined Weak Reference
    __Vectors_End                            0x00000200   Data           0  startup_tm4c129.o(RESET)
    __Vectors_Size                           0x00000200   Number         0  startup_tm4c129.o ABSOLUTE
    __main                                   0x00000201   Thumb Code     8  __main.o(!!!main)
    __scatterload                            0x00000209   Thumb Code     0  __scatter.o(!!!scatter)
    __scatterload_rt2                        0x00000209   Thumb Code    44  __scatter.o(!!!scatter)
    __scatterload_rt2_thumb_only             0x00000209   Thumb Code     0  __scatter.o(!!!scatter)
    __scatterload_null                       0x00000217   Thumb Code     0  __scatter.o(!!!scatter)
    __scatterload_copy                       0x0000023d   Thumb Code    26  __scatter_copy.o(!!handler_copy)
    __scatterload_zeroinit                   0x00000259   Thumb Code    28  __scatter_zi.o(!!handler_zi)
    __rt_lib_init                            0x00000275   Thumb Code     0  libinit.o(.ARM.Collect$$libinit$$00000000)
    __rt_lib_init_fp_1                       0x00000277   Thumb Code     0  libinit2.o(.ARM.Collect$$libinit$$00000001)
    __rt_lib_init_alloca_1                   0x0000027b   Thumb Code     0  libinit2.o(.ARM.Collect$$libinit$$0000002E)
    __rt_lib_init_argv_1                     0x0000027b   Thumb Code     0  libinit2.o(.ARM.Collect$$libinit$$0000002C)
    __rt_lib_init_atexit_1                   0x0000027b   Thumb Code     0  libinit2.o(.ARM.Collect$$libinit$$0000001B)
    __rt_lib_init_clock_1                    0x0000027b   Thumb Code     0  libinit2.o(.ARM.Collect$$libinit$$00000021)
    __rt_lib_init_cpp_1                      0x0000027b   Thumb Code     0  libinit2.o(.ARM.Collect$$libinit$$00000032)
    __rt_lib_init_exceptions_1               0x0000027b   Thumb Code     0  libinit2.o(.ARM.Collect$$libinit$$00000030)
    __rt_lib_init_fp_trap_1                  0x0000027b   Thumb Code     0  libinit2.o(.ARM.Collect$$libinit$$0000001F)
    __rt_lib_init_getenv_1                   0x0000027b   Thumb Code     0  libinit2.o(.ARM.Collect$$libinit$$00000023)
    __rt_lib_init_heap_1                     0x0000027b   Thumb Code     0  libinit2.o(.ARM.Collect$$libinit$$0000000A)
    __rt_lib_init_lc_collate_1               0x0000027b   Thumb Code     0  libinit2.o(.ARM.Collect$$libinit$$00000011)
    __rt_lib_init_lc_ctype_1                 0x0000027b   Thumb Code     0  libinit2.o(.ARM.Collect$$libinit$$00000013)
    __rt_lib_init_lc_monetary_1              0x0000027b   Thumb Code     0  libinit2.o(.ARM.Collect$$libinit$$00000015)
    __rt_lib_init_lc_numeric_1               0x0000027b   Thumb Code     0  libinit2.o(.ARM.Collect$$libinit$$00000017)
    __rt_lib_init_lc_time_1                  0x0000027b   Thumb Code     0  libinit2.o(.ARM.Collect$$libinit$$00000019)
    __rt_lib_init_preinit_1                  0x0000027b   Thumb Code     0  libinit2.o(.ARM.Collect$$libinit$$00000004)
    __rt_lib_init_rand_1                     0x0000027b   Thumb Code     0  libinit2.o(.ARM.Collect$$libinit$$0000000E)
    __rt_lib_init_return                     0x0000027b   Thumb Code     0  libinit2.o(.ARM.Collect$$libinit$$00000033)
    __rt_lib_init_signal_1                   0x0000027b   Thumb Code     0  libinit2.o(.ARM.Collect$$libinit$$0000001D)
    __rt_lib_init_stdio_1                    0x0000027b   Thumb Code     0  libinit2.o(.ARM.Collect$$libinit$$00000025)
    __rt_lib_init_user_alloc_1               0x0000027b   Thumb Code     0  libinit2.o(.ARM.Collect$$libinit$$0000000C)
    __rt_lib_shutdown                        0x0000027d   Thumb Code     0  libshutdown.o(.ARM.Collect$$libshutdown$$00000000)
    __rt_lib_shutdown_cpp_1                  0x0000027f   Thumb Code     0  libshutdown2.o(.ARM.Collect$$libshutdown$$00000002)
    __rt_lib_shutdown_fp_trap_1              0x0000027f   Thumb Code     0  libshutdown2.o(.ARM.Collect$$libshutdown$$00000007)
    __rt_lib_shutdown_heap_1                 0x0000027f   Thumb Code     0  libshutdown2.o(.ARM.Collect$$libshutdown$$0000000F)
    __rt_lib_shutdown_return                 0x0000027f   Thumb Code     0  libshutdown2.o(.ARM.Collect$$libshutdown$$00000010)
    __rt_lib_shutdown_signal_1               0x0000027f   Thumb Code     0  libshutdown2.o(.ARM.Collect$$libshutdown$$0000000A)
    __rt_lib_shutdown_stdio_1                0x0000027f   Thumb Code     0  libshutdown2.o(.ARM.Collect$$libshutdown$$00000004)
    __rt_lib_shutdown_user_alloc_1           0x0000027f   Thumb Code     0  libshutdown2.o(.ARM.Collect$$libshutdown$$0000000C)
    __rt_entry                               0x00000281   Thumb Code     0  __rtentry.o(.ARM.Collect$$rtentry$$00000000)
    __rt_entry_presh_1                       0x00000281   Thumb Code     0  __rtentry2.o(.ARM.Collect$$rtentry$$00000002)
    __rt_entry_sh                            0x00000281   Thumb Code     0  __rtentry4.o(.ARM.Collect$$rtentry$$00000004)
    __rt_entry_li                            0x00000287   Thumb Code     0  __rtentry2.o(.ARM.Collect$$rtentry$$0000000A)
    __rt_entry_postsh_1                      0x00000287   Thumb Code     0  __rtentry2.o(.ARM.Collect$$rtentry$$00000009)
    __rt_entry_postli_1                      0x0000028b   Thumb Code     0  __rtentry2.o(.ARM.Collect$$rtentry$$0000000B)
    __rt_entry_main                          0x00000293   Thumb Code     0  __rtentry2.o(.ARM.Collect$$rtentry$$0000000D)
    __rt_exit                                0x0000029b   Thumb Code     0  rtexit.o(.ARM.Collect$$rtexit$$00000000)
    __rt_exit_ls                             0x0000029d   Thumb Code     0  rtexit2.o(.ARM.Collect$$rtexit$$00000003)
    __rt_exit_prels_1                        0x0000029d   Thumb Code     0  rtexit2.o(.ARM.Collect$$rtexit$$00000002)
    __rt_exit_exit                           0x000002a1   Thumb Code     0  rtexit2.o(.ARM.Collect$$rtexit$$00000004)
    _platform_post_lib_init                  0x000002a9   Thumb Code    24  rtx_conf_cm.o(.emb_text)
    rt_set_PSP                               0x000002c5   Thumb Code     6  hal_cm4.o(.emb_text)
    rt_get_PSP                               0x000002cb   Thumb Code     6  hal_cm4.o(.emb_text)
    os_set_env                               0x000002d1   Thumb Code    24  hal_cm4.o(.emb_text)
    _alloc_box                               0x000002ed   Thumb Code    28  hal_cm4.o(.emb_text)
    _free_box                                0x0000030d   Thumb Code    28  hal_cm4.o(.emb_text)
    SVC_Handler                              0x0000032d   Thumb Code   168  hal_cm4.o(.emb_text)
    PendSV_Handler                           0x000003e5   Thumb Code    96  hal_cm4.o(.emb_text)
    SysTick_Handler                          0x00000449   Thumb Code     8  hal_cm4.o(.emb_text)
    OS_Tick_Handler                          0x00000451   Thumb Code    12  hal_cm4.o(.emb_text)
    Reset_Handler                            0x0000045d   Thumb Code     8  startup_tm4c129.o(.text)
    NMI_Handler                              0x00000465   Thumb Code     2  startup_tm4c129.o(.text)
    HardFault_Handler                        0x00000467   Thumb Code     2  startup_tm4c129.o(.text)
    MemManage_Handler                        0x00000469   Thumb Code     2  startup_tm4c129.o(.text)
    BusFault_Handler                         0x0000046b   Thumb Code     2  startup_tm4c129.o(.text)
    UsageFault_Handler                       0x0000046d   Thumb Code     2  startup_tm4c129.o(.text)
    DebugMon_Handler                         0x00000471   Thumb Code     2  startup_tm4c129.o(.text)
    GPIOA_Handler                            0x00000477   Thumb Code     2  startup_tm4c129.o(.text)
    GPIOB_Handler                            0x00000479   Thumb Code     2  startup_tm4c129.o(.text)
    GPIOC_Handler                            0x0000047b   Thumb Code     2  startup_tm4c129.o(.text)
    GPIOD_Handler                            0x0000047d   Thumb Code     2  startup_tm4c129.o(.text)
    GPIOE_Handler                            0x0000047f   Thumb Code     2  startup_tm4c129.o(.text)
    UART0_Handler                            0x00000481   Thumb Code     2  startup_tm4c129.o(.text)
    UART1_Handler                            0x00000483   Thumb Code     2  startup_tm4c129.o(.text)
    __RL_RTX_VER                             0x00000482   Number         0  rt_system.o ABSOLUTE
    SSI0_Handler                             0x00000485   Thumb Code     2  startup_tm4c129.o(.text)
    I2C0_Handler                             0x00000487   Thumb Code     2  startup_tm4c129.o(.text)
    PMW0_FAULT_Handler                       0x00000489   Thumb Code     2  startup_tm4c129.o(.text)
    PWM0_0_Handler                           0x0000048b   Thumb Code     2  startup_tm4c129.o(.text)
    PWM0_1_Handler                           0x0000048d   Thumb Code     2  startup_tm4c129.o(.text)
    PWM0_2_Handler                           0x0000048f   Thumb Code     2  startup_tm4c129.o(.text)
    QEI0_Handler                             0x00000491   Thumb Code     2  startup_tm4c129.o(.text)
    ADC0SS0_Handler                          0x00000493   Thumb Code     2  startup_tm4c129.o(.text)
    ADC0SS1_Handler                          0x00000495   Thumb Code     2  startup_tm4c129.o(.text)
    ADC0SS2_Handler                          0x00000497   Thumb Code     2  startup_tm4c129.o(.text)
    ADC0SS3_Handler                          0x00000499   Thumb Code     2  startup_tm4c129.o(.text)
    WDT0_Handler                             0x0000049b   Thumb Code     2  startup_tm4c129.o(.text)
    TIMER0A_Handler                          0x0000049d   Thumb Code     2  startup_tm4c129.o(.text)
    TIMER0B_Handler                          0x0000049f   Thumb Code     2  startup_tm4c129.o(.text)
    TIMER1A_Handler                          0x000004a1   Thumb Code     2  startup_tm4c129.o(.text)
    TIMER1B_Handler                          0x000004a3   Thumb Code     2  startup_tm4c129.o(.text)
    TIMER2A_Handler                          0x000004a5   Thumb Code     2  startup_tm4c129.o(.text)
    TIMER2B_Handler                          0x000004a7   Thumb Code     2  startup_tm4c129.o(.text)
    COMP0_Handler                            0x000004a9   Thumb Code     2  startup_tm4c129.o(.text)
    COMP1_Handler                            0x000004ab   Thumb Code     2  startup_tm4c129.o(.text)
    COMP2_Handler                            0x000004ad   Thumb Code     2  startup_tm4c129.o(.text)
    SYSCTL_Handler                           0x000004af   Thumb Code     2  startup_tm4c129.o(.text)
    FLASH_Handler                            0x000004b1   Thumb Code     2  startup_tm4c129.o(.text)
    GPIOF_Handler                            0x000004b3   Thumb Code     2  startup_tm4c129.o(.text)
    GPIOG_Handler                            0x000004b5   Thumb Code     2  startup_tm4c129.o(.text)
    GPIOH_Handler                            0x000004b7   Thumb Code     2  startup_tm4c129.o(.text)
    UART2_Handler                            0x000004b9   Thumb Code     2  startup_tm4c129.o(.text)
    SSI1_Handler                             0x000004bb   Thumb Code     2  startup_tm4c129.o(.text)
    TIMER3A_Handler                          0x000004bd   Thumb Code     2  startup_tm4c129.o(.text)
    TIMER3B_Handler                          0x000004bf   Thumb Code     2  startup_tm4c129.o(.text)
    I2C1_Handler                             0x000004c1   Thumb Code     2  startup_tm4c129.o(.text)
    CAN0_Handler                             0x000004c3   Thumb Code     2  startup_tm4c129.o(.text)
    CAN1_Handler                             0x000004c5   Thumb Code     2  startup_tm4c129.o(.text)
    ETH_Handler                              0x000004c7   Thumb Code     2  startup_tm4c129.o(.text)
    HIB_Handler                              0x000004c9   Thumb Code     2  startup_tm4c129.o(.text)
    USB0_Handler                             0x000004cb   Thumb Code     2  startup_tm4c129.o(.text)
    PWM0_3_Handler                           0x000004cd   Thumb Code     2  startup_tm4c129.o(.text)
    UDMA_Handler                             0x000004cf   Thumb Code     2  startup_tm4c129.o(.text)
    UDMAERR_Handler                          0x000004d1   Thumb Code     2  startup_tm4c129.o(.text)
    ADC1SS0_Handler                          0x000004d3   Thumb Code     2  startup_tm4c129.o(.text)
    ADC1SS1_Handler                          0x000004d5   Thumb Code     2  startup_tm4c129.o(.text)
    ADC1SS2_Handler                          0x000004d7   Thumb Code     2  startup_tm4c129.o(.text)
    ADC1SS3_Handler                          0x000004d9   Thumb Code     2  startup_tm4c129.o(.text)
    EBI0_Handler                             0x000004db   Thumb Code     2  startup_tm4c129.o(.text)
    GPIOJ_Handler                            0x000004dd   Thumb Code     2  startup_tm4c129.o(.text)
    GPIOK_Handler                            0x000004df   Thumb Code     2  startup_tm4c129.o(.text)
    GPIOL_Handler                            0x000004e1   Thumb Code     2  startup_tm4c129.o(.text)
    SSI2_Handler                             0x000004e3   Thumb Code     2  startup_tm4c129.o(.text)
    SSI3_Handler                             0x000004e5   Thumb Code     2  startup_tm4c129.o(.text)
    UART3_Handler                            0x000004e7   Thumb Code     2  startup_tm4c129.o(.text)
    UART4_Handler                            0x000004e9   Thumb Code     2  startup_tm4c129.o(.text)
    UART5_Handler                            0x000004eb   Thumb Code     2  startup_tm4c129.o(.text)
    UART6_Handler                            0x000004ed   Thumb Code     2  startup_tm4c129.o(.text)
    UART7_Handler                            0x000004ef   Thumb Code     2  startup_tm4c129.o(.text)
    I2C2_Handler                             0x000004f1   Thumb Code     2  startup_tm4c129.o(.text)
    I2C3_Handler                             0x000004f3   Thumb Code     2  startup_tm4c129.o(.text)
    TIMER4A_Handler                          0x000004f5   Thumb Code     2  startup_tm4c129.o(.text)
    TIMER4B_Handler                          0x000004f7   Thumb Code     2  startup_tm4c129.o(.text)
    TIMER5A_Handler                          0x000004f9   Thumb Code     2  startup_tm4c129.o(.text)
    TIMER5B_Handler                          0x000004fb   Thumb Code     2  startup_tm4c129.o(.text)
    WTIMER0A_Handler                         0x000004fd   Thumb Code     2  startup_tm4c129.o(.text)
    WTIMER0B_Handler                         0x000004ff   Thumb Code     2  startup_tm4c129.o(.text)
    WTIMER1A_Handler                         0x00000501   Thumb Code     2  startup_tm4c129.o(.text)
    WTIMER1B_Handler                         0x00000503   Thumb Code     2  startup_tm4c129.o(.text)
    WTIMER2A_Handler                         0x00000505   Thumb Code     2  startup_tm4c129.o(.text)
    WTIMER2B_Handler                         0x00000507   Thumb Code     2  startup_tm4c129.o(.text)
    WTIMER3A_Handler                         0x00000509   Thumb Code     2  startup_tm4c129.o(.text)
    WTIMER3B_Handler                         0x0000050b   Thumb Code     2  startup_tm4c129.o(.text)
    WTIMER4A_Handler                         0x0000050d   Thumb Code     2  startup_tm4c129.o(.text)
    WTIMER4B_Handler                         0x0000050f   Thumb Code     2  startup_tm4c129.o(.text)
    WTIMER5A_Handler                         0x00000511   Thumb Code     2  startup_tm4c129.o(.text)
    WTIMER5B_Handler                         0x00000513   Thumb Code     2  startup_tm4c129.o(.text)
    FPU_Handler                              0x00000515   Thumb Code     2  startup_tm4c129.o(.text)
    I2C4_Handler                             0x00000517   Thumb Code     2  startup_tm4c129.o(.text)
    I2C5_Handler                             0x00000519   Thumb Code     2  startup_tm4c129.o(.text)
    GPIOM_Handler                            0x0000051b   Thumb Code     2  startup_tm4c129.o(.text)
    GPION_Handler                            0x0000051d   Thumb Code     2  startup_tm4c129.o(.text)
    TAMPER_Handler                           0x0000051f   Thumb Code     2  startup_tm4c129.o(.text)
    GPIOP0_Handler                           0x00000521   Thumb Code     2  startup_tm4c129.o(.text)
    GPIOP1_Handler                           0x00000523   Thumb Code     2  startup_tm4c129.o(.text)
    GPIOP2_Handler                           0x00000525   Thumb Code     2  startup_tm4c129.o(.text)
    GPIOP3_Handler                           0x00000527   Thumb Code     2  startup_tm4c129.o(.text)
    GPIOP4_Handler                           0x00000529   Thumb Code     2  startup_tm4c129.o(.text)
    GPIOP5_Handler                           0x0000052b   Thumb Code     2  startup_tm4c129.o(.text)
    GPIOP6_Handler                           0x0000052d   Thumb Code     2  startup_tm4c129.o(.text)
    GPIOP7_Handler                           0x0000052f   Thumb Code     2  startup_tm4c129.o(.text)
    GPIOQ0_Handler                           0x00000531   Thumb Code     2  startup_tm4c129.o(.text)
    GPIOQ1_Handler                           0x00000533   Thumb Code     2  startup_tm4c129.o(.text)
    GPIOQ2_Handler                           0x00000535   Thumb Code     2  startup_tm4c129.o(.text)
    GPIOQ3_Handler                           0x00000537   Thumb Code     2  startup_tm4c129.o(.text)
    GPIOQ4_Handler                           0x00000539   Thumb Code     2  startup_tm4c129.o(.text)
    GPIOQ5_Handler                           0x0000053b   Thumb Code     2  startup_tm4c129.o(.text)
    GPIOQ6_Handler                           0x0000053d   Thumb Code     2  startup_tm4c129.o(.text)
    GPIOQ7_Handler                           0x0000053f   Thumb Code     2  startup_tm4c129.o(.text)
    GPIOR_Handler                            0x00000541   Thumb Code     2  startup_tm4c129.o(.text)
    GPIOS_Handler                            0x00000543   Thumb Code     2  startup_tm4c129.o(.text)
    SHAMD5_Handler                           0x00000545   Thumb Code     2  startup_tm4c129.o(.text)
    AES_Handler                              0x00000547   Thumb Code     2  startup_tm4c129.o(.text)
    DES3DES_Handler                          0x00000549   Thumb Code     2  startup_tm4c129.o(.text)
    LCDCONTROLLER_Handler                    0x0000054b   Thumb Code     2  startup_tm4c129.o(.text)
    TIMER6A_Handler                          0x0000054d   Thumb Code     2  startup_tm4c129.o(.text)
    TIMER6B_Handler                          0x0000054f   Thumb Code     2  startup_tm4c129.o(.text)
    TIMER7A_Handler                          0x00000551   Thumb Code     2  startup_tm4c129.o(.text)
    TIMER7B_Handler                          0x00000553   Thumb Code     2  startup_tm4c129.o(.text)
    I2C6_Handler                             0x00000555   Thumb Code     2  startup_tm4c129.o(.text)
    I2C7_Handler                             0x00000557   Thumb Code     2  startup_tm4c129.o(.text)
    HIMSCANKEYBOARD_Handler                  0x00000559   Thumb Code     2  startup_tm4c129.o(.text)
    ONEWIRE_Handler                          0x0000055b   Thumb Code     2  startup_tm4c129.o(.text)
    HIMPS2_Handler                           0x0000055d   Thumb Code     2  startup_tm4c129.o(.text)
    HIMLEDSEQUENCER_Handler                  0x0000055f   Thumb Code     2  startup_tm4c129.o(.text)
    HIMCONSUMERIR_Handler                    0x00000561   Thumb Code     2  startup_tm4c129.o(.text)
    I2C8_Handler                             0x00000563   Thumb Code     2  startup_tm4c129.o(.text)
    I2C9_Handler                             0x00000565   Thumb Code     2  startup_tm4c129.o(.text)
    GPIOT_Handler                            0x00000567   Thumb Code     2  startup_tm4c129.o(.text)
    __user_initial_stackheap                 0x00000569   Thumb Code     0  startup_tm4c129.o(.text)
    __user_libspace                          0x00000589   Thumb Code     8  libspace.o(.text)
    __user_perproc_libspace                  0x00000589   Thumb Code     0  libspace.o(.text)
    exit                                     0x00000591   Thumb Code    18  exit.o(.text)
    __use_two_region_memory                  0x000005a3   Thumb Code     2  heapauxi.o(.text)
    __rt_heap_escrow$2region                 0x000005a5   Thumb Code     2  heapauxi.o(.text)
    __rt_heap_expand$2region                 0x000005a7   Thumb Code     2  heapauxi.o(.text)
    _sys_exit                                0x000005a9   Thumb Code     8  sys_exit.o(.text)
    __user_setup_stackheap                   0x000005b5   Thumb Code    74  sys_stackheap_outer.o(.text)
    __I$use$semihosting                      0x000005ff   Thumb Code     0  use_no_semi.o(.text)
    __use_no_semihosting_swi                 0x000005ff   Thumb Code     2  use_no_semi.o(.text)
    SVC_Count                                0x00000600   Data           4  svc_table.o(SVC_TABLE)
    __semihosting_library_function           0x00000601   Thumb Code     0  indicate_semi.o(.text)
    SVC_Table                                0x00000604   Data           0  svc_table.o(SVC_TABLE)
    SystemInit                               0x00000605   Thumb Code    20  system_tm4c129.o(i.SystemInit)
    _init_box                                0x00000625   Thumb Code    70  rt_membox.o(i._init_box)
    _mutex_acquire                           0x0000066d   Thumb Code    22  rtx_conf_cm.o(i._mutex_acquire)
    _mutex_release                           0x0000068d   Thumb Code    18  rtx_conf_cm.o(i._mutex_release)
    dbg_init                                 0x000006a9   Thumb Code    34  hal_cm.o(i.dbg_init)
    dbg_task_notify                          0x000006d9   Thumb Code    32  hal_cm.o(i.dbg_task_notify)
    dbg_task_switch                          0x000006f9   Thumb Code    16  hal_cm.o(i.dbg_task_switch)
    decodeHalfword                           0x00000709   Thumb Code    70  decode.o(i.decodeHalfword)
    decodeMessage                            0x00000755   Thumb Code    44  decode.o(i.decodeMessage)
    decodeWithKey                            0x00000781   Thumb Code    60  decode.o(i.decodeWithKey)
    getNextHalfword                          0x000007bd   Thumb Code    22  decode.o(i.getNextHalfword)
    getNextKeyIndex                          0x000007d3   Thumb Code     8  decode.o(i.getNextKeyIndex)
    isrMessageGet                            0x000007db   Thumb Code    42  rt_cmsis.o(i.isrMessageGet)
    isrMessagePut                            0x00000805   Thumb Code    44  rt_cmsis.o(i.isrMessagePut)
    isr_mbx_receive                          0x00000831   Thumb Code    86  rt_mailbox.o(i.isr_mbx_receive)
    isr_mbx_send                             0x00000887   Thumb Code    14  rt_mailbox.o(i.isr_mbx_send)
    main                                     0x00000895   Thumb Code    24  main.o(i.main)
    osKernelInitialize                       0x000008b1   Thumb Code    30  rt_cmsis.o(i.osKernelInitialize)
    osKernelStart                            0x000008d5   Thumb Code    98  rt_cmsis.o(i.osKernelStart)
    osMessageGet                             0x00000941   Thumb Code    18  rt_cmsis.o(i.osMessageGet)
    osThreadCreate                           0x00000959   Thumb Code    36  rt_cmsis.o(i.osThreadCreate)
    osThreadExit                             0x00000985   Thumb Code    14  rt_cmsis.o(i.osThreadExit)
    osTimerCall                              0x0000099d   Thumb Code     8  rt_cmsis.o(i.osTimerCall)
    osTimerThread                            0x000009a9   Thumb Code    38  rt_cmsis.o(i.osTimerThread)
    os_error                                 0x000009d5   Thumb Code    34  rtx_conf_cm.o(i.os_error)
    os_idle_demon                            0x000009f7   Thumb Code     4  rtx_conf_cm.o(i.os_idle_demon)
    os_tick_init                             0x000009fd   Thumb Code    32  rt_system.o(i.os_tick_init)
    os_tick_irqack                           0x00000a25   Thumb Code     2  rt_system.o(i.os_tick_irqack)
    rt_alloc_box                             0x00000a27   Thumb Code    26  rt_membox.o(i.rt_alloc_box)
    rt_alloc_mem                             0x00000a41   Thumb Code    62  rt_memory.o(i.rt_alloc_mem)
    rt_block                                 0x00000a81   Thumb Code    48  rt_task.o(i.rt_block)
    rt_chk_robin                             0x00000ab9   Thumb Code    60  rt_robin.o(i.rt_chk_robin)
    rt_dec_dly                               0x00000b01   Thumb Code   102  rt_list.o(i.rt_dec_dly)
    rt_dispatch                              0x00000b71   Thumb Code    60  rt_task.o(i.rt_dispatch)
    rt_evt_psh                               0x00000bb5   Thumb Code    76  rt_event.o(i.rt_evt_psh)
    rt_free_box                              0x00000c05   Thumb Code    44  rt_membox.o(i.rt_free_box)
    rt_free_mem                              0x00000c31   Thumb Code    40  rt_memory.o(i.rt_free_mem)
    rt_get_first                             0x00000c59   Thumb Code    40  rt_list.o(i.rt_get_first)
    rt_init_mem                              0x00000cd1   Thumb Code    26  rt_memory.o(i.rt_init_mem)
    rt_init_robin                            0x00000ced   Thumb Code    14  rt_robin.o(i.rt_init_robin)
    rt_init_stack                            0x00000d05   Thumb Code   118  hal_cm.o(i.rt_init_stack)
    rt_mbx_check                             0x00000d85   Thumb Code     8  rt_mailbox.o(i.rt_mbx_check)
    rt_mbx_init                              0x00000d8d   Thumb Code    26  rt_mailbox.o(i.rt_mbx_init)
    rt_mbx_psh                               0x00000da9   Thumb Code   236  rt_mailbox.o(i.rt_mbx_psh)
    rt_mbx_wait                              0x00000e99   Thumb Code   174  rt_mailbox.o(i.rt_mbx_wait)
    rt_mut_release                           0x00000f91   Thumb Code   208  rt_mutex.o(i.rt_mut_release)
    rt_mut_wait                              0x00001069   Thumb Code   114  rt_mutex.o(i.rt_mut_wait)
    rt_pop_req                               0x000010e1   Thumb Code   112  rt_system.o(i.rt_pop_req)
    rt_psh_req                               0x0000115d   Thumb Code    22  rt_system.o(i.rt_psh_req)
    rt_psq_enq                               0x0000117d   Thumb Code    88  rt_list.o(i.rt_psq_enq)
    rt_put_dly                               0x000011d9   Thumb Code    68  rt_list.o(i.rt_put_dly)
    rt_put_prio                              0x00001221   Thumb Code    54  rt_list.o(i.rt_put_prio)
    rt_put_rdy_first                         0x00001259   Thumb Code    14  rt_list.o(i.rt_put_rdy_first)
    rt_resort_prio                           0x0000126d   Thumb Code    46  rt_list.o(i.rt_resort_prio)
    rt_ret_val                               0x000012b1   Thumb Code    12  hal_cm.o(i.rt_ret_val)
    rt_ret_val2                              0x000012bd   Thumb Code    16  hal_cm.o(i.rt_ret_val2)
    rt_rmv_dly                               0x000012cd   Thumb Code    40  rt_list.o(i.rt_rmv_dly)
    rt_rmv_list                              0x000012f5   Thumb Code    44  rt_list.o(i.rt_rmv_list)
    rt_sem_psh                               0x00001325   Thumb Code    48  rt_semaphore.o(i.rt_sem_psh)
    rt_stk_check                             0x00001359   Thumb Code    28  rt_system.o(i.rt_stk_check)
    rt_switch_req                            0x0000137d   Thumb Code    30  rt_task.o(i.rt_switch_req)
    rt_sys_init                              0x000013a5   Thumb Code   138  rt_task.o(i.rt_sys_init)
    rt_sys_start                             0x00001471   Thumb Code   110  rt_task.o(i.rt_sys_start)
    rt_systick                               0x000014e9   Thumb Code    50  rt_system.o(i.rt_systick)
    rt_tsk_create                            0x00001571   Thumb Code   118  rt_task.o(i.rt_tsk_create)
    rt_tsk_delete                            0x000015f9   Thumb Code   352  rt_task.o(i.rt_tsk_delete)
    rt_tsk_prio                              0x00001775   Thumb Code   108  rt_task.o(i.rt_tsk_prio)
    rt_tsk_self                              0x000017f1   Thumb Code    12  rt_task.o(i.rt_tsk_self)
    svcKernelInitialize                      0x00001801   Thumb Code    80  rt_cmsis.o(i.svcKernelInitialize)
    svcKernelStart                           0x00001871   Thumb Code    62  rt_cmsis.o(i.svcKernelStart)
    svcMessageCreate                         0x000018b9   Thumb Code    36  rt_cmsis.o(i.svcMessageCreate)
    svcMessageGet                            0x000018dd   Thumb Code    58  rt_cmsis.o(i.svcMessageGet)
    svcThreadCreate                          0x00001919   Thumb Code    96  rt_cmsis.o(i.svcThreadCreate)
    svcThreadGetId                           0x00001985   Thumb Code    22  rt_cmsis.o(i.svcThreadGetId)
    svcThreadTerminate                       0x000019a1   Thumb Code    50  rt_cmsis.o(i.svcThreadTerminate)
    svcTimerCall                             0x000019d9   Thumb Code    24  rt_cmsis.o(i.svcTimerCall)
    sysTimerTick                             0x000019f1   Thumb Code    84  rt_cmsis.o(i.sysTimerTick)
    _fp_init                                 0x00001a4d   Thumb Code    10  fpinit.o(x$fpl$fpinit)
    __fplib_config_fpu_vfp                   0x00001a55   Thumb Code     0  fpinit.o(x$fpl$fpinit)
    __fplib_config_pureend_doubles           0x00001a55   Thumb Code     0  fpinit.o(x$fpl$fpinit)
    primes                                   0x00001a56   Data       12824  primes.o(.constdata)
    os_maxtaskrun                            0x00004c70   Data           2  rtx_conf_cm.o(.constdata)
    os_stackinfo                             0x00004c74   Data           4  rtx_conf_cm.o(.constdata)
    os_rrobin                                0x00004c78   Data           4  rtx_conf_cm.o(.constdata)
    os_tickfreq                              0x00004c7c   Data           4  rtx_conf_cm.o(.constdata)
    os_tickus_i                              0x00004c80   Data           2  rtx_conf_cm.o(.constdata)
    os_tickus_f                              0x00004c82   Data           2  rtx_conf_cm.o(.constdata)
    os_trv                                   0x00004c84   Data           4  rtx_conf_cm.o(.constdata)
    os_flags                                 0x00004c88   Data           1  rtx_conf_cm.o(.constdata)
    CMSIS_RTOS_API_Version                   0x00004c8c   Data           4  rtx_conf_cm.o(.constdata)
    CMSIS_RTOS_RTX_Version                   0x00004c90   Data           4  rtx_conf_cm.o(.constdata)
    os_clockrate                             0x00004c94   Data           4  rtx_conf_cm.o(.constdata)
    os_timernum                              0x00004c98   Data           4  rtx_conf_cm.o(.constdata)
    mp_tcb_size                              0x00004c9c   Data           2  rtx_conf_cm.o(.constdata)
    mp_stk_size                              0x00004ca0   Data           4  rtx_conf_cm.o(.constdata)
    os_stack_sz                              0x00004ca4   Data           4  rtx_conf_cm.o(.constdata)
    os_fifo_size                             0x00004ca8   Data           1  rtx_conf_cm.o(.constdata)
    os_thread_def_osTimerThread              0x00004cac   Data          16  rtx_conf_cm.o(.constdata)
    os_messageQ_def_osTimerMessageQ          0x00004cbc   Data           8  rtx_conf_cm.o(.constdata)
    mp_tmr_size                              0x00004cc4   Data           2  rtx_conf_cm.o(.constdata)
    os_thread_def_main                       0x00004cc8   Data          16  rtx_conf_cm.o(.constdata)
    Region$$Table$$Base                      0x00004cd8   Number         0  anon$$obj.o(Region$$Table)
    Region$$Table$$Limit                     0x00004cf8   Number         0  anon$$obj.o(Region$$Table)
    messages                                 0x20000000   Data         204  messages.o(.data)
    osThreadId_osTimerThread                 0x200000cc   Data           4  rtx_conf_cm.o(.data)
    osMessageQId_osTimerMessageQ             0x200000d0   Data           4  rtx_conf_cm.o(.data)
    os_tmr                                   0x200000d4   Data           4  rtx_conf_cm.o(.data)
    m_tmr                                    0x200000d8   Data           4  rtx_conf_cm.o(.data)
    SystemCoreClock                          0x200000e0   Data           4  system_tm4c129.o(.data)
    os_initialized                           0x200000e4   Data           1  rt_cmsis.o(.data)
    os_running                               0x200000e5   Data           1  rt_cmsis.o(.data)
    os_timer_head                            0x200000e8   Data           4  rt_cmsis.o(.data)
    os_tsk                                   0x200000ec   Data           8  rt_task.o(.data)
    os_tick_irqn                             0x200000f8   Data           4  rt_system.o(.data)
    os_time                                  0x200000fc   Data           4  rt_time.o(.data)
    os_robin                                 0x20000100   Data           8  rt_robin.o(.data)
    dbg_msg                                  0x20000108   Data           1  hal_cm.o(.data)
    mp_tcb                                   0x20000110   Data         376  rtx_conf_cm.o(.bss)
    mp_stk                                   0x20000288   Data        1216  rtx_conf_cm.o(.bss)
    os_stack_mem                             0x20000748   Data         432  rtx_conf_cm.o(.bss)
    os_fifo                                  0x200008f8   Data         132  rtx_conf_cm.o(.bss)
    os_active_TCB                            0x2000097c   Data          28  rtx_conf_cm.o(.bss)
    os_messageQ_q_osTimerMessageQ            0x20000998   Data          32  rtx_conf_cm.o(.bss)
    os_idle_TCB                              0x20000cd8   Data          52  rt_task.o(.bss)
    os_rdy                                   0x20000d0c   Data          24  rt_list.o(.bss)
    os_dly                                   0x20000d24   Data          24  rt_list.o(.bss)
    __libspace_start                         0x20000d3c   Data          96  libspace.o(.bss)
    __temporary_stack_top$libspace           0x20000d9c   Data           0  libspace.o(.bss)



==============================================================================

Memory Map of the image

  Image Entry point : 0x0000045d

  Load Region LR_1 (Base: 0x00000000, Size: 0x00004e04, Max: 0xffffffff, ABSOLUTE)

    Execution Region ER_RO (Exec base: 0x00000000, Load base: 0x00000000, Size: 0x00004cf8, Max: 0xffffffff, ABSOLUTE)

    Exec Addr    Load Addr    Size         Type   Attr      Idx    E Section Name        Object

    0x00000000   0x00000000   0x00000200   Data   RO          192    RESET               startup_tm4c129.o
    0x00000200   0x00000200   0x00000008   Code   RO         1460  * !!!main             c_w.l(__main.o)
    0x00000208   0x00000208   0x00000034   Code   RO         1621    !!!scatter          c_w.l(__scatter.o)
    0x0000023c   0x0000023c   0x0000001a   Code   RO         1623    !!handler_copy      c_w.l(__scatter_copy.o)
    0x00000256   0x00000256   0x00000002   PAD
    0x00000258   0x00000258   0x0000001c   Code   RO         1625    !!handler_zi        c_w.l(__scatter_zi.o)
    0x00000274   0x00000274   0x00000002   Code   RO         1507    .ARM.Collect$$libinit$$00000000  c_w.l(libinit.o)
    0x00000276   0x00000276   0x00000004   Code   RO         1518    .ARM.Collect$$libinit$$00000001  c_w.l(libinit2.o)
    0x0000027a   0x0000027a   0x00000000   Code   RO         1521    .ARM.Collect$$libinit$$00000004  c_w.l(libinit2.o)
    0x0000027a   0x0000027a   0x00000000   Code   RO         1524    .ARM.Collect$$libinit$$0000000A  c_w.l(libinit2.o)
    0x0000027a   0x0000027a   0x00000000   Code   RO         1526    .ARM.Collect$$libinit$$0000000C  c_w.l(libinit2.o)
    0x0000027a   0x0000027a   0x00000000   Code   RO         1528    .ARM.Collect$$libinit$$0000000E  c_w.l(libinit2.o)
    0x0000027a   0x0000027a   0x00000000   Code   RO         1531    .ARM.Collect$$libinit$$00000011  c_w.l(libinit2.o)
    0x0000027a   0x0000027a   0x00000000   Code   RO         1533    .ARM.Collect$$libinit$$00000013  c_w.l(libinit2.o)
    0x0000027a   0x0000027a   0x00000000   Code   RO         1535    .ARM.Collect$$libinit$$00000015  c_w.l(libinit2.o)
    0x0000027a   0x0000027a   0x00000000   Code   RO         1537    .ARM.Collect$$libinit$$00000017  c_w.l(libinit2.o)
    0x0000027a   0x0000027a   0x00000000   Code   RO         1539    .ARM.Collect$$libinit$$00000019  c_w.l(libinit2.o)
    0x0000027a   0x0000027a   0x00000000   Code   RO         1541    .ARM.Collect$$libinit$$0000001B  c_w.l(libinit2.o)
    0x0000027a   0x0000027a   0x00000000   Code   RO         1543    .ARM.Collect$$libinit$$0000001D  c_w.l(libinit2.o)
    0x0000027a   0x0000027a   0x00000000   Code   RO         1545    .ARM.Collect$$libinit$$0000001F  c_w.l(libinit2.o)
    0x0000027a   0x0000027a   0x00000000   Code   RO         1547    .ARM.Collect$$libinit$$00000021  c_w.l(libinit2.o)
    0x0000027a   0x0000027a   0x00000000   Code   RO         1549    .ARM.Collect$$libinit$$00000023  c_w.l(libinit2.o)
    0x0000027a   0x0000027a   0x00000000   Code   RO         1551    .ARM.Collect$$libinit$$00000025  c_w.l(libinit2.o)
    0x0000027a   0x0000027a   0x00000000   Code   RO         1555    .ARM.Collect$$libinit$$0000002C  c_w.l(libinit2.o)
    0x0000027a   0x0000027a   0x00000000   Code   RO         1557    .ARM.Collect$$libinit$$0000002E  c_w.l(libinit2.o)
    0x0000027a   0x0000027a   0x00000000   Code   RO         1559    .ARM.Collect$$libinit$$00000030  c_w.l(libinit2.o)
    0x0000027a   0x0000027a   0x00000000   Code   RO         1561    .ARM.Collect$$libinit$$00000032  c_w.l(libinit2.o)
    0x0000027a   0x0000027a   0x00000002   Code   RO         1562    .ARM.Collect$$libinit$$00000033  c_w.l(libinit2.o)
    0x0000027c   0x0000027c   0x00000002   Code   RO         1508    .ARM.Collect$$libshutdown$$00000000  c_w.l(libshutdown.o)
    0x0000027e   0x0000027e   0x00000000   Code   RO         1564    .ARM.Collect$$libshutdown$$00000002  c_w.l(libshutdown2.o)
    0x0000027e   0x0000027e   0x00000000   Code   RO         1566    .ARM.Collect$$libshutdown$$00000004  c_w.l(libshutdown2.o)
    0x0000027e   0x0000027e   0x00000000   Code   RO         1569    .ARM.Collect$$libshutdown$$00000007  c_w.l(libshutdown2.o)
    0x0000027e   0x0000027e   0x00000000   Code   RO         1572    .ARM.Collect$$libshutdown$$0000000A  c_w.l(libshutdown2.o)
    0x0000027e   0x0000027e   0x00000000   Code   RO         1574    .ARM.Collect$$libshutdown$$0000000C  c_w.l(libshutdown2.o)
    0x0000027e   0x0000027e   0x00000000   Code   RO         1577    .ARM.Collect$$libshutdown$$0000000F  c_w.l(libshutdown2.o)
    0x0000027e   0x0000027e   0x00000002   Code   RO         1578    .ARM.Collect$$libshutdown$$00000010  c_w.l(libshutdown2.o)
    0x00000280   0x00000280   0x00000000   Code   RO         1462    .ARM.Collect$$rtentry$$00000000  c_w.l(__rtentry.o)
    0x00000280   0x00000280   0x00000000   Code   RO         1470    .ARM.Collect$$rtentry$$00000002  c_w.l(__rtentry2.o)
    0x00000280   0x00000280   0x00000006   Code   RO         1482    .ARM.Collect$$rtentry$$00000004  c_w.l(__rtentry4.o)
    0x00000286   0x00000286   0x00000000   Code   RO         1472    .ARM.Collect$$rtentry$$00000009  c_w.l(__rtentry2.o)
    0x00000286   0x00000286   0x00000004   Code   RO         1473    .ARM.Collect$$rtentry$$0000000A  c_w.l(__rtentry2.o)
    0x0000028a   0x0000028a   0x00000008   Code   RO         1474    .ARM.Collect$$rtentry$$0000000B  c_w.l(__rtentry2.o)
    0x00000292   0x00000292   0x00000008   Code   RO         1476    .ARM.Collect$$rtentry$$0000000D  c_w.l(__rtentry2.o)
    0x0000029a   0x0000029a   0x00000002   Code   RO         1463    .ARM.Collect$$rtexit$$00000000  c_w.l(rtexit.o)
    0x0000029c   0x0000029c   0x00000000   Code   RO         1485    .ARM.Collect$$rtexit$$00000002  c_w.l(rtexit2.o)
    0x0000029c   0x0000029c   0x00000004   Code   RO         1486    .ARM.Collect$$rtexit$$00000003  c_w.l(rtexit2.o)
    0x000002a0   0x000002a0   0x00000006   Code   RO         1487    .ARM.Collect$$rtexit$$00000004  c_w.l(rtexit2.o)
    0x000002a6   0x000002a6   0x00000002   PAD
    0x000002a8   0x000002a8   0x0000001c   Code   RO          132    .emb_text           rtx_conf_cm.o
    0x000002c4   0x000002c4   0x00000198   Code   RO         1436    .emb_text           RTX_CM4.lib(hal_cm4.o)
    0x0000045c   0x0000045c   0x0000012c   Code   RO          193  * .text               startup_tm4c129.o
    0x00000588   0x00000588   0x00000008   Code   RO         1451    .text               c_w.l(libspace.o)
    0x00000590   0x00000590   0x00000012   Code   RO         1456    .text               c_w.l(exit.o)
    0x000005a2   0x000005a2   0x00000006   Code   RO         1458    .text               c_w.l(heapauxi.o)
    0x000005a8   0x000005a8   0x0000000c   Code   RO         1493    .text               c_w.l(sys_exit.o)
    0x000005b4   0x000005b4   0x0000004a   Code   RO         1495    .text               c_w.l(sys_stackheap_outer.o)
    0x000005fe   0x000005fe   0x00000002   Code   RO         1509    .text               c_w.l(use_no_semi.o)
    0x00000600   0x00000600   0x00000000   Code   RO         1511    .text               c_w.l(indicate_semi.o)
    0x00000600   0x00000600   0x00000004   Code   RO         1446    SVC_TABLE           RTX_CM4.lib(svc_table.o)
    0x00000604   0x00000604   0x00000020   Code   RO          201    i.SystemInit        system_tm4c129.o
    0x00000624   0x00000624   0x00000046   Code   RO         1330    i._init_box         RTX_CM4.lib(rt_membox.o)
    0x0000066a   0x0000066a   0x00000002   PAD
    0x0000066c   0x0000066c   0x00000020   Code   RO          134    i._mutex_acquire    rtx_conf_cm.o
    0x0000068c   0x0000068c   0x0000001c   Code   RO          136    i._mutex_release    rtx_conf_cm.o
    0x000006a8   0x000006a8   0x00000030   Code   RO         1383    i.dbg_init          RTX_CM4.lib(hal_cm.o)
    0x000006d8   0x000006d8   0x00000020   Code   RO         1384    i.dbg_task_notify   RTX_CM4.lib(hal_cm.o)
    0x000006f8   0x000006f8   0x00000010   Code   RO         1385    i.dbg_task_switch   RTX_CM4.lib(hal_cm.o)
    0x00000708   0x00000708   0x0000004c   Code   RO           74    i.decodeHalfword    decode.o
    0x00000754   0x00000754   0x0000002c   Code   RO           75    i.decodeMessage     decode.o
    0x00000780   0x00000780   0x0000003c   Code   RO           76    i.decodeWithKey     decode.o
    0x000007bc   0x000007bc   0x00000016   Code   RO           77    i.getNextHalfword   decode.o
    0x000007d2   0x000007d2   0x00000008   Code   RO           78    i.getNextKeyIndex   decode.o
    0x000007da   0x000007da   0x0000002a   Code   RO          236    i.isrMessageGet     RTX_CM4.lib(rt_cmsis.o)
    0x00000804   0x00000804   0x0000002c   Code   RO          237    i.isrMessagePut     RTX_CM4.lib(rt_cmsis.o)
    0x00000830   0x00000830   0x00000056   Code   RO         1185    i.isr_mbx_receive   RTX_CM4.lib(rt_mailbox.o)
    0x00000886   0x00000886   0x0000000e   Code   RO         1186    i.isr_mbx_send      RTX_CM4.lib(rt_mailbox.o)
    0x00000894   0x00000894   0x0000001c   Code   RO            4    i.main              main.o
    0x000008b0   0x000008b0   0x00000024   Code   RO          241    i.osKernelInitialize  RTX_CM4.lib(rt_cmsis.o)
    0x000008d4   0x000008d4   0x0000006c   Code   RO          243    i.osKernelStart     RTX_CM4.lib(rt_cmsis.o)
    0x00000940   0x00000940   0x00000018   Code   RO          252    i.osMessageGet      RTX_CM4.lib(rt_cmsis.o)
    0x00000958   0x00000958   0x0000002c   Code   RO          269    i.osThreadCreate    RTX_CM4.lib(rt_cmsis.o)
    0x00000984   0x00000984   0x00000018   Code   RO          270    i.osThreadExit      RTX_CM4.lib(rt_cmsis.o)
    0x0000099c   0x0000099c   0x0000000c   Code   RO          276    i.osTimerCall       RTX_CM4.lib(rt_cmsis.o)
    0x000009a8   0x000009a8   0x0000002c   Code   RO          281    i.osTimerThread     RTX_CM4.lib(rt_cmsis.o)
    0x000009d4   0x000009d4   0x00000022   Code   RO          137    i.os_error          rtx_conf_cm.o
    0x000009f6   0x000009f6   0x00000004   Code   RO          138    i.os_idle_demon     rtx_conf_cm.o
    0x000009fa   0x000009fa   0x00000002   PAD
    0x000009fc   0x000009fc   0x00000028   Code   RO          977    i.os_tick_init      RTX_CM4.lib(rt_system.o)
    0x00000a24   0x00000a24   0x00000002   Code   RO          978    i.os_tick_irqack    RTX_CM4.lib(rt_system.o)
    0x00000a26   0x00000a26   0x0000001a   Code   RO         1331    i.rt_alloc_box      RTX_CM4.lib(rt_membox.o)
    0x00000a40   0x00000a40   0x0000003e   Code   RO         1359    i.rt_alloc_mem      RTX_CM4.lib(rt_memory.o)
    0x00000a7e   0x00000a7e   0x00000002   PAD
    0x00000a80   0x00000a80   0x00000038   Code   RO          858    i.rt_block          RTX_CM4.lib(rt_task.o)
    0x00000ab8   0x00000ab8   0x00000048   Code   RO         1308    i.rt_chk_robin      RTX_CM4.lib(rt_robin.o)
    0x00000b00   0x00000b00   0x00000070   Code   RO         1109    i.rt_dec_dly        RTX_CM4.lib(rt_list.o)
    0x00000b70   0x00000b70   0x00000044   Code   RO          859    i.rt_dispatch       RTX_CM4.lib(rt_task.o)
    0x00000bb4   0x00000bb4   0x00000050   Code   RO         1070    i.rt_evt_psh        RTX_CM4.lib(rt_event.o)
    0x00000c04   0x00000c04   0x0000002c   Code   RO         1332    i.rt_free_box       RTX_CM4.lib(rt_membox.o)
    0x00000c30   0x00000c30   0x00000028   Code   RO         1360    i.rt_free_mem       RTX_CM4.lib(rt_memory.o)
    0x00000c58   0x00000c58   0x00000028   Code   RO         1110    i.rt_get_first      RTX_CM4.lib(rt_list.o)
    0x00000c80   0x00000c80   0x00000008   Code   RO          286    i.rt_id2obj         RTX_CM4.lib(rt_cmsis.o)
    0x00000c88   0x00000c88   0x00000048   Code   RO          860    i.rt_init_context   RTX_CM4.lib(rt_task.o)
    0x00000cd0   0x00000cd0   0x0000001a   Code   RO         1361    i.rt_init_mem       RTX_CM4.lib(rt_memory.o)
    0x00000cea   0x00000cea   0x00000002   PAD
    0x00000cec   0x00000cec   0x00000018   Code   RO         1309    i.rt_init_robin     RTX_CM4.lib(rt_robin.o)
    0x00000d04   0x00000d04   0x00000080   Code   RO         1386    i.rt_init_stack     RTX_CM4.lib(hal_cm.o)
    0x00000d84   0x00000d84   0x00000008   Code   RO         1187    i.rt_mbx_check      RTX_CM4.lib(rt_mailbox.o)
    0x00000d8c   0x00000d8c   0x0000001a   Code   RO         1188    i.rt_mbx_init       RTX_CM4.lib(rt_mailbox.o)
    0x00000da6   0x00000da6   0x00000002   PAD
    0x00000da8   0x00000da8   0x000000f0   Code   RO         1189    i.rt_mbx_psh        RTX_CM4.lib(rt_mailbox.o)
    0x00000e98   0x00000e98   0x000000b4   Code   RO         1191    i.rt_mbx_wait       RTX_CM4.lib(rt_mailbox.o)
    0x00000f4c   0x00000f4c   0x00000044   Code   RO          287    i.rt_ms2tick        RTX_CM4.lib(rt_cmsis.o)
    0x00000f90   0x00000f90   0x000000d8   Code   RO          944    i.rt_mut_release    RTX_CM4.lib(rt_mutex.o)
    0x00001068   0x00001068   0x00000078   Code   RO          945    i.rt_mut_wait       RTX_CM4.lib(rt_mutex.o)
    0x000010e0   0x000010e0   0x0000007c   Code   RO          981    i.rt_pop_req        RTX_CM4.lib(rt_system.o)
    0x0000115c   0x0000115c   0x00000020   Code   RO          982    i.rt_psh_req        RTX_CM4.lib(rt_system.o)
    0x0000117c   0x0000117c   0x0000005c   Code   RO         1112    i.rt_psq_enq        RTX_CM4.lib(rt_list.o)
    0x000011d8   0x000011d8   0x00000048   Code   RO         1113    i.rt_put_dly        RTX_CM4.lib(rt_list.o)
    0x00001220   0x00001220   0x00000036   Code   RO         1114    i.rt_put_prio       RTX_CM4.lib(rt_list.o)
    0x00001256   0x00001256   0x00000002   PAD
    0x00001258   0x00001258   0x00000014   Code   RO         1115    i.rt_put_rdy_first  RTX_CM4.lib(rt_list.o)
    0x0000126c   0x0000126c   0x00000034   Code   RO         1116    i.rt_resort_prio    RTX_CM4.lib(rt_list.o)
    0x000012a0   0x000012a0   0x00000010   Code   RO         1387    i.rt_ret_regs       RTX_CM4.lib(hal_cm.o)
    0x000012b0   0x000012b0   0x0000000c   Code   RO         1388    i.rt_ret_val        RTX_CM4.lib(hal_cm.o)
    0x000012bc   0x000012bc   0x00000010   Code   RO         1389    i.rt_ret_val2       RTX_CM4.lib(hal_cm.o)
    0x000012cc   0x000012cc   0x00000028   Code   RO         1117    i.rt_rmv_dly        RTX_CM4.lib(rt_list.o)
    0x000012f4   0x000012f4   0x00000030   Code   RO         1118    i.rt_rmv_list       RTX_CM4.lib(rt_list.o)
    0x00001324   0x00001324   0x00000034   Code   RO         1236    i.rt_sem_psh        RTX_CM4.lib(rt_semaphore.o)
    0x00001358   0x00001358   0x00000024   Code   RO          984    i.rt_stk_check      RTX_CM4.lib(rt_system.o)
    0x0000137c   0x0000137c   0x00000028   Code   RO          861    i.rt_switch_req     RTX_CM4.lib(rt_task.o)
    0x000013a4   0x000013a4   0x000000cc   Code   RO          862    i.rt_sys_init       RTX_CM4.lib(rt_task.o)
    0x00001470   0x00001470   0x00000078   Code   RO          863    i.rt_sys_start      RTX_CM4.lib(rt_task.o)
    0x000014e8   0x000014e8   0x00000040   Code   RO          986    i.rt_systick        RTX_CM4.lib(rt_system.o)
    0x00001528   0x00001528   0x00000012   Code   RO          288    i.rt_tid2ptcb       RTX_CM4.lib(rt_cmsis.o)
    0x0000153a   0x0000153a   0x00000002   PAD
    0x0000153c   0x0000153c   0x00000034   Code   RO          289    i.rt_timer_insert   RTX_CM4.lib(rt_cmsis.o)
    0x00001570   0x00001570   0x00000088   Code   RO          864    i.rt_tsk_create     RTX_CM4.lib(rt_task.o)
    0x000015f8   0x000015f8   0x0000017c   Code   RO          865    i.rt_tsk_delete     RTX_CM4.lib(rt_task.o)
    0x00001774   0x00001774   0x0000007c   Code   RO          867    i.rt_tsk_prio       RTX_CM4.lib(rt_task.o)
    0x000017f0   0x000017f0   0x00000010   Code   RO          868    i.rt_tsk_self       RTX_CM4.lib(rt_task.o)
    0x00001800   0x00001800   0x00000070   Code   RO          292    i.svcKernelInitialize  RTX_CM4.lib(rt_cmsis.o)
    0x00001870   0x00001870   0x00000048   Code   RO          294    i.svcKernelStart    RTX_CM4.lib(rt_cmsis.o)
    0x000018b8   0x000018b8   0x00000024   Code   RO          297    i.svcMessageCreate  RTX_CM4.lib(rt_cmsis.o)
    0x000018dc   0x000018dc   0x0000003a   Code   RO          298    i.svcMessageGet     RTX_CM4.lib(rt_cmsis.o)
    0x00001916   0x00001916   0x00000002   PAD
    0x00001918   0x00001918   0x0000006c   Code   RO          312    i.svcThreadCreate   RTX_CM4.lib(rt_cmsis.o)
    0x00001984   0x00001984   0x0000001c   Code   RO          313    i.svcThreadGetId    RTX_CM4.lib(rt_cmsis.o)
    0x000019a0   0x000019a0   0x00000038   Code   RO          316    i.svcThreadTerminate  RTX_CM4.lib(rt_cmsis.o)
    0x000019d8   0x000019d8   0x00000018   Code   RO          318    i.svcTimerCall      RTX_CM4.lib(rt_cmsis.o)
    0x000019f0   0x000019f0   0x0000005c   Code   RO          327    i.sysTimerTick      RTX_CM4.lib(rt_cmsis.o)
    0x00001a4c   0x00001a4c   0x0000000a   Code   RO         1585    x$fpl$fpinit        fz_wm.l(fpinit.o)
    0x00001a56   0x00001a56   0x00003218   Data   RO          123    .constdata          primes.o
    0x00004c6e   0x00004c6e   0x00000002   PAD
    0x00004c70   0x00004c70   0x00000068   Data   RO          140    .constdata          rtx_conf_cm.o
    0x00004cd8   0x00004cd8   0x00000020   Data   RO         1619    Region$$Table       anon$$obj.o


    Execution Region ER_RW (Exec base: 0x20000000, Load base: 0x00004cf8, Size: 0x0000010c, Max: 0xffffffff, ABSOLUTE)

    Exec Addr    Load Addr    Size         Type   Attr      Idx    E Section Name        Object

    0x20000000   0x00004cf8   0x000000cc   Data   RW          114    .data               messages.o
    0x200000cc   0x00004dc4   0x00000014   Data   RW          141    .data               rtx_conf_cm.o
    0x200000e0   0x00004dd8   0x00000004   Data   RW          202    .data               system_tm4c129.o
    0x200000e4   0x00004ddc   0x00000008   Data   RW          330    .data               RTX_CM4.lib(rt_cmsis.o)
    0x200000ec   0x00004de4   0x00000008   Data   RW          870    .data               RTX_CM4.lib(rt_task.o)
    0x200000f4   0x00004dec   0x00000008   Data   RW          989    .data               RTX_CM4.lib(rt_system.o)
    0x200000fc   0x00004df4   0x00000004   Data   RW         1279    .data               RTX_CM4.lib(rt_time.o)
    0x20000100   0x00004df8   0x00000008   Data   RW         1310    .data               RTX_CM4.lib(rt_robin.o)
    0x20000108   0x00004e00   0x00000001   Data   RW         1390    .data               RTX_CM4.lib(hal_cm.o)


    Execution Region ER_ZI (Exec base: 0x2000010c, Load base: 0x00004e04, Size: 0x00000e94, Max: 0xffffffff, ABSOLUTE)

    Exec Addr    Load Addr    Size         Type   Attr      Idx    E Section Name        Object

    0x2000010c   0x00004e04   0x00000004   PAD
    0x20000110        -       0x00000bc8   Zero   RW          139    .bss                rtx_conf_cm.o
    0x20000cd8        -       0x00000034   Zero   RW          869    .bss                RTX_CM4.lib(rt_task.o)
    0x20000d0c        -       0x00000030   Zero   RW         1119    .bss                RTX_CM4.lib(rt_list.o)
    0x20000d3c        -       0x00000060   Zero   RW         1452    .bss                c_w.l(libspace.o)
    0x20000d9c   0x00004e04   0x00000004   PAD
    0x20000da0        -       0x00000000   Zero   RW          191    HEAP                startup_tm4c129.o
    0x20000da0        -       0x00000200   Zero   RW          190    STACK               startup_tm4c129.o


==============================================================================

Image component sizes


      Code (inc. data)   RO Data    RW Data    ZI Data      Debug   Object Name

       210          6          0          0          0       3906   decode.o
        28          4          0          0          0       5099   main.o
         0          0          0        204          0        663   messages.o
         0          0      12824          0          0        649   primes.o
       126         26        104         20       3016       9755   rtx_conf_cm.o
       300         22        512          0        512       6064   startup_tm4c129.o
        32         12          0          4          0        839   system_tm4c129.o

    ----------------------------------------------------------------------
       698         70      13474        228       3528      26975   Object Totals
         0          0         32          0          0          0   (incl. Generated)
         2          0          2          0          0          0   (incl. Padding)

    ----------------------------------------------------------------------

      Code (inc. data)   RO Data    RW Data    ZI Data      Debug   Library Member Name

       268         24          0          1          0       4472   hal_cm.o
       408         34          0          0          0        816   hal_cm4.o
      1110        138          0          8          0      34689   rt_cmsis.o
        80          4          0          0          0        701   rt_event.o
       530         34          0          0         48       8601   rt_list.o
       554         10          0          0          0       4189   rt_mailbox.o
       140          0          0          0          0       2045   rt_membox.o
       128          0          0          0          0       2419   rt_memory.o
       336         14          0          0          0       1727   rt_mutex.o
        96         22          0          8          0       1230   rt_robin.o
        52          4          0          0          0        613   rt_semaphore.o
       298         52          0          8          0       6439   rt_system.o
      1216        174          0          8         52      10045   rt_task.o
         0          0          0          4          0        210   rt_time.o
         4          4          0          0          0        200   svc_table.o
         8          0          0          0          0         68   __main.o
         0          0          0          0          0          0   __rtentry.o
        20          0          0          0          0          0   __rtentry2.o
         6          0          0          0          0          0   __rtentry4.o
        52          8          0          0          0          0   __scatter.o
        26          0          0          0          0          0   __scatter_copy.o
        28          0          0          0          0          0   __scatter_zi.o
        18          0          0          0          0         80   exit.o
         6          0          0          0          0        152   heapauxi.o
         0          0          0          0          0          0   indicate_semi.o
         2          0          0          0          0          0   libinit.o
         6          0          0          0          0          0   libinit2.o
         2          0          0          0          0          0   libshutdown.o
         2          0          0          0          0          0   libshutdown2.o
         8          4          0          0         96         68   libspace.o
         2          0          0          0          0          0   rtexit.o
        10          0          0          0          0          0   rtexit2.o
        12          4          0          0          0         68   sys_exit.o
        74          0          0          0          0         80   sys_stackheap_outer.o
         2          0          0          0          0         68   use_no_semi.o
        10          0          0          0          0        116   fpinit.o

    ----------------------------------------------------------------------
      5532        530          0         40        204      79096   Library Totals
        18          0          0          3          8          0   (incl. Padding)

    ----------------------------------------------------------------------

      Code (inc. data)   RO Data    RW Data    ZI Data      Debug   Library Name

      5220        514          0         37        100      78396   RTX_CM4.lib
       284         16          0          0         96        584   c_w.l
        10          0          0          0          0        116   fz_wm.l

    ----------------------------------------------------------------------
      5532        530          0         40        204      79096   Library Totals

    ----------------------------------------------------------------------

==============================================================================


      Code (inc. data)   RO Data    RW Data    ZI Data      Debug   

      6230        600      13474        268       3732      98415   Grand Totals
      6230        600      13474        268       3732      98415   ELF Image Totals
      6230        600      13474        268          0          0   ROM Totals

==============================================================================

    Total RO  Size (Code + RO Data)                19704 (  19.24kB)
    Total RW  Size (RW Data + ZI Data)              4000 (   3.91kB)
    Total ROM Size (Code + RO Data + RW Data)      19972 (  19.50kB)

==============================================================================

