Component: ARM Compiler 5.06 update 6 (build 750) Tool: armlink [4d35ed]

==============================================================================

Section Cross References

    exemplotiva.o(.text) refers to cfaf128x128x16.o(.text) for cfaf128x128x16Init
    exemplotiva.o(.text) refers to buttons.o(.text) for button_init
    exemplotiva.o(.text) refers to utils.o(.text) for SysTick_Init
    exemplotiva.o(.text) refers to context.o(i.GrContextInit) for GrContextInit
    exemplotiva.o(.text) refers to string.o(i.GrContextFontSet) for GrContextFontSet
    exemplotiva.o(.text) refers to cfaf128x128x16.o(.constdata) for g_sCfaf128x128x16
    exemplotiva.o(.text) refers to exemplotiva.o(.bss) for .bss
    exemplotiva.o(.text) refers to fontfixed6x8.o(.constdata) for g_sFontFixed6x8
    exemplotiva.o(.text) refers to exemplotiva.o(.data) for .data
    exemplotiva.o(.text) refers to exemplotiva.o(.constdata) for .constdata
    exemplotiva.o(.constdata) refers to airplane.o(.constdata) for airplane_image
    exemplotiva.o(.constdata) refers to buffalo.o(.constdata) for buffalo_image
    exemplotiva.o(.constdata) refers to bus.o(.constdata) for bus_image
    exemplotiva.o(.constdata) refers to car.o(.constdata) for car_image
    buttons.o(.text) refers to sysctl.o(i.SysCtlPeripheralEnable) for SysCtlPeripheralEnable
    buttons.o(.text) refers to sysctl.o(i.SysCtlPeripheralReady) for SysCtlPeripheralReady
    buttons.o(.text) refers to gpio.o(i.GPIOPinTypeGPIOInput) for GPIOPinTypeGPIOInput
    buttons.o(.text) refers to gpio.o(i.GPIOPinRead) for GPIOPinRead
    cfaf128x128x16.o(.text) refers to cfaf128x128x16.o(.data) for .data
    cfaf128x128x16.o(.text) refers to sysctl.o(i.SysCtlClockFreqSet) for SysCtlClockFreqSet
    cfaf128x128x16.o(.constdata) refers to cfaf128x128x16.o(.text) for cfaf128x128x16PixelDraw
    opt.o(.text) refers to i2c.o(i.I2CMasterSlaveAddrSet) for I2CMasterSlaveAddrSet
    opt.o(.text) refers to i2c.o(i.I2CMasterDataPut) for I2CMasterDataPut
    opt.o(.text) refers to i2c.o(i.I2CMasterBusBusy) for I2CMasterBusBusy
    opt.o(.text) refers to sysctl.o(.emb_text) for SysCtlDelay
    opt.o(.text) refers to i2c.o(i.I2CMasterControl) for I2CMasterControl
    opt.o(.text) refers to i2c.o(i.I2CMasterBusy) for I2CMasterBusy
    opt.o(.text) refers to i2c.o(i.I2CMasterErr) for I2CMasterErr
    opt.o(.text) refers to i2c.o(i.I2CMasterDataGet) for I2CMasterDataGet
    opt.o(.text) refers to i2c.o(i.I2CMasterBurstLengthSet) for I2CMasterBurstLengthSet
    opt.o(.text) refers to i2c.o(i.I2CMasterIntClearEx) for I2CMasterIntClearEx
    opt.o(.text) refers to i2c.o(i.I2CMasterIntClear) for I2CMasterIntClear
    opt.o(.text) refers to opt.o(.data) for .data
    opt.o(.text) refers to sysctl.o(i.SysCtlClockFreqSet) for SysCtlClockFreqSet
    opt.o(.text) refers to sysctl.o(i.SysCtlPeripheralEnable) for SysCtlPeripheralEnable
    opt.o(.text) refers to sysctl.o(i.SysCtlPeripheralReset) for SysCtlPeripheralReset
    opt.o(.text) refers to sysctl.o(i.SysCtlPeripheralReady) for SysCtlPeripheralReady
    opt.o(.text) refers to gpio.o(i.GPIOPinTypeGPIOInput) for GPIOPinTypeGPIOInput
    opt.o(.text) refers to gpio.o(i.GPIOPinConfigure) for GPIOPinConfigure
    opt.o(.text) refers to gpio.o(i.GPIOPinTypeI2CSCL) for GPIOPinTypeI2CSCL
    opt.o(.text) refers to gpio.o(i.GPIOPinTypeI2C) for GPIOPinTypeI2C
    opt.o(.text) refers to i2c.o(i.I2CMasterTimeoutSet) for I2CMasterTimeoutSet
    opt.o(.text) refers to i2c.o(i.I2CMasterGlitchFilterConfigSet) for I2CMasterGlitchFilterConfigSet
    opt.o(.text) refers to i2c.o(i.I2CMasterInitExpClk) for I2CMasterInitExpClk
    opt.o(.text) refers to i2c.o(i.I2CMasterIntEnableEx) for I2CMasterIntEnableEx
    opt.o(.text) refers to i2c.o(i.I2CIntRegister) for I2CIntRegister
    opt.o(.text) refers to interrupt.o(i.IntEnable) for IntEnable
    opt.o(.text) refers to i2c.o(i.I2CMasterEnable) for I2CMasterEnable
    rgb.o(.text) refers to pwm.o(i.PWMOutputState) for PWMOutputState
    rgb.o(.text) refers to pwm.o(i.PWMGenPeriodGet) for PWMGenPeriodGet
    rgb.o(.text) refers to pwm.o(i.PWMPulseWidthSet) for PWMPulseWidthSet
    rgb.o(.text) refers to sysctl.o(i.SysCtlClockFreqSet) for SysCtlClockFreqSet
    rgb.o(.text) refers to sysctl.o(i.SysCtlPeripheralEnable) for SysCtlPeripheralEnable
    rgb.o(.text) refers to sysctl.o(i.SysCtlPeripheralReady) for SysCtlPeripheralReady
    rgb.o(.text) refers to pwm.o(i.PWMGenDisable) for PWMGenDisable
    rgb.o(.text) refers to gpio.o(i.GPIOPinTypePWM) for GPIOPinTypePWM
    rgb.o(.text) refers to pwm.o(i.PWMClockSet) for PWMClockSet
    rgb.o(.text) refers to gpio.o(i.GPIOPinConfigure) for GPIOPinConfigure
    rgb.o(.text) refers to pwm.o(i.PWMGenConfigure) for PWMGenConfigure
    rgb.o(.text) refers to pwm.o(i.PWMGenPeriodSet) for PWMGenPeriodSet
    rgb.o(.text) refers to pwm.o(i.PWMGenEnable) for PWMGenEnable
    rgb.o(.text) refers to rgb.o(.data) for .data
[...]
    .ARM.Collect$$libinit$$00000025          0x0000027a   Section        0  libinit2.o(.ARM.Collect$$libinit$$00000025)
    .ARM.Collect$$libinit$$0000002C          0x0000027a   Section        0  libinit2.o(.ARM.Collect$$libinit$$0000002C)
    .ARM.Collect$$libinit$$0000002E          0x0000027a   Section        0  libinit2.o(.ARM.Collect$$libinit$$0000002E)
    .ARM.Collect$$libinit$$00000030          0x0000027a   Section        0  libinit2.o(.ARM.Collect$$libinit$$00000030)
    .ARM.Collect$$libinit$$00000032          0x0000027a   Section        0  libinit2.o(.ARM.Collect$$libinit$$00000032)
    .ARM.Collect$$libinit$$00000033          0x0000027a   Section        2  libinit2.o(.ARM.Collect$$libinit$$00000033)
    .ARM.Collect$$libshutdown$$00000000      0x0000027c   Section        2  libshutdown.o(.ARM.Collect$$libshutdown$$00000000)
    .ARM.Collect$$libshutdown$$00000002      0x0000027e   Section        0  libshutdown2.o(.ARM.Collect$$libshutdown$$00000002)
    .ARM.Collect$$libshutdown$$00000004      0x0000027e   Section        0  libshutdown2.o(.ARM.Collect$$libshutdown$$00000004)
    .ARM.Collect$$libshutdown$$00000007      0x0000027e   Section        0  libshutdown2.o(.ARM.Collect$$libshutdown$$00000007)
    .ARM.Collect$$libshutdown$$0000000A      0x0000027e   Section        0  libshutdown2.o(.ARM.Collect$$libshutdown$$0000000A)
    .ARM.Collect$$libshutdown$$0000000C      0x0000027e   Section        0  libshutdown2.o(.ARM.Collect$$libshutdown$$0000000C)
    .ARM.Collect$$libshutdown$$0000000F      0x0000027e   Section        0  libshutdown2.o(.ARM.Collect$$libshutdown$$0000000F)
    .ARM.Collect$$libshutdown$$00000010      0x0000027e   Section        2  libshutdown2.o(.ARM.Collect$$libshutdown$$00000010)
    .ARM.Collect$$rtentry$$00000000          0x00000280   Section        0  __rtentry.o(.ARM.Collect$$rtentry$$00000000)
    .ARM.Collect$$rtentry$$00000002          0x00000280   Section        0  __rtentry2.o(.ARM.Collect$$rtentry$$00000002)
    .ARM.Collect$$rtentry$$00000004          0x00000280   Section        6  __rtentry4.o(.ARM.Collect$$rtentry$$00000004)
    .ARM.Collect$$rtentry$$00000009          0x00000286   Section        0  __rtentry2.o(.ARM.Collect$$rtentry$$00000009)
    .ARM.Collect$$rtentry$$0000000A          0x00000286   Section        4  __rtentry2.o(.ARM.Collect$$rtentry$$0000000A)
    .ARM.Collect$$rtentry$$0000000B          0x0000028a   Section        8  __rtentry2.o(.ARM.Collect$$rtentry$$0000000B)
    .ARM.Collect$$rtentry$$0000000D          0x00000292   Section        8  __rtentry2.o(.ARM.Collect$$rtentry$$0000000D)
    .ARM.Collect$$rtexit$$00000000           0x0000029a   Section        2  rtexit.o(.ARM.Collect$$rtexit$$00000000)
    .ARM.Collect$$rtexit$$00000002           0x0000029c   Section        0  rtexit2.o(.ARM.Collect$$rtexit$$00000002)
    .ARM.Collect$$rtexit$$00000003           0x0000029c   Section        4  rtexit2.o(.ARM.Collect$$rtexit$$00000003)
    .ARM.Collect$$rtexit$$00000004           0x000002a0   Section        6  rtexit2.o(.ARM.Collect$$rtexit$$00000004)
    .emb_text                                0x000002a8   Section       28  rtx_conf_cm.o(.emb_text)
    $v0                                      0x000002a8   Number         0  rtx_conf_cm.o(.emb_text)
    .emb_text                                0x000002c4   Section      408  hal_cm4.o(.emb_text)
    $v0                                      0x000002c4   Number         0  hal_cm4.o(.emb_text)
    .text                                    0x0000045c   Section        0  exemplotiva.o(.text)
    .text                                    0x000005c8   Section      468  utils.o(.text)
    $v0                                      0x000005c8   Number         0  utils.o(.text)
    .text                                    0x0000079c   Section        0  buttons.o(.text)
    .text                                    0x000007f8   Section        0  cfaf128x128x16.o(.text)
    swap_ui16                                0x000007f9   Thumb Code    10  cfaf128x128x16.o(.text)
    swap_i32                                 0x00000803   Thumb Code    10  cfaf128x128x16.o(.text)
    cfaf128x128x16SsiTransfer                0x0000080d   Thumb Code    46  cfaf128x128x16.o(.text)
    cfaf128x128x16WriteCommand               0x0000083b   Thumb Code    56  cfaf128x128x16.o(.text)
    cfaf128x128x16WriteData                  0x00000873   Thumb Code    70  cfaf128x128x16.o(.text)
    cfaf128x128x16WriteRegister              0x000008b9   Thumb Code    16  cfaf128x128x16.o(.text)
    cfaf128x128x16SetWindow                  0x000008c9   Thumb Code   192  cfaf128x128x16.o(.text)
    cfaf128x128x16PixelDraw                  0x00000a29   Thumb Code    10  cfaf128x128x16.o(.text)
    cfaf128x128x16PixelDrawMultiple          0x00000a33   Thumb Code   360  cfaf128x128x16.o(.text)
    cfaf128x128x16LineDrawH                  0x00000b9b   Thumb Code    46  cfaf128x128x16.o(.text)
    cfaf128x128x16LineDrawV                  0x00000bc9   Thumb Code    60  cfaf128x128x16.o(.text)
    cfaf128x128x16RectFill                   0x00000c05   Thumb Code    80  cfaf128x128x16.o(.text)
    cfaf128x128x16ColorTranslate             0x00000c55   Thumb Code    22  cfaf128x128x16.o(.text)
    cfaf128x128x16Flush                      0x00000c6b   Thumb Code     2  cfaf128x128x16.o(.text)
    .text                                    0x00000ef4   Section        0  rtx_conf_cm.o(.text)
    __tagsym$$used                           0x00000f3b   Number         0  rtx_conf_cm.o(.text)
    __tagsym$$used                           0x00000f51   Number         0  rtx_conf_cm.o(.text)
    .text                                    0x00000f80   Section      300  startup_tm4c129.o(.text)
    $v0                                      0x00000f80   Number         0  startup_tm4c129.o(.text)
    .text                                    0x000010ac   Section        0  system_tm4c129.o(.text)
    .text                                    0x000010d4   Section        8  libspace.o(.text)
    .text                                    0x000010dc   Section        0  exit.o(.text)
    .text                                    0x000010ee   Section        0  heapauxi.o(.text)
    .text                                    0x000010f4   Section        0  sys_exit.o(.text)
    .text                                    0x00001100   Section       74  sys_stackheap_outer.o(.text)
    .text                                    0x0000114a   Section        2  use_no_semi.o(.text)
    .text                                    0x0000114c   Section        0  indicate_semi.o(.text)
    SVC_TABLE                                0x0000114c   Section        4  svc_table.o(SVC_TABLE)
    i.GPIODirModeSet                         0x00001150   Section        0  gpio.o(i.GPIODirModeSet)
    i.GPIOPadConfigSet                       0x00001178   Section        0  gpio.o(i.GPIOPadConfigSet)
    i.GPIOPinRead                            0x000012b0   Section        0  gpio.o(i.GPIOPinRead)
    i.GPIOPinTypeGPIOInput                   0x000012b6   Section        0  gpio.o(i.GPIOPinTypeGPIOInput)
    i.GrContextFontSet                       0x000012d2   Section        0  string.o(i.GrContextFontSet)
    i.GrContextInit                          0x000012d8   Section        0  context.o(i.GrContextInit)
    i.GrDefaultStringRenderer                0x0000133c   Section        0  string.o(i.GrDefaultStringRenderer)
    i.GrFontGlyphDataGet                     0x00001454   Section        0  string.o(i.GrFontGlyphDataGet)
    i.GrFontGlyphRender                      0x000014fa   Section        0  string.o(i.GrFontGlyphRender)
    i.GrMapISO8859_1_Unicode                 0x00001782   Section        0  charmap.o(i.GrMapISO8859_1_Unicode)
    i.SysCtlClockFreqSet                     0x0000178c   Section        0  sysctl.o(i.SysCtlClockFreqSet)
    i.SysCtlPeripheralEnable                 0x00001a78   Section        0  sysctl.o(i.SysCtlPeripheralEnable)
    i.SysCtlPeripheralReady                  0x00001aa0   Section        0  sysctl.o(i.SysCtlPeripheralReady)
    i.UpdateContextCharMapping               0x00001acc   Section        0  string.o(i.UpdateContextCharMapping)
    UpdateContextCharMapping                 0x00001acd   Thumb Code   108  string.o(i.UpdateContextCharMapping)
    i._init_box                              0x00001b38   Section        0  rt_membox.o(i._init_box)
    i.dbg_init                               0x00001b80   Section        0  hal_cm.o(i.dbg_init)
    i.dbg_task_notify                        0x00001bb0   Section        0  hal_cm.o(i.dbg_task_notify)
    i.dbg_task_switch                        0x00001bd0   Section        0  hal_cm.o(i.dbg_task_switch)
    i.isrMessageGet                          0x00001be0   Section        0  rt_cmsis.o(i.isrMessageGet)
    i.isrMessagePut                          0x00001c0a   Section        0  rt_cmsis.o(i.isrMessagePut)
    i.isr_mbx_receive                        0x00001c38   Section        0  rt_mailbox.o(i.isr_mbx_receive)
    i.isr_mbx_send                           0x00001c8e   Section        0  rt_mailbox.o(i.isr_mbx_send)
    i.osKernelInitialize                     0x00001c9c   Section        0  rt_cmsis.o(i.osKernelInitialize)
    i.osKernelStart                          0x00001cc0   Section        0  rt_cmsis.o(i.osKernelStart)
    i.osMessageGet                           0x00001d2c   Section        0  rt_cmsis.o(i.osMessageGet)
    i.osThreadCreate                         0x00001d44   Section        0  rt_cmsis.o(i.osThreadCreate)
    i.osThreadExit                           0x00001d70   Section        0  rt_cmsis.o(i.osThreadExit)
    i.osTimerCall                            0x00001d88   Section        0  rt_cmsis.o(i.osTimerCall)
    i.osTimerThread                          0x00001d94   Section        0  rt_cmsis.o(i.osTimerThread)
    i.os_tick_init                           0x00001dc0   Section        0  rt_system.o(i.os_tick_init)
    i.os_tick_irqack                         0x00001de8   Section        0  rt_system.o(i.os_tick_irqack)
    i.rt_alloc_box                           0x00001dea   Section        0  rt_membox.o(i.rt_alloc_box)
    i.rt_alloc_mem                           0x00001e04   Section        0  rt_memory.o(i.rt_alloc_mem)
    i.rt_block                               0x00001e44   Section        0  rt_task.o(i.rt_block)
    i.rt_chk_robin                           0x00001e7c   Section        0  rt_robin.o(i.rt_chk_robin)
    i.rt_dec_dly                             0x00001ec4   Section        0  rt_list.o(i.rt_dec_dly)
    i.rt_dispatch                            0x00001f34   Section        0  rt_task.o(i.rt_dispatch)
    i.rt_evt_psh                             0x00001f78   Section        0  rt_event.o(i.rt_evt_psh)
    i.rt_free_box                            0x00001fc8   Section        0  rt_membox.o(i.rt_free_box)
    i.rt_free_mem                            0x00001ff4   Section        0  rt_memory.o(i.rt_free_mem)
    i.rt_get_first                           0x0000201c   Section        0  rt_list.o(i.rt_get_first)
    i.rt_id2obj                              0x00002044   Section        0  rt_cmsis.o(i.rt_id2obj)
    rt_id2obj                                0x00002045   Thumb Code     8  rt_cmsis.o(i.rt_id2obj)
    i.rt_init_context                        0x0000204c   Section        0  rt_task.o(i.rt_init_context)
    rt_init_context                          0x0000204d   Thumb Code    66  rt_task.o(i.rt_init_context)
    i.rt_init_mem                            0x00002094   Section        0  rt_memory.o(i.rt_init_mem)
    i.rt_init_robin                          0x000020b0   Section        0  rt_robin.o(i.rt_init_robin)
    i.rt_init_stack                          0x000020c8   Section        0  hal_cm.o(i.rt_init_stack)
    i.rt_mbx_check                           0x00002148   Section        0  rt_mailbox.o(i.rt_mbx_check)
    i.rt_mbx_init                            0x00002150   Section        0  rt_mailbox.o(i.rt_mbx_init)
    i.rt_mbx_psh                             0x0000216c   Section        0  rt_mailbox.o(i.rt_mbx_psh)
    i.rt_mbx_wait                            0x0000225c   Section        0  rt_mailbox.o(i.rt_mbx_wait)
    i.rt_ms2tick                             0x00002310   Section        0  rt_cmsis.o(i.rt_ms2tick)
    rt_ms2tick                               0x00002311   Thumb Code    58  rt_cmsis.o(i.rt_ms2tick)
    i.rt_mut_init                            0x00002354   Section        0  rt_mutex.o(i.rt_mut_init)
    i.rt_mut_release                         0x00002364   Section        0  rt_mutex.o(i.rt_mut_release)
    i.rt_mut_wait                            0x0000243c   Section        0  rt_mutex.o(i.rt_mut_wait)
    i.rt_pop_req                             0x000024b4   Section        0  rt_system.o(i.rt_pop_req)
    i.rt_psh_req                             0x00002530   Section        0  rt_system.o(i.rt_psh_req)
    i.rt_psq_enq                             0x00002550   Section        0  rt_list.o(i.rt_psq_enq)
    i.rt_put_dly                             0x000025ac   Section        0  rt_list.o(i.rt_put_dly)
    i.rt_put_prio                            0x000025f4   Section        0  rt_list.o(i.rt_put_prio)
    i.rt_put_rdy_first                       0x0000262c   Section        0  rt_list.o(i.rt_put_rdy_first)
    i.rt_resort_prio                         0x00002640   Section        0  rt_list.o(i.rt_resort_prio)
    i.rt_ret_regs                            0x00002674   Section        0  hal_cm.o(i.rt_ret_regs)
    rt_ret_regs                              0x00002675   Thumb Code    16  hal_cm.o(i.rt_ret_regs)
    i.rt_ret_val                             0x00002684   Section        0  hal_cm.o(i.rt_ret_val)
    i.rt_ret_val2                            0x00002690   Section        0  hal_cm.o(i.rt_ret_val2)
    i.rt_rmv_dly                             0x000026a0   Section        0  rt_list.o(i.rt_rmv_dly)
    i.rt_rmv_list                            0x000026c8   Section        0  rt_list.o(i.rt_rmv_list)
    i.rt_sem_psh                             0x000026f8   Section        0  rt_semaphore.o(i.rt_sem_psh)
    i.rt_stk_check                           0x0000272c   Section        0  rt_system.o(i.rt_stk_check)
    i.rt_switch_req                          0x00002750   Section        0  rt_task.o(i.rt_switch_req)
    i.rt_sys_init                            0x00002778   Section        0  rt_task.o(i.rt_sys_init)
    i.rt_sys_start                           0x00002844   Section        0  rt_task.o(i.rt_sys_start)
    i.rt_systick                             0x000028bc   Section        0  rt_system.o(i.rt_systick)
    i.rt_tid2ptcb                            0x000028fc   Section        0  rt_cmsis.o(i.rt_tid2ptcb)
    rt_tid2ptcb                              0x000028fd   Thumb Code    18  rt_cmsis.o(i.rt_tid2ptcb)
    i.rt_timer_insert                        0x00002910   Section        0  rt_cmsis.o(i.rt_timer_insert)
    rt_timer_insert                          0x00002911   Thumb Code    48  rt_cmsis.o(i.rt_timer_insert)
    i.rt_tsk_create                          0x00002944   Section        0  rt_task.o(i.rt_tsk_create)
    i.rt_tsk_delete                          0x000029cc   Section        0  rt_task.o(i.rt_tsk_delete)
    i.rt_tsk_prio                            0x00002b48   Section        0  rt_task.o(i.rt_tsk_prio)
    i.rt_tsk_self                            0x00002bc4   Section        0  rt_task.o(i.rt_tsk_self)
    i.svcKernelInitialize                    0x00002bd4   Section        0  rt_cmsis.o(i.svcKernelInitialize)
    i.svcKernelStart                         0x00002c44   Section        0  rt_cmsis.o(i.svcKernelStart)
    i.svcMessageCreate                       0x00002c8c   Section        0  rt_cmsis.o(i.svcMessageCreate)
    i.svcMessageGet                          0x00002cb0   Section        0  rt_cmsis.o(i.svcMessageGet)
    i.svcThreadCreate                        0x00002cec   Section        0  rt_cmsis.o(i.svcThreadCreate)
    i.svcThreadGetId                         0x00002d58   Section        0  rt_cmsis.o(i.svcThreadGetId)
    i.svcThreadTerminate                     0x00002d74   Section        0  rt_cmsis.o(i.svcThreadTerminate)
    i.svcTimerCall                           0x00002dac   Section        0  rt_cmsis.o(i.svcTimerCall)
    i.sysTimerTick                           0x00002dc4   Section        0  rt_cmsis.o(i.sysTimerTick)
    x$fpl$fpinit                             0x00002e20   Section       10  fpinit.o(x$fpl$fpinit)
    $v0                                      0x00002e20   Number         0  fpinit.o(x$fpl$fpinit)
    .constdata                               0x00002e2c   Section       16  exemplotiva.o(.constdata)
    .constdata                               0x00002e3c   Section     1536  airplane.o(.constdata)
    .constdata                               0x0000343c   Section     1536  buffalo.o(.constdata)
    .constdata                               0x00003a3c   Section     1536  bus.o(.constdata)
    .constdata                               0x0000403c   Section     1536  car.o(.constdata)
    .constdata                               0x0000463c   Section       40  cfaf128x128x16.o(.constdata)
    .constdata                               0x00004664   Section        2  rtx_conf_cm.o(.constdata)
    .constdata                               0x00004668   Section        4  rtx_conf_cm.o(.constdata)
    .constdata                               0x0000466c   Section        4  rtx_conf_cm.o(.constdata)
    .constdata                               0x00004670   Section        4  rtx_conf_cm.o(.constdata)
    .constdata                               0x00004674   Section        1  rtx_conf_cm.o(.constdata)
    .constdata                               0x00004678   Section       16  rtx_conf_cm.o(.constdata)
    __tagsym$$used                           0x00004678   Number         0  rtx_conf_cm.o(.constdata)
    __tagsym$$used                           0x0000467c   Number         0  rtx_conf_cm.o(.constdata)
    __tagsym$$used                           0x00004680   Number         0  rtx_conf_cm.o(.constdata)
    __tagsym$$used                           0x00004684   Number         0  rtx_conf_cm.o(.constdata)
    .constdata                               0x00004688   Section        2  rtx_conf_cm.o(.constdata)
    .constdata                               0x0000468c   Section        4  rtx_conf_cm.o(.constdata)
    .constdata                               0x00004690   Section        4  rtx_conf_cm.o(.constdata)
    .constdata                               0x00004694   Section        1  rtx_conf_cm.o(.constdata)
    .constdata                               0x00004698   Section       16  rtx_conf_cm.o(.constdata)
    .constdata                               0x000046a8   Section        8  rtx_conf_cm.o(.constdata)
    .constdata                               0x000046b0   Section        2  rtx_conf_cm.o(.constdata)
    .constdata                               0x000046b4   Section       16  rtx_conf_cm.o(.constdata)
    .constdata                               0x000046c4   Section      596  sysctl.o(.constdata)
    g_pui32VCOFrequencies                    0x000046c4   Data           8  sysctl.o(.constdata)
    g_pui32Xtals                             0x000046cc   Data         108  sysctl.o(.constdata)
    g_pppui32XTALtoVCO                       0x00004738   Data         432  sysctl.o(.constdata)
    g_sXTALtoMEMTIM                          0x000048e8   Data          48  sysctl.o(.constdata)
    .constdata                               0x00004918   Section       16  context.o(.constdata)
    .constdata                               0x00004928   Section      760  fontfixed6x8.o(.constdata)
    g_pui8FontFixed6x8Data                   0x00004928   Data         760  fontfixed6x8.o(.constdata)
    .constdata                               0x00004c20   Section      200  fontfixed6x8.o(.constdata)
    .data                                    0x20000000   Section        4  exemplotiva.o(.data)
    .data                                    0x20000004   Section        8  cfaf128x128x16.o(.data)
    _orientation                             0x20000004   Data           1  cfaf128x128x16.o(.data)
    g_ui32SysClock                           0x20000008   Data           4  cfaf128x128x16.o(.data)
    .data                                    0x2000000c   Section        4  rtx_conf_cm.o(.data)
    .data                                    0x20000010   Section        4  rtx_conf_cm.o(.data)
    .data                                    0x20000014   Section        4  rtx_conf_cm.o(.data)
    .data                                    0x20000018   Section        4  rtx_conf_cm.o(.data)
    nr_mutex                                 0x20000018   Data           4  rtx_conf_cm.o(.data)
    .data                                    0x2000001c   Section        4  system_tm4c129.o(.data)
    .data                                    0x20000020   Section        4  context.o(.data)
    g_psGrLibDefaults                        0x20000020   Data           4  context.o(.data)
    .data                                    0x20000024   Section        8  rt_cmsis.o(.data)
    .data                                    0x2000002c   Section        8  rt_task.o(.data)
    .data                                    0x20000034   Section        8  rt_system.o(.data)
    os_lock                                  0x20000034   Data           1  rt_system.o(.data)
    os_psh_flag                              0x20000035   Data           1  rt_system.o(.data)
    pend_flags                               0x20000036   Data           1  rt_system.o(.data)
    .data                                    0x2000003c   Section        4  rt_time.o(.data)
    .data                                    0x20000040   Section        8  rt_robin.o(.data)
    .data                                    0x20000048   Section        1  hal_cm.o(.data)
    .bss                                     0x2000004c   Section       44  exemplotiva.o(.bss)
    .bss                                     0x20000078   Section       32  rtx_conf_cm.o(.bss)
    .bss                                     0x20000098   Section      480  rtx_conf_cm.o(.bss)
    .bss                                     0x20000278   Section     6416  rtx_conf_cm.o(.bss)
    .bss                                     0x20001b88   Section     1032  rtx_conf_cm.o(.bss)
    .bss                                     0x20001f90   Section      132  rtx_conf_cm.o(.bss)
    .bss                                     0x20002014   Section       36  rtx_conf_cm.o(.bss)
    .bss                                     0x20002038   Section      992  rtx_conf_cm.o(.bss)
    std_libspace                             0x20002038   Data         864  rtx_conf_cm.o(.bss)
    std_libmutex                             0x20002398   Data         128  rtx_conf_cm.o(.bss)
    .bss                                     0x20002418   Section       52  rt_task.o(.bss)
    .bss                                     0x2000244c   Section       48  rt_list.o(.bss)
    .bss                                     0x2000247c   Section       96  libspace.o(.bss)
    HEAP                                     0x200024e0   Section        0  startup_tm4c129.o(HEAP)
    STACK                                    0x200024e0   Section      512  startup_tm4c129.o(STACK)
    Heap_Mem                                 0x200024e0   Data           0  startup_tm4c129.o(HEAP)
    Stack_Mem                                0x200024e0   Data         512  startup_tm4c129.o(STACK)
    __initial_sp                             0x200026e0   Data           0  startup_tm4c129.o(STACK)

    Global Symbols

    Symbol Name                              Value     Ov Type        Size  Object(Section)

    BuildAttributes$$THM_ISAv4$E$P$D$K$B$S$7EM$VFPi3$EXTD16$VFPS$VFMA$PE$A:L22UL41UL21$X:L11$S22US41US21$IEEE1$IW$USESV6$~STKCKD$USESV7$~SHL$OTIME$ROPI$EBA8$UX$STANDARDLIB$REQ8$PRES8$EABIv2 0x00000000   Number         0  anon$$obj.o ABSOLUTE
    __ARM_use_no_argv                        0x00000000   Number         0  exemplotiva.o ABSOLUTE
    __Vectors                                0x00000000   Data           4  startup_tm4c129.o(RESET)
    __ARM_exceptions_init                     - Undefined Weak Reference
    __alloca_initialize                       - Undefined Weak Reference
    __arm_preinit_                            - Undefined Weak Reference
    __cpp_initialize__aeabi_                  - Undefined Weak Reference
    __cxa_finalize                            - Undefined Weak Reference
    __rt_locale                               - Undefined Weak Reference
    __sigvec_lookup                           - Undefined Weak Reference
    _atexit_init                              - Undefined Weak Reference
    _call_atexit_fns                          - Undefined Weak Reference
    _clock_init                               - Undefined Weak Reference
    _fp_trap_init                             - Undefined Weak Reference
    _fp_trap_shutdown                         - Undefined Weak Reference
    _get_lc_collate                           - Undefined Weak Reference
    _get_lc_ctype                             - Undefined Weak Reference
    _get_lc_monetary                          - Undefined Weak Reference
    _get_lc_numeric                           - Undefined Weak Reference
    _get_lc_time                              - Undefined Weak Reference
    _getenv_init                              - Undefined Weak Reference
    _handle_redirection                       - Undefined Weak Reference
    _init_alloc                               - Undefined Weak Reference
    _init_user_alloc                          - Undefined Weak Reference
    _initio                                   - Undefined Weak Reference
    _rand_init                                - Undefined Weak Reference
    _signal_finish                            - Undefined Weak Reference
    _signal_init                              - Undefined Weak Reference
    _terminate_alloc                          - Undefined Weak Reference
    _terminate_user_alloc                     - Undefined Weak Reference
    _terminateio                              - Undefined Weak Reference
    __Vectors_End                            0x00000200   Data           0  startup_tm4c129.o(RESET)
    __Vectors_Size                           0x00000200   Number         0  startup_tm4c129.o ABSOLUTE
    __main                                   0x00000201   Thumb Code     8  __main.o(!!!main)
    __scatterload                            0x00000209   Thumb Code     0  __scatter.o(!!!scatter)
    __scatterload_rt2                        0x00000209   Thumb Code    44  __scatter.o(!!!scatter)
    __scatterload_rt2_thumb_only             0x00000209   Thumb Code     0  __scatter.o(!!!scatter)
    __scatterload_null                       0x00000217   Thumb Code     0  __scatter.o(!!!scatter)
    __scatterload_copy                       0x0000023d   Thumb Code    26  __scatter_copy.o(!!handler_copy)
    __scatterload_zeroinit                   0x00000259   Thumb Code    28  __scatter_zi.o(!!handler_zi)
    __rt_lib_init                            0x00000275   Thumb Code     0  libinit.o(.ARM.Collect$$libinit$$00000000)
    __rt_lib_init_fp_1                       0x00000277   Thumb Code     0  libinit2.o(.ARM.Collect$$libinit$$00000001)
    __rt_lib_init_alloca_1                   0x0000027b   Thumb Code     0  libinit2.o(.ARM.Collect$$libinit$$0000002E)
    __rt_lib_init_argv_1                     0x0000027b   Thumb Code     0  libinit2.o(.ARM.Collect$$libinit$$0000002C)
    __rt_lib_init_atexit_1                   0x0000027b   Thumb Code     0  libinit2.o(.ARM.Collect$$libinit$$0000001B)
    __rt_lib_init_clock_1                    0x0000027b   Thumb Code     0  libinit2.o(.ARM.Collect$$libinit$$00000021)
    __rt_lib_init_cpp_1                      0x0000027b   Thumb Code     0  libinit2.o(.ARM.Collect$$libinit$$00000032)
    __rt_lib_init_exceptions_1               0x0000027b   Thumb Code     0  libinit2.o(.ARM.Collect$$libinit$$00000030)
    __rt_lib_init_fp_trap_1                  0x0000027b   Thumb Code     0  libinit2.o(.ARM.Collect$$libinit$$0000001F)
    __rt_lib_init_getenv_1                   0x0000027b   Thumb Code     0  libinit2.o(.ARM.Collect$$libinit$$00000023)
    __rt_lib_init_heap_1                     0x0000027b   Thumb Code     0  libinit2.o(.ARM.Collect$$libinit$$0000000A)
    __rt_lib_init_lc_collate_1               0x0000027b   Thumb Code     0  libinit2.o(.ARM.Collect$$libinit$$00000011)
    __rt_lib_init_lc_ctype_1                 0x0000027b   Thumb Code     0  libinit2.o(.ARM.Collect$$libinit$$00000013)
    __rt_lib_init_lc_monetary_1              0x0000027b   Thumb Code     0  libinit2.o(.ARM.Collect$$libinit$$00000015)
    __rt_lib_init_lc_numeric_1               0x0000027b   Thumb Code     0  libinit2.o(.ARM.Collect$$libinit$$00000017)
    __rt_lib_init_lc_time_1                  0x0000027b   Thumb Code     0  libinit2.o(.ARM.Collect$$libinit$$00000019)
    __rt_lib_init_preinit_1                  0x0000027b   Thumb Code     0  libinit2.o(.ARM.Collect$$libinit$$00000004)
    __rt_lib_init_rand_1                     0x0000027b   Thumb Code     0  libinit2.o(.ARM.Collect$$libinit$$0000000E)
    __rt_lib_init_return                     0x0000027b   Thumb Code     0  libinit2.o(.ARM.Collect$$libinit$$00000033)
    __rt_lib_init_signal_1                   0x0000027b   Thumb Code     0  libinit2.o(.ARM.Collect$$libinit$$0000001D)
    __rt_lib_init_stdio_1                    0x0000027b   Thumb Code     0  libinit2.o(.ARM.Collect$$libinit$$00000025)
    __rt_lib_init_user_alloc_1               0x0000027b   Thumb Code     0  libinit2.o(.ARM.Collect$$libinit$$0000000C)
    __rt_lib_shutdown                        0x0000027d   Thumb Code     0  libshutdown.o(.ARM.Collect$$libshutdown$$00000000)
    __rt_lib_shutdown_cpp_1                  0x0000027f   Thumb Code     0  libshutdown2.o(.ARM.Collect$$libshutdown$$00000002)
    __rt_lib_shutdown_fp_trap_1              0x0000027f   Thumb Code     0  libshutdown2.o(.ARM.Collect$$libshutdown$$00000007)
    __rt_lib_shutdown_heap_1                 0x0000027f   Thumb Code     0  libshutdown2.o(.ARM.Collect$$libshutdown$$0000000F)
    __rt_lib_shutdown_return                 0x0000027f   Thumb Code     0  libshutdown2.o(.ARM.Collect$$libshutdown$$00000010)
    __rt_lib_shutdown_signal_1               0x0000027f   Thumb Code     0  libshutdown2.o(.ARM.Collect$$libshutdown$$0000000A)
    __rt_lib_shutdown_stdio_1                0x0000027f   Thumb Code     0  libshutdown2.o(.ARM.Collect$$libshutdown$$00000004)
    __rt_lib_shutdown_user_alloc_1           0x0000027f   Thumb Code     0  libshutdown2.o(.ARM.Collect$$libshutdown$$0000000C)
    __rt_entry                               0x00000281   Thumb Code     0  __rtentry.o(.ARM.Collect$$rtentry$$00000000)
    __rt_entry_presh_1                       0x00000281   Thumb Code     0  __rtentry2.o(.ARM.Collect$$rtentry$$00000002)
    __rt_entry_sh                            0x00000281   Thumb Code     0  __rtentry4.o(.ARM.Collect$$rtentry$$00000004)
    __rt_entry_li                            0x00000287   Thumb Code     0  __rtentry2.o(.ARM.Collect$$rtentry$$0000000A)
    __rt_entry_postsh_1                      0x00000287   Thumb Code     0  __rtentry2.o(.ARM.Collect$$rtentry$$00000009)
    __rt_entry_postli_1                      0x0000028b   Thumb Code     0  __rtentry2.o(.ARM.Collect$$rtentry$$0000000B)
    __rt_entry_main                          0x00000293   Thumb Code     0  __rtentry2.o(.ARM.Collect$$rtentry$$0000000D)
    __rt_exit                                0x0000029b   Thumb Code     0  rtexit.o(.ARM.Collect$$rtexit$$00000000)
    __rt_exit_ls                             0x0000029d   Thumb Code     0  rtexit2.o(.ARM.Collect$$rtexit$$00000003)
    __rt_exit_prels_1                        0x0000029d   Thumb Code     0  rtexit2.o(.ARM.Collect$$rtexit$$00000002)
    __rt_exit_exit                           0x000002a1   Thumb Code     0  rtexit2.o(.ARM.Collect$$rtexit$$00000004)
    _platform_post_lib_init                  0x000002a9   Thumb Code    24  rtx_conf_cm.o(.emb_text)
    rt_set_PSP                               0x000002c5   Thumb Code     6  hal_cm4.o(.emb_text)
    rt_get_PSP                               0x000002cb   Thumb Code     6  hal_cm4.o(.emb_text)
    os_set_env                               0x000002d1   Thumb Code    24  hal_cm4.o(.emb_text)
    _alloc_box                               0x000002ed   Thumb Code    28  hal_cm4.o(.emb_text)
    _free_box                                0x0000030d   Thumb Code    28  hal_cm4.o(.emb_text)
    SVC_Handler                              0x0000032d   Thumb Code   168  hal_cm4.o(.emb_text)
    PendSV_Handler                           0x000003e5   Thumb Code    96  hal_cm4.o(.emb_text)
    SysTick_Handler                          0x00000449   Thumb Code     8  hal_cm4.o(.emb_text)
    OS_Tick_Handler                          0x00000451   Thumb Code    12  hal_cm4.o(.emb_text)
    init_all                                 0x0000045d   Thumb Code    18  exemplotiva.o(.text)
    init_sidelong_menu                       0x0000046f   Thumb Code    58  exemplotiva.o(.text)
    __RL_RTX_VER                             0x00000482   Number         0  rt_system.o ABSOLUTE
    invertColors                             0x000004a9   Thumb Code    40  exemplotiva.o(.text)
    main                                     0x000004d1   Thumb Code   226  exemplotiva.o(.text)
    PLL_Init                                 0x000005c9   Thumb Code     0  utils.o(.text)
    SysTick_Init                             0x000006f1   Thumb Code     0  utils.o(.text)
    SysTick_Wait1ms                          0x00000727   Thumb Code     0  utils.o(.text)
    EnableInterrupts                         0x00000739   Thumb Code     0  utils.o(.text)
    DisableInterrupts                        0x0000073d   Thumb Code     0  utils.o(.text)
    button_init                              0x0000079d   Thumb Code    42  buttons.o(.text)
    button_read_s1                           0x000007c7   Thumb Code    20  buttons.o(.text)
    button_read_s2                           0x000007db   Thumb Code    20  buttons.o(.text)
    cfaf128x128x16Rect                       0x00000989   Thumb Code   100  cfaf128x128x16.o(.text)
    cfaf128x128x16LineVer                    0x000009ed   Thumb Code    22  cfaf128x128x16.o(.text)
    cfaf128x128x16LineHor                    0x00000a03   Thumb Code    16  cfaf128x128x16.o(.text)
    cfaf128x128x16Dot                        0x00000a13   Thumb Code    22  cfaf128x128x16.o(.text)
    cfaf128x128x16SetOrientation             0x00000c6d   Thumb Code    70  cfaf128x128x16.o(.text)
    cfaf128x128x16ClearColor                 0x00000cb3   Thumb Code    36  cfaf128x128x16.o(.text)
    cfaf128x128x16Clear                      0x00000cd7   Thumb Code     4  cfaf128x128x16.o(.text)
    InitSSICom                               0x00000cdb   Thumb Code   138  cfaf128x128x16.o(.text)
    cfaf128x128x16Init                       0x00000d65   Thumb Code   322  cfaf128x128x16.o(.text)
    os_idle_demon                            0x00000ef5   Thumb Code     2  rtx_conf_cm.o(.text)
    os_error                                 0x00000ef7   Thumb Code     2  rtx_conf_cm.o(.text)
    __user_perthread_libspace                0x00000ef9   Thumb Code    32  rtx_conf_cm.o(.text)
    _mutex_initialize                        0x00000f19   Thumb Code    34  rtx_conf_cm.o(.text)
    _mutex_acquire                           0x00000f3b   Thumb Code    22  rtx_conf_cm.o(.text)
    _mutex_release                           0x00000f51   Thumb Code    18  rtx_conf_cm.o(.text)
    Reset_Handler                            0x00000f81   Thumb Code     8  startup_tm4c129.o(.text)
    NMI_Handler                              0x00000f89   Thumb Code     2  startup_tm4c129.o(.text)
    HardFault_Handler                        0x00000f8b   Thumb Code     2  startup_tm4c129.o(.text)
    MemManage_Handler                        0x00000f8d   Thumb Code     2  startup_tm4c129.o(.text)
    BusFault_Handler                         0x00000f8f   Thumb Code     2  startup_tm4c129.o(.text)
    UsageFault_Handler                       0x00000f91   Thumb Code     2  startup_tm4c129.o(.text)
    DebugMon_Handler                         0x00000f95   Thumb Code     2  startup_tm4c129.o(.text)
    GPIOA_Handler                            0x00000f9b   Thumb Code     2  startup_tm4c129.o(.text)
    GPIOB_Handler                            0x00000f9d   Thumb Code     2  startup_tm4c129.o(.text)
    GPIOC_Handler                            0x00000f9f   Thumb Code     2  startup_tm4c129.o(.text)
    GPIOD_Handler                            0x00000fa1   Thumb Code     2  startup_tm4c129.o(.text)
    GPIOE_Handler                            0x00000fa3   Thumb Code     2  startup_tm4c129.o(.text)
    UART0_Handler                            0x00000fa5   Thumb Code     2  startup_tm4c129.o(.text)
    UART1_Handler                            0x00000fa7   Thumb Code     2  startup_tm4c129.o(.text)
    SSI0_Handler                             0x00000fa9   Thumb Code     2  startup_tm4c129.o(.text)
    I2C0_Handler                             0x00000fab   Thumb Code     2  startup_tm4c129.o(.text)
    PMW0_FAULT_Handler                       0x00000fad   Thumb Code     2  startup_tm4c129.o(.text)
    PWM0_0_Handler                           0x00000faf   Thumb Code     2  startup_tm4c129.o(.text)
    PWM0_1_Handler                           0x00000fb1   Thumb Code     2  startup_tm4c129.o(.text)
    PWM0_2_Handler                           0x00000fb3   Thumb Code     2  startup_tm4c129.o(.text)
    QEI0_Handler                             0x00000fb5   Thumb Code     2  startup_tm4c129.o(.text)
    ADC0SS0_Handler                          0x00000fb7   Thumb Code     2  startup_tm4c129.o(.text)
    ADC0SS1_Handler                          0x00000fb9   Thumb Code     2  startup_tm4c129.o(.text)
    ADC0SS2_Handler                          0x00000fbb   Thumb Code     2  startup_tm4c129.o(.text)
    ADC0SS3_Handler                          0x00000fbd   Thumb Code     2  startup_tm4c129.o(.text)
    WDT0_Handler                             0x00000fbf   Thumb Code     2  startup_tm4c129.o(.text)
    TIMER0A_Handler                          0x00000fc1   Thumb Code     2  startup_tm4c129.o(.text)
    TIMER0B_Handler                          0x00000fc3   Thumb Code     2  startup_tm4c129.o(.text)
    TIMER1A_Handler                          0x00000fc5   Thumb Code     2  startup_tm4c129.o(.text)
    TIMER1B_Handler                          0x00000fc7   Thumb Code     2  startup_tm4c129.o(.text)
    TIMER2A_Handler                          0x00000fc9   Thumb Code     2  startup_tm4c129.o(.text)
    TIMER2B_Handler                          0x00000fcb   Thumb Code     2  startup_tm4c129.o(.text)
    COMP0_Handler                            0x00000fcd   Thumb Code     2  startup_tm4c129.o(.text)
    COMP1_Handler                            0x00000fcf   Thumb Code     2  startup_tm4c129.o(.text)
    COMP2_Handler                            0x00000fd1   Thumb Code     2  startup_tm4c129.o(.text)
    SYSCTL_Handler                           0x00000fd3   Thumb Code     2  startup_tm4c129.o(.text)
    FLASH_Handler                            0x00000fd5   Thumb Code     2  startup_tm4c129.o(.text)
    GPIOF_Handler                            0x00000fd7   Thumb Code     2  startup_tm4c129.o(.text)
    GPIOG_Handler                            0x00000fd9   Thumb Code     2  startup_tm4c129.o(.text)
    GPIOH_Handler                            0x00000fdb   Thumb Code     2  startup_tm4c129.o(.text)
    UART2_Handler                            0x00000fdd   Thumb Code     2  startup_tm4c129.o(.text)
    SSI1_Handler                             0x00000fdf   Thumb Code     2  startup_tm4c129.o(.text)
    TIMER3A_Handler                          0x00000fe1   Thumb Code     2  startup_tm4c129.o(.text)
    TIMER3B_Handler                          0x00000fe3   Thumb Code     2  startup_tm4c129.o(.text)
    I2C1_Handler                             0x00000fe5   Thumb Code     2  startup_tm4c129.o(.text)
    CAN0_Handler                             0x00000fe7   Thumb Code     2  startup_tm4c129.o(.text)
    CAN1_Handler                             0x00000fe9   Thumb Code     2  startup_tm4c129.o(.text)
    ETH_Handler                              0x00000feb   Thumb Code     2  startup_tm4c129.o(.text)
    HIB_Handler                              0x00000fed   Thumb Code     2  startup_tm4c129.o(.text)
    USB0_Handler                             0x00000fef   Thumb Code     2  startup_tm4c129.o(.text)
    PWM0_3_Handler                           0x00000ff1   Thumb Code     2  startup_tm4c129.o(.text)
    UDMA_Handler                             0x00000ff3   Thumb Code     2  startup_tm4c129.o(.text)
    UDMAERR_Handler                          0x00000ff5   Thumb Code     2  startup_tm4c129.o(.text)
    ADC1SS0_Handler                          0x00000ff7   Thumb Code     2  startup_tm4c129.o(.text)
    ADC1SS1_Handler                          0x00000ff9   Thumb Code     2  startup_tm4c129.o(.text)
    ADC1SS2_Handler                          0x00000ffb   Thumb Code     2  startup_tm4c129.o(.text)
    ADC1SS3_Handler                          0x00000ffd   Thumb Code     2  startup_tm4c129.o(.text)
    EBI0_Handler                             0x00000fff   Thumb Code     2  startup_tm4c129.o(.text)
    GPIOJ_Handler                            0x00001001   Thumb Code     2  startup_tm4c129.o(.text)
    GPIOK_Handler                            0x00001003   Thumb Code     2  startup_tm4c129.o(.text)
    GPIOL_Handler                            0x00001005   Thumb Code     2  startup_tm4c129.o(.text)
    SSI2_Handler                             0x00001007   Thumb Code     2  startup_tm4c129.o(.text)
    SSI3_Handler                             0x00001009   Thumb Code     2  startup_tm4c129.o(.text)
    UART3_Handler                            0x0000100b   Thumb Code     2  startup_tm4c129.o(.text)
    UART4_Handler                            0x0000100d   Thumb Code     2  startup_tm4c129.o(.text)
    UART5_Handler                            0x0000100f   Thumb Code     2  startup_tm4c129.o(.text)
    UART6_Handler                            0x00001011   Thumb Code     2  startup_tm4c129.o(.text)
    UART7_Handler                            0x00001013   Thumb Code     2  startup_tm4c129.o(.text)
    I2C2_Handler                             0x00001015   Thumb Code     2  startup_tm4c129.o(.text)
    I2C3_Handler                             0x00001017   Thumb Code     2  startup_tm4c129.o(.text)
    TIMER4A_Handler                          0x00001019   Thumb Code     2  startup_tm4c129.o(.text)
    TIMER4B_Handler                          0x0000101b   Thumb Code     2  startup_tm4c129.o(.text)
    TIMER5A_Handler                          0x0000101d   Thumb Code     2  startup_tm4c129.o(.text)
    TIMER5B_Handler                          0x0000101f   Thumb Code     2  startup_tm4c129.o(.text)
    WTIMER0A_Handler                         0x00001021   Thumb Code     2  startup_tm4c129.o(.text)
    WTIMER0B_Handler                         0x00001023   Thumb Code     2  startup_tm4c129.o(.text)
    WTIMER1A_Handler                         0x00001025   Thumb Code     2  startup_tm4c129.o(.text)
    WTIMER1B_Handler                         0x00001027   Thumb Code     2  startup_tm4c129.o(.text)
    WTIMER2A_Handler                         0x00001029   Thumb Code     2  startup_tm4c129.o(.text)
    WTIMER2B_Handler                         0x0000102b   Thumb Code     2  startup_tm4c129.o(.text)
    WTIMER3A_Handler                         0x0000102d   Thumb Code     2  startup_tm4c129.o(.text)
    WTIMER3B_Handler                         0x0000102f   Thumb Code     2  startup_tm4c129.o(.text)
    WTIMER4A_Handler                         0x00001031   Thumb Code     2  startup_tm4c129.o(.text)
    WTIMER4B_Handler                         0x00001033   Thumb Code     2  startup_tm4c129.o(.text)
    WTIMER5A_Handler                         0x00001035   Thumb Code     2  startup_tm4c129.o(.text)
    WTIMER5B_Handler                         0x00001037   Thumb Code     2  startup_tm4c129.o(.text)
    FPU_Handler                              0x00001039   Thumb Code     2  startup_tm4c129.o(.text)
    I2C4_Handler                             0x0000103b   Thumb Code     2  startup_tm4c129.o(.text)
    I2C5_Handler                             0x0000103d   Thumb Code     2  startup_tm4c129.o(.text)
    GPIOM_Handler                            0x0000103f   Thumb Code     2  startup_tm4c129.o(.text)
    GPION_Handler                            0x00001041   Thumb Code     2  startup_tm4c129.o(.text)
    TAMPER_Handler                           0x00001043   Thumb Code     2  startup_tm4c129.o(.text)
    GPIOP0_Handler                           0x00001045   Thumb Code     2  startup_tm4c129.o(.text)
    GPIOP1_Handler                           0x00001047   Thumb Code     2  startup_tm4c129.o(.text)
    GPIOP2_Handler                           0x00001049   Thumb Code     2  startup_tm4c129.o(.text)
    GPIOP3_Handler                           0x0000104b   Thumb Code     2  startup_tm4c129.o(.text)
    GPIOP4_Handler                           0x0000104d   Thumb Code     2  startup_tm4c129.o(.text)
    GPIOP5_Handler                           0x0000104f   Thumb Code     2  startup_tm4c129.o(.text)
    GPIOP6_Handler                           0x00001051   Thumb Code     2  startup_tm4c129.o(.text)
    GPIOP7_Handler                           0x00001053   Thumb Code     2  startup_tm4c129.o(.text)
    GPIOQ0_Handler                           0x00001055   Thumb Code     2  startup_tm4c129.o(.text)
    GPIOQ1_Handler                           0x00001057   Thumb Code     2  startup_tm4c129.o(.text)
    GPIOQ2_Handler                           0x00001059   Thumb Code     2  startup_tm4c129.o(.text)
    GPIOQ3_Handler                           0x0000105b   Thumb Code     2  startup_tm4c129.o(.text)
    GPIOQ4_Handler                           0x0000105d   Thumb Code     2  startup_tm4c129.o(.text)
    GPIOQ5_Handler                           0x0000105f   Thumb Code     2  startup_tm4c129.o(.text)
    GPIOQ6_Handler                           0x00001061   Thumb Code     2  startup_tm4c129.o(.text)
    GPIOQ7_Handler                           0x00001063   Thumb Code     2  startup_tm4c129.o(.text)
    GPIOR_Handler                            0x00001065   Thumb Code     2  startup_tm4c129.o(.text)
    GPIOS_Handler                            0x00001067   Thumb Code     2  startup_tm4c129.o(.text)
    SHAMD5_Handler                           0x00001069   Thumb Code     2  startup_tm4c129.o(.text)
    AES_Handler                              0x0000106b   Thumb Code     2  startup_tm4c129.o(.text)
    DES3DES_Handler                          0x0000106d   Thumb Code     2  startup_tm4c129.o(.text)
    LCDCONTROLLER_Handler                    0x0000106f   Thumb Code     2  startup_tm4c129.o(.text)
    TIMER6A_Handler                          0x00001071   Thumb Code     2  startup_tm4c129.o(.text)
    TIMER6B_Handler                          0x00001073   Thumb Code     2  startup_tm4c129.o(.text)
    TIMER7A_Handler                          0x00001075   Thumb Code     2  startup_tm4c129.o(.text)
    TIMER7B_Handler                          0x00001077   Thumb Code     2  startup_tm4c129.o(.text)
    I2C6_Handler                             0x00001079   Thumb Code     2  startup_tm4c129.o(.text)
    I2C7_Handler                             0x0000107b   Thumb Code     2  startup_tm4c129.o(.text)
    HIMSCANKEYBOARD_Handler                  0x0000107d   Thumb Code     2  startup_tm4c129.o(.text)
    ONEWIRE_Handler                          0x0000107f   Thumb Code     2  startup_tm4c129.o(.text)
    HIMPS2_Handler                           0x00001081   Thumb Code     2  startup_tm4c129.o(.text)
    HIMLEDSEQUENCER_Handler                  0x00001083   Thumb Code     2  startup_tm4c129.o(.text)
    HIMCONSUMERIR_Handler                    0x00001085   Thumb Code     2  startup_tm4c129.o(.text)
    I2C8_Handler                             0x00001087   Thumb Code     2  startup_tm4c129.o(.text)
    I2C9_Handler                             0x00001089   Thumb Code     2  startup_tm4c129.o(.text)
    GPIOT_Handler                            0x0000108b   Thumb Code     2  startup_tm4c129.o(.text)
    __user_initial_stackheap                 0x0000108d   Thumb Code     0  startup_tm4c129.o(.text)
    SystemCoreClockUpdate                    0x000010ad   Thumb Code     8  system_tm4c129.o(.text)
    SystemInit                               0x000010b5   Thumb Code    18  system_tm4c129.o(.text)
    __user_libspace                          0x000010d5   Thumb Code     8  libspace.o(.text)
    __user_perproc_libspace                  0x000010d5   Thumb Code     0  libspace.o(.text)
    exit                                     0x000010dd   Thumb Code    18  exit.o(.text)
    __use_two_region_memory                  0x000010ef   Thumb Code     2  heapauxi.o(.text)
    __rt_heap_escrow$2region                 0x000010f1   Thumb Code     2  heapauxi.o(.text)
    __rt_heap_expand$2region                 0x000010f3   Thumb Code     2  heapauxi.o(.text)
    _sys_exit                                0x000010f5   Thumb Code     8  sys_exit.o(.text)
    __user_setup_stackheap                   0x00001101   Thumb Code    74  sys_stackheap_outer.o(.text)
    __I$use$semihosting                      0x0000114b   Thumb Code     0  use_no_semi.o(.text)
    __use_no_semihosting_swi                 0x0000114b   Thumb Code     2  use_no_semi.o(.text)
    SVC_Count                                0x0000114c   Data           4  svc_table.o(SVC_TABLE)
    __semihosting_library_function           0x0000114d   Thumb Code     0  indicate_semi.o(.text)
    GPIODirModeSet                           0x00001151   Thumb Code    40  gpio.o(i.GPIODirModeSet)
    SVC_Table                                0x00001150   Data           0  svc_table.o(SVC_TABLE)
    GPIOPadConfigSet                         0x00001179   Thumb Code   312  gpio.o(i.GPIOPadConfigSet)
    GPIOPinRead                              0x000012b1   Thumb Code     6  gpio.o(i.GPIOPinRead)
    GPIOPinTypeGPIOInput                     0x000012b7   Thumb Code    28  gpio.o(i.GPIOPinTypeGPIOInput)
    GrContextFontSet                         0x000012d3   Thumb Code     6  string.o(i.GrContextFontSet)
    GrContextInit                            0x000012d9   Thumb Code    88  context.o(i.GrContextInit)
    GrDefaultStringRenderer                  0x0000133d   Thumb Code   280  string.o(i.GrDefaultStringRenderer)
    GrFontGlyphDataGet                       0x00001455   Thumb Code   166  string.o(i.GrFontGlyphDataGet)
    GrFontGlyphRender                        0x000014fb   Thumb Code   648  string.o(i.GrFontGlyphRender)
    GrMapISO8859_1_Unicode                   0x00001783   Thumb Code     8  charmap.o(i.GrMapISO8859_1_Unicode)
    SysCtlClockFreqSet                       0x0000178d   Thumb Code   706  sysctl.o(i.SysCtlClockFreqSet)
    SysCtlPeripheralEnable                   0x00001a79   Thumb Code    36  sysctl.o(i.SysCtlPeripheralEnable)
    SysCtlPeripheralReady                    0x00001aa1   Thumb Code    40  sysctl.o(i.SysCtlPeripheralReady)
    _init_box                                0x00001b39   Thumb Code    70  rt_membox.o(i._init_box)
    dbg_init                                 0x00001b81   Thumb Code    34  hal_cm.o(i.dbg_init)
    dbg_task_notify                          0x00001bb1   Thumb Code    32  hal_cm.o(i.dbg_task_notify)
    dbg_task_switch                          0x00001bd1   Thumb Code    16  hal_cm.o(i.dbg_task_switch)
    isrMessageGet                            0x00001be1   Thumb Code    42  rt_cmsis.o(i.isrMessageGet)
    isrMessagePut                            0x00001c0b   Thumb Code    44  rt_cmsis.o(i.isrMessagePut)
    isr_mbx_receive                          0x00001c39   Thumb Code    86  rt_mailbox.o(i.isr_mbx_receive)
    isr_mbx_send                             0x00001c8f   Thumb Code    14  rt_mailbox.o(i.isr_mbx_send)
    osKernelInitialize                       0x00001c9d   Thumb Code    30  rt_cmsis.o(i.osKernelInitialize)
    osKernelStart                            0x00001cc1   Thumb Code    98  rt_cmsis.o(i.osKernelStart)
    osMessageGet                             0x00001d2d   Thumb Code    18  rt_cmsis.o(i.osMessageGet)
    osThreadCreate                           0x00001d45   Thumb Code    36  rt_cmsis.o(i.osThreadCreate)
    osThreadExit                             0x00001d71   Thumb Code    14  rt_cmsis.o(i.osThreadExit)
    osTimerCall                              0x00001d89   Thumb Code     8  rt_cmsis.o(i.osTimerCall)
    osTimerThread                            0x00001d95   Thumb Code    38  rt_cmsis.o(i.osTimerThread)
    os_tick_init                             0x00001dc1   Thumb Code    32  rt_system.o(i.os_tick_init)
    os_tick_irqack                           0x00001de9   Thumb Code     2  rt_system.o(i.os_tick_irqack)
    rt_alloc_box                             0x00001deb   Thumb Code    26  rt_membox.o(i.rt_alloc_box)
    rt_alloc_mem                             0x00001e05   Thumb Code    62  rt_memory.o(i.rt_alloc_mem)
    rt_block                                 0x00001e45   Thumb Code    48  rt_task.o(i.rt_block)
    rt_chk_robin                             0x00001e7d   Thumb Code    60  rt_robin.o(i.rt_chk_robin)
    rt_dec_dly                               0x00001ec5   Thumb Code   102  rt_list.o(i.rt_dec_dly)
    rt_dispatch                              0x00001f35   Thumb Code    60  rt_task.o(i.rt_dispatch)
    rt_evt_psh                               0x00001f79   Thumb Code    76  rt_event.o(i.rt_evt_psh)
    rt_free_box                              0x00001fc9   Thumb Code    44  rt_membox.o(i.rt_free_box)
    rt_free_mem                              0x00001ff5   Thumb Code    40  rt_memory.o(i.rt_free_mem)
    rt_get_first                             0x0000201d   Thumb Code    40  rt_list.o(i.rt_get_first)
    rt_init_mem                              0x00002095   Thumb Code    26  rt_memory.o(i.rt_init_mem)
    rt_init_robin                            0x000020b1   Thumb Code    14  rt_robin.o(i.rt_init_robin)
    rt_init_stack                            0x000020c9   Thumb Code   118  hal_cm.o(i.rt_init_stack)
    rt_mbx_check                             0x00002149   Thumb Code     8  rt_mailbox.o(i.rt_mbx_check)
    rt_mbx_init                              0x00002151   Thumb Code    26  rt_mailbox.o(i.rt_mbx_init)
    rt_mbx_psh                               0x0000216d   Thumb Code   236  rt_mailbox.o(i.rt_mbx_psh)
    rt_mbx_wait                              0x0000225d   Thumb Code   174  rt_mailbox.o(i.rt_mbx_wait)
    rt_mut_init                              0x00002355   Thumb Code    16  rt_mutex.o(i.rt_mut_init)
    rt_mut_release                           0x00002365   Thumb Code   208  rt_mutex.o(i.rt_mut_release)
    rt_mut_wait                              0x0000243d   Thumb Code   114  rt_mutex.o(i.rt_mut_wait)
    rt_pop_req                               0x000024b5   Thumb Code   112  rt_system.o(i.rt_pop_req)
    rt_psh_req                               0x00002531   Thumb Code    22  rt_system.o(i.rt_psh_req)
    rt_psq_enq                               0x00002551   Thumb Code    88  rt_list.o(i.rt_psq_enq)
    rt_put_dly                               0x000025ad   Thumb Code    68  rt_list.o(i.rt_put_dly)
    rt_put_prio                              0x000025f5   Thumb Code    54  rt_list.o(i.rt_put_prio)
    rt_put_rdy_first                         0x0000262d   Thumb Code    14  rt_list.o(i.rt_put_rdy_first)
    rt_resort_prio                           0x00002641   Thumb Code    46  rt_list.o(i.rt_resort_prio)
    rt_ret_val                               0x00002685   Thumb Code    12  hal_cm.o(i.rt_ret_val)
    rt_ret_val2                              0x00002691   Thumb Code    16  hal_cm.o(i.rt_ret_val2)
    rt_rmv_dly                               0x000026a1   Thumb Code    40  rt_list.o(i.rt_rmv_dly)
    rt_rmv_list                              0x000026c9   Thumb Code    44  rt_list.o(i.rt_rmv_list)
    rt_sem_psh                               0x000026f9   Thumb Code    48  rt_semaphore.o(i.rt_sem_psh)
    rt_stk_check                             0x0000272d   Thumb Code    28  rt_system.o(i.rt_stk_check)
    rt_switch_req                            0x00002751   Thumb Code    30  rt_task.o(i.rt_switch_req)
    rt_sys_init                              0x00002779   Thumb Code   138  rt_task.o(i.rt_sys_init)
    rt_sys_start                             0x00002845   Thumb Code   110  rt_task.o(i.rt_sys_start)
    rt_systick                               0x000028bd   Thumb Code    50  rt_system.o(i.rt_systick)
    rt_tsk_create                            0x00002945   Thumb Code   118  rt_task.o(i.rt_tsk_create)
    rt_tsk_delete                            0x000029cd   Thumb Code   352  rt_task.o(i.rt_tsk_delete)
    rt_tsk_prio                              0x00002b49   Thumb Code   108  rt_task.o(i.rt_tsk_prio)
    rt_tsk_self                              0x00002bc5   Thumb Code    12  rt_task.o(i.rt_tsk_self)
    svcKernelInitialize                      0x00002bd5   Thumb Code    80  rt_cmsis.o(i.svcKernelInitialize)
    svcKernelStart                           0x00002c45   Thumb Code    62  rt_cmsis.o(i.svcKernelStart)
    svcMessageCreate                         0x00002c8d   Thumb Code    36  rt_cmsis.o(i.svcMessageCreate)
    svcMessageGet                            0x00002cb1   Thumb Code    58  rt_cmsis.o(i.svcMessageGet)
    svcThreadCreate                          0x00002ced   Thumb Code    96  rt_cmsis.o(i.svcThreadCreate)
    svcThreadGetId                           0x00002d59   Thumb Code    22  rt_cmsis.o(i.svcThreadGetId)
    svcThreadTerminate                       0x00002d75   Thumb Code    50  rt_cmsis.o(i.svcThreadTerminate)
    svcTimerCall                             0x00002dad   Thumb Code    24  rt_cmsis.o(i.svcTimerCall)
    sysTimerTick                             0x00002dc5   Thumb Code    84  rt_cmsis.o(i.sysTimerTick)
    _fp_init                                 0x00002e21   Thumb Code    10  fpinit.o(x$fpl$fpinit)
    __fplib_config_fpu_vfp                   0x00002e29   Thumb Code     0  fpinit.o(x$fpl$fpinit)
    __fplib_config_pureend_doubles           0x00002e29   Thumb Code     0  fpinit.o(x$fpl$fpinit)
    airplane_image                           0x00002e3c   Data        1536  airplane.o(.constdata)
    buffalo_image                            0x0000343c   Data        1536  buffalo.o(.constdata)
    bus_image                                0x00003a3c   Data        1536  bus.o(.constdata)
    car_image                                0x0000403c   Data        1536  car.o(.constdata)
    g_sCfaf128x128x16                        0x0000463c   Data          40  cfaf128x128x16.o(.constdata)
    os_maxtaskrun                            0x00004664   Data           2  rtx_conf_cm.o(.constdata)
    os_stackinfo                             0x00004668   Data           4  rtx_conf_cm.o(.constdata)
    os_rrobin                                0x0000466c   Data           4  rtx_conf_cm.o(.constdata)
    os_trv                                   0x00004670   Data           4  rtx_conf_cm.o(.constdata)
    os_flags                                 0x00004674   Data           1  rtx_conf_cm.o(.constdata)
    CMSIS_RTOS_API_Version                   0x00004678   Data           4  rtx_conf_cm.o(.constdata)
    CMSIS_RTOS_RTX_Version                   0x0000467c   Data           4  rtx_conf_cm.o(.constdata)
    os_clockrate                             0x00004680   Data           4  rtx_conf_cm.o(.constdata)
    os_timernum                              0x00004684   Data           4  rtx_conf_cm.o(.constdata)
    mp_tcb_size                              0x00004688   Data           2  rtx_conf_cm.o(.constdata)
    mp_stk_size                              0x0000468c   Data           4  rtx_conf_cm.o(.constdata)
    os_stack_sz                              0x00004690   Data           4  rtx_conf_cm.o(.constdata)
    os_fifo_size                             0x00004694   Data           1  rtx_conf_cm.o(.constdata)
    os_thread_def_osTimerThread              0x00004698   Data          16  rtx_conf_cm.o(.constdata)
    os_messageQ_def_osTimerMessageQ          0x000046a8   Data           8  rtx_conf_cm.o(.constdata)
    mp_tmr_size                              0x000046b0   Data           2  rtx_conf_cm.o(.constdata)
    os_thread_def_main                       0x000046b4   Data          16  rtx_conf_cm.o(.constdata)
    g_psDefaultCodePointMapTable             0x00004918   Data          16  context.o(.constdata)
    g_sFontFixed6x8                          0x00004c20   Data         200  fontfixed6x8.o(.constdata)
    Region$$Table$$Base                      0x00004ce8   Number         0  anon$$obj.o(Region$$Table)
    Region$$Table$$Limit                     0x00004d08   Number         0  anon$$obj.o(Region$$Table)
    background                               0x20000000   Data           4  exemplotiva.o(.data)
    m_tmr                                    0x2000000c   Data           4  rtx_conf_cm.o(.data)
    osThreadId_osTimerThread                 0x20000010   Data           4  rtx_conf_cm.o(.data)
    osMessageQId_osTimerMessageQ             0x20000014   Data           4  rtx_conf_cm.o(.data)
    SystemCoreClock                          0x2000001c   Data           4  system_tm4c129.o(.data)
    os_initialized                           0x20000024   Data           1  rt_cmsis.o(.data)
    os_running                               0x20000025   Data           1  rt_cmsis.o(.data)
    os_timer_head                            0x20000028   Data           4  rt_cmsis.o(.data)
    os_tsk                                   0x2000002c   Data           8  rt_task.o(.data)
    os_tick_irqn                             0x20000038   Data           4  rt_system.o(.data)
    os_time                                  0x2000003c   Data           4  rt_time.o(.data)
    os_robin                                 0x20000040   Data           8  rt_robin.o(.data)
    dbg_msg                                  0x20000048   Data           1  hal_cm.o(.data)
    sContext                                 0x2000004c   Data          44  exemplotiva.o(.bss)
    os_messageQ_q_osTimerMessageQ            0x20000078   Data          32  rtx_conf_cm.o(.bss)
    mp_tcb                                   0x20000098   Data         480  rtx_conf_cm.o(.bss)
    mp_stk                                   0x20000278   Data        6416  rtx_conf_cm.o(.bss)
    os_stack_mem                             0x20001b88   Data        1032  rtx_conf_cm.o(.bss)
    os_fifo                                  0x20001f90   Data         132  rtx_conf_cm.o(.bss)
    os_active_TCB                            0x20002014   Data          36  rtx_conf_cm.o(.bss)
    os_idle_TCB                              0x20002418   Data          52  rt_task.o(.bss)
    os_rdy                                   0x2000244c   Data          24  rt_list.o(.bss)
    os_dly                                   0x20002464   Data          24  rt_list.o(.bss)
    __libspace_start                         0x2000247c   Data          96  libspace.o(.bss)
    __temporary_stack_top$libspace           0x200024dc   Data           0  libspace.o(.bss)



==============================================================================

Memory Map of the image

  Image Entry point : 0x00000201

  Load Region LR_IROM1 (Base: 0x00000000, Size: 0x00004d54, Max: 0x00100000, ABSOLUTE)

    Execution Region ER_IROM1 (Exec base: 0x00000000, Load base: 0x00000000, Size: 0x00004d08, Max: 0x00100000, ABSOLUTE)

    Exec Addr    Load Addr    Size         Type   Attr      Idx    E Section Name        Object

    0x00000000   0x00000000   0x00000200   Data   RO          308    RESET               startup_tm4c129.o
    0x00000200   0x00000200   0x00000008   Code   RO         3283  * !!!main             c_w.l(__main.o)
    0x00000208   0x00000208   0x00000034   Code   RO         3444    !!!scatter          c_w.l(__scatter.o)
    0x0000023c   0x0000023c   0x0000001a   Code   RO         3446    !!handler_copy      c_w.l(__scatter_copy.o)
    0x00000256   0x00000256   0x00000002   PAD
    0x00000258   0x00000258   0x0000001c   Code   RO         3448    !!handler_zi        c_w.l(__scatter_zi.o)
    0x00000274   0x00000274   0x00000002   Code   RO         3330    .ARM.Collect$$libinit$$00000000  c_w.l(libinit.o)
    0x00000276   0x00000276   0x00000004   Code   RO         3341    .ARM.Collect$$libinit$$00000001  c_w.l(libinit2.o)
    0x0000027a   0x0000027a   0x00000000   Code   RO         3344    .ARM.Collect$$libinit$$00000004  c_w.l(libinit2.o)
    0x0000027a   0x0000027a   0x00000000   Code   RO         3347    .ARM.Collect$$libinit$$0000000A  c_w.l(libinit2.o)
    0x0000027a   0x0000027a   0x00000000   Code   RO         3349    .ARM.Collect$$libinit$$0000000C  c_w.l(libinit2.o)
    0x0000027a   0x0000027a   0x00000000   Code   RO         3351    .ARM.Collect$$libinit$$0000000E  c_w.l(libinit2.o)
    0x0000027a   0x0000027a   0x00000000   Code   RO         3354    .ARM.Collect$$libinit$$00000011  c_w.l(libinit2.o)
    0x0000027a   0x0000027a   0x00000000   Code   RO         3356    .ARM.Collect$$libinit$$00000013  c_w.l(libinit2.o)
    0x0000027a   0x0000027a   0x00000000   Code   RO         3358    .ARM.Collect$$libinit$$00000015  c_w.l(libinit2.o)
    0x0000027a   0x0000027a   0x00000000   Code   RO         3360    .ARM.Collect$$libinit$$00000017  c_w.l(libinit2.o)
    0x0000027a   0x0000027a   0x00000000   Code   RO         3362    .ARM.Collect$$libinit$$00000019  c_w.l(libinit2.o)
    0x0000027a   0x0000027a   0x00000000   Code   RO         3364    .ARM.Collect$$libinit$$0000001B  c_w.l(libinit2.o)
    0x0000027a   0x0000027a   0x00000000   Code   RO         3366    .ARM.Collect$$libinit$$0000001D  c_w.l(libinit2.o)
    0x0000027a   0x0000027a   0x00000000   Code   RO         3368    .ARM.Collect$$libinit$$0000001F  c_w.l(libinit2.o)
    0x0000027a   0x0000027a   0x00000000   Code   RO         3370    .ARM.Collect$$libinit$$00000021  c_w.l(libinit2.o)
    0x0000027a   0x0000027a   0x00000000   Code   RO         3372    .ARM.Collect$$libinit$$00000023  c_w.l(libinit2.o)
    0x0000027a   0x0000027a   0x00000000   Code   RO         3374    .ARM.Collect$$libinit$$00000025  c_w.l(libinit2.o)
    0x0000027a   0x0000027a   0x00000000   Code   RO         3378    .ARM.Collect$$libinit$$0000002C  c_w.l(libinit2.o)
    0x0000027a   0x0000027a   0x00000000   Code   RO         3380    .ARM.Collect$$libinit$$0000002E  c_w.l(libinit2.o)
    0x0000027a   0x0000027a   0x00000000   Code   RO         3382    .ARM.Collect$$libinit$$00000030  c_w.l(libinit2.o)
    0x0000027a   0x0000027a   0x00000000   Code   RO         3384    .ARM.Collect$$libinit$$00000032  c_w.l(libinit2.o)
    0x0000027a   0x0000027a   0x00000002   Code   RO         3385    .ARM.Collect$$libinit$$00000033  c_w.l(libinit2.o)
    0x0000027c   0x0000027c   0x00000002   Code   RO         3331    .ARM.Collect$$libshutdown$$00000000  c_w.l(libshutdown.o)
    0x0000027e   0x0000027e   0x00000000   Code   RO         3387    .ARM.Collect$$libshutdown$$00000002  c_w.l(libshutdown2.o)
    0x0000027e   0x0000027e   0x00000000   Code   RO         3389    .ARM.Collect$$libshutdown$$00000004  c_w.l(libshutdown2.o)
    0x0000027e   0x0000027e   0x00000000   Code   RO         3392    .ARM.Collect$$libshutdown$$00000007  c_w.l(libshutdown2.o)
    0x0000027e   0x0000027e   0x00000000   Code   RO         3395    .ARM.Collect$$libshutdown$$0000000A  c_w.l(libshutdown2.o)
    0x0000027e   0x0000027e   0x00000000   Code   RO         3397    .ARM.Collect$$libshutdown$$0000000C  c_w.l(libshutdown2.o)
    0x0000027e   0x0000027e   0x00000000   Code   RO         3400    .ARM.Collect$$libshutdown$$0000000F  c_w.l(libshutdown2.o)
    0x0000027e   0x0000027e   0x00000002   Code   RO         3401    .ARM.Collect$$libshutdown$$00000010  c_w.l(libshutdown2.o)
    0x00000280   0x00000280   0x00000000   Code   RO         3285    .ARM.Collect$$rtentry$$00000000  c_w.l(__rtentry.o)
    0x00000280   0x00000280   0x00000000   Code   RO         3293    .ARM.Collect$$rtentry$$00000002  c_w.l(__rtentry2.o)
    0x00000280   0x00000280   0x00000006   Code   RO         3305    .ARM.Collect$$rtentry$$00000004  c_w.l(__rtentry4.o)
    0x00000286   0x00000286   0x00000000   Code   RO         3295    .ARM.Collect$$rtentry$$00000009  c_w.l(__rtentry2.o)
    0x00000286   0x00000286   0x00000004   Code   RO         3296    .ARM.Collect$$rtentry$$0000000A  c_w.l(__rtentry2.o)
    0x0000028a   0x0000028a   0x00000008   Code   RO         3297    .ARM.Collect$$rtentry$$0000000B  c_w.l(__rtentry2.o)
    0x00000292   0x00000292   0x00000008   Code   RO         3299    .ARM.Collect$$rtentry$$0000000D  c_w.l(__rtentry2.o)
    0x0000029a   0x0000029a   0x00000002   Code   RO         3286    .ARM.Collect$$rtexit$$00000000  c_w.l(rtexit.o)
    0x0000029c   0x0000029c   0x00000000   Code   RO         3308    .ARM.Collect$$rtexit$$00000002  c_w.l(rtexit2.o)
    0x0000029c   0x0000029c   0x00000004   Code   RO         3309    .ARM.Collect$$rtexit$$00000003  c_w.l(rtexit2.o)
    0x000002a0   0x000002a0   0x00000006   Code   RO         3310    .ARM.Collect$$rtexit$$00000004  c_w.l(rtexit2.o)
    0x000002a6   0x000002a6   0x00000002   PAD
    0x000002a8   0x000002a8   0x0000001c   Code   RO          252    .emb_text           rtx_conf_cm.o
    0x000002c4   0x000002c4   0x00000198   Code   RO         3259    .emb_text           RTX_CM4.lib(hal_cm4.o)
    0x0000045c   0x0000045c   0x0000016c   Code   RO            4    .text               exemplotiva.o
    0x000005c8   0x000005c8   0x000001d4   Code   RO          124    .text               utils.o
    0x0000079c   0x0000079c   0x0000005c   Code   RO          127    .text               buttons.o
    0x000007f8   0x000007f8   0x000006fc   Code   RO          166    .text               cfaf128x128x16.o
    0x00000ef4   0x00000ef4   0x0000008c   Code   RO          253    .text               rtx_conf_cm.o
    0x00000f80   0x00000f80   0x0000012c   Code   RO          309    .text               startup_tm4c129.o
    0x000010ac   0x000010ac   0x00000028   Code   RO          316    .text               system_tm4c129.o
    0x000010d4   0x000010d4   0x00000008   Code   RO         3274    .text               c_w.l(libspace.o)
    0x000010dc   0x000010dc   0x00000012   Code   RO         3279    .text               c_w.l(exit.o)
    0x000010ee   0x000010ee   0x00000006   Code   RO         3281    .text               c_w.l(heapauxi.o)
    0x000010f4   0x000010f4   0x0000000c   Code   RO         3316    .text               c_w.l(sys_exit.o)
    0x00001100   0x00001100   0x0000004a   Code   RO         3318    .text               c_w.l(sys_stackheap_outer.o)
    0x0000114a   0x0000114a   0x00000002   Code   RO         3332    .text               c_w.l(use_no_semi.o)
    0x0000114c   0x0000114c   0x00000000   Code   RO         3334    .text               c_w.l(indicate_semi.o)
    0x0000114c   0x0000114c   0x00000004   Code   RO         3269    SVC_TABLE           RTX_CM4.lib(svc_table.o)
    0x00001150   0x00001150   0x00000028   Code   RO          351    i.GPIODirModeSet    driverlib.lib(gpio.o)
    0x00001178   0x00001178   0x00000138   Code   RO          363    i.GPIOPadConfigSet  driverlib.lib(gpio.o)
    0x000012b0   0x000012b0   0x00000006   Code   RO          365    i.GPIOPinRead       driverlib.lib(gpio.o)
    0x000012b6   0x000012b6   0x0000001c   Code   RO          374    i.GPIOPinTypeGPIOInput  driverlib.lib(gpio.o)
    0x000012d2   0x000012d2   0x00000006   Code   RO         1761    i.GrContextFontSet  grlib.lib(string.o)
    0x000012d8   0x000012d8   0x00000064   Code   RO         1712    i.GrContextInit     grlib.lib(context.o)
    0x0000133c   0x0000133c   0x00000118   Code   RO         1762    i.GrDefaultStringRenderer  grlib.lib(string.o)
    0x00001454   0x00001454   0x000000a6   Code   RO         1766    i.GrFontGlyphDataGet  grlib.lib(string.o)
    0x000014fa   0x000014fa   0x00000288   Code   RO         1767    i.GrFontGlyphRender  grlib.lib(string.o)
    0x00001782   0x00001782   0x00000008   Code   RO         2647    i.GrMapISO8859_1_Unicode  grlib.lib(charmap.o)
    0x0000178a   0x0000178a   0x00000002   PAD
    0x0000178c   0x0000178c   0x000002ec   Code   RO         1365    i.SysCtlClockFreqSet  driverlib.lib(sysctl.o)
    0x00001a78   0x00001a78   0x00000028   Code   RO         1397    i.SysCtlPeripheralEnable  driverlib.lib(sysctl.o)
    0x00001aa0   0x00001aa0   0x0000002c   Code   RO         1401    i.SysCtlPeripheralReady  driverlib.lib(sysctl.o)
    0x00001acc   0x00001acc   0x0000006c   Code   RO         1779    i.UpdateContextCharMapping  grlib.lib(string.o)
    0x00001b38   0x00001b38   0x00000046   Code   RO         3153    i._init_box         RTX_CM4.lib(rt_membox.o)
    0x00001b7e   0x00001b7e   0x00000002   PAD
    0x00001b80   0x00001b80   0x00000030   Code   RO         3206    i.dbg_init          RTX_CM4.lib(hal_cm.o)
    0x00001bb0   0x00001bb0   0x00000020   Code   RO         3207    i.dbg_task_notify   RTX_CM4.lib(hal_cm.o)
    0x00001bd0   0x00001bd0   0x00000010   Code   RO         3208    i.dbg_task_switch   RTX_CM4.lib(hal_cm.o)
    0x00001be0   0x00001be0   0x0000002a   Code   RO         1891    i.isrMessageGet     RTX_CM4.lib(rt_cmsis.o)
    0x00001c0a   0x00001c0a   0x0000002c   Code   RO         1892    i.isrMessagePut     RTX_CM4.lib(rt_cmsis.o)
    0x00001c36   0x00001c36   0x00000002   PAD
    0x00001c38   0x00001c38   0x00000056   Code   RO         3008    i.isr_mbx_receive   RTX_CM4.lib(rt_mailbox.o)
    0x00001c8e   0x00001c8e   0x0000000e   Code   RO         3009    i.isr_mbx_send      RTX_CM4.lib(rt_mailbox.o)
    0x00001c9c   0x00001c9c   0x00000024   Code   RO         1896    i.osKernelInitialize  RTX_CM4.lib(rt_cmsis.o)
    0x00001cc0   0x00001cc0   0x0000006c   Code   RO         1898    i.osKernelStart     RTX_CM4.lib(rt_cmsis.o)
    0x00001d2c   0x00001d2c   0x00000018   Code   RO         1907    i.osMessageGet      RTX_CM4.lib(rt_cmsis.o)
    0x00001d44   0x00001d44   0x0000002c   Code   RO         1924    i.osThreadCreate    RTX_CM4.lib(rt_cmsis.o)
    0x00001d70   0x00001d70   0x00000018   Code   RO         1925    i.osThreadExit      RTX_CM4.lib(rt_cmsis.o)
    0x00001d88   0x00001d88   0x0000000c   Code   RO         1931    i.osTimerCall       RTX_CM4.lib(rt_cmsis.o)
    0x00001d94   0x00001d94   0x0000002c   Code   RO         1936    i.osTimerThread     RTX_CM4.lib(rt_cmsis.o)
    0x00001dc0   0x00001dc0   0x00000028   Code   RO         2800    i.os_tick_init      RTX_CM4.lib(rt_system.o)
    0x00001de8   0x00001de8   0x00000002   Code   RO         2801    i.os_tick_irqack    RTX_CM4.lib(rt_system.o)
    0x00001dea   0x00001dea   0x0000001a   Code   RO         3154    i.rt_alloc_box      RTX_CM4.lib(rt_membox.o)
    0x00001e04   0x00001e04   0x0000003e   Code   RO         3182    i.rt_alloc_mem      RTX_CM4.lib(rt_memory.o)
    0x00001e42   0x00001e42   0x00000002   PAD
    0x00001e44   0x00001e44   0x00000038   Code   RO         2513    i.rt_block          RTX_CM4.lib(rt_task.o)
    0x00001e7c   0x00001e7c   0x00000048   Code   RO         3131    i.rt_chk_robin      RTX_CM4.lib(rt_robin.o)
    0x00001ec4   0x00001ec4   0x00000070   Code   RO         2932    i.rt_dec_dly        RTX_CM4.lib(rt_list.o)
    0x00001f34   0x00001f34   0x00000044   Code   RO         2514    i.rt_dispatch       RTX_CM4.lib(rt_task.o)
    0x00001f78   0x00001f78   0x00000050   Code   RO         2893    i.rt_evt_psh        RTX_CM4.lib(rt_event.o)
    0x00001fc8   0x00001fc8   0x0000002c   Code   RO         3155    i.rt_free_box       RTX_CM4.lib(rt_membox.o)
    0x00001ff4   0x00001ff4   0x00000028   Code   RO         3183    i.rt_free_mem       RTX_CM4.lib(rt_memory.o)
    0x0000201c   0x0000201c   0x00000028   Code   RO         2933    i.rt_get_first      RTX_CM4.lib(rt_list.o)
    0x00002044   0x00002044   0x00000008   Code   RO         1941    i.rt_id2obj         RTX_CM4.lib(rt_cmsis.o)
    0x0000204c   0x0000204c   0x00000048   Code   RO         2515    i.rt_init_context   RTX_CM4.lib(rt_task.o)
    0x00002094   0x00002094   0x0000001a   Code   RO         3184    i.rt_init_mem       RTX_CM4.lib(rt_memory.o)
    0x000020ae   0x000020ae   0x00000002   PAD
    0x000020b0   0x000020b0   0x00000018   Code   RO         3132    i.rt_init_robin     RTX_CM4.lib(rt_robin.o)
    0x000020c8   0x000020c8   0x00000080   Code   RO         3209    i.rt_init_stack     RTX_CM4.lib(hal_cm.o)
    0x00002148   0x00002148   0x00000008   Code   RO         3010    i.rt_mbx_check      RTX_CM4.lib(rt_mailbox.o)
    0x00002150   0x00002150   0x0000001a   Code   RO         3011    i.rt_mbx_init       RTX_CM4.lib(rt_mailbox.o)
    0x0000216a   0x0000216a   0x00000002   PAD
    0x0000216c   0x0000216c   0x000000f0   Code   RO         3012    i.rt_mbx_psh        RTX_CM4.lib(rt_mailbox.o)
    0x0000225c   0x0000225c   0x000000b4   Code   RO         3014    i.rt_mbx_wait       RTX_CM4.lib(rt_mailbox.o)
    0x00002310   0x00002310   0x00000044   Code   RO         1942    i.rt_ms2tick        RTX_CM4.lib(rt_cmsis.o)
    0x00002354   0x00002354   0x00000010   Code   RO         2598    i.rt_mut_init       RTX_CM4.lib(rt_mutex.o)
    0x00002364   0x00002364   0x000000d8   Code   RO         2599    i.rt_mut_release    RTX_CM4.lib(rt_mutex.o)
    0x0000243c   0x0000243c   0x00000078   Code   RO         2600    i.rt_mut_wait       RTX_CM4.lib(rt_mutex.o)
    0x000024b4   0x000024b4   0x0000007c   Code   RO         2804    i.rt_pop_req        RTX_CM4.lib(rt_system.o)
    0x00002530   0x00002530   0x00000020   Code   RO         2805    i.rt_psh_req        RTX_CM4.lib(rt_system.o)
    0x00002550   0x00002550   0x0000005c   Code   RO         2935    i.rt_psq_enq        RTX_CM4.lib(rt_list.o)
    0x000025ac   0x000025ac   0x00000048   Code   RO         2936    i.rt_put_dly        RTX_CM4.lib(rt_list.o)
    0x000025f4   0x000025f4   0x00000036   Code   RO         2937    i.rt_put_prio       RTX_CM4.lib(rt_list.o)
    0x0000262a   0x0000262a   0x00000002   PAD
    0x0000262c   0x0000262c   0x00000014   Code   RO         2938    i.rt_put_rdy_first  RTX_CM4.lib(rt_list.o)
    0x00002640   0x00002640   0x00000034   Code   RO         2939    i.rt_resort_prio    RTX_CM4.lib(rt_list.o)
    0x00002674   0x00002674   0x00000010   Code   RO         3210    i.rt_ret_regs       RTX_CM4.lib(hal_cm.o)
    0x00002684   0x00002684   0x0000000c   Code   RO         3211    i.rt_ret_val        RTX_CM4.lib(hal_cm.o)
    0x00002690   0x00002690   0x00000010   Code   RO         3212    i.rt_ret_val2       RTX_CM4.lib(hal_cm.o)
    0x000026a0   0x000026a0   0x00000028   Code   RO         2940    i.rt_rmv_dly        RTX_CM4.lib(rt_list.o)
    0x000026c8   0x000026c8   0x00000030   Code   RO         2941    i.rt_rmv_list       RTX_CM4.lib(rt_list.o)
    0x000026f8   0x000026f8   0x00000034   Code   RO         3059    i.rt_sem_psh        RTX_CM4.lib(rt_semaphore.o)
    0x0000272c   0x0000272c   0x00000024   Code   RO         2807    i.rt_stk_check      RTX_CM4.lib(rt_system.o)
    0x00002750   0x00002750   0x00000028   Code   RO         2516    i.rt_switch_req     RTX_CM4.lib(rt_task.o)
    0x00002778   0x00002778   0x000000cc   Code   RO         2517    i.rt_sys_init       RTX_CM4.lib(rt_task.o)
    0x00002844   0x00002844   0x00000078   Code   RO         2518    i.rt_sys_start      RTX_CM4.lib(rt_task.o)
    0x000028bc   0x000028bc   0x00000040   Code   RO         2809    i.rt_systick        RTX_CM4.lib(rt_system.o)
    0x000028fc   0x000028fc   0x00000012   Code   RO         1943    i.rt_tid2ptcb       RTX_CM4.lib(rt_cmsis.o)
    0x0000290e   0x0000290e   0x00000002   PAD
    0x00002910   0x00002910   0x00000034   Code   RO         1944    i.rt_timer_insert   RTX_CM4.lib(rt_cmsis.o)
    0x00002944   0x00002944   0x00000088   Code   RO         2519    i.rt_tsk_create     RTX_CM4.lib(rt_task.o)
    0x000029cc   0x000029cc   0x0000017c   Code   RO         2520    i.rt_tsk_delete     RTX_CM4.lib(rt_task.o)
    0x00002b48   0x00002b48   0x0000007c   Code   RO         2522    i.rt_tsk_prio       RTX_CM4.lib(rt_task.o)
    0x00002bc4   0x00002bc4   0x00000010   Code   RO         2523    i.rt_tsk_self       RTX_CM4.lib(rt_task.o)
    0x00002bd4   0x00002bd4   0x00000070   Code   RO         1947    i.svcKernelInitialize  RTX_CM4.lib(rt_cmsis.o)
    0x00002c44   0x00002c44   0x00000048   Code   RO         1949    i.svcKernelStart    RTX_CM4.lib(rt_cmsis.o)
    0x00002c8c   0x00002c8c   0x00000024   Code   RO         1952    i.svcMessageCreate  RTX_CM4.lib(rt_cmsis.o)
    0x00002cb0   0x00002cb0   0x0000003a   Code   RO         1953    i.svcMessageGet     RTX_CM4.lib(rt_cmsis.o)
    0x00002cea   0x00002cea   0x00000002   PAD
    0x00002cec   0x00002cec   0x0000006c   Code   RO         1967    i.svcThreadCreate   RTX_CM4.lib(rt_cmsis.o)
    0x00002d58   0x00002d58   0x0000001c   Code   RO         1968    i.svcThreadGetId    RTX_CM4.lib(rt_cmsis.o)
    0x00002d74   0x00002d74   0x00000038   Code   RO         1971    i.svcThreadTerminate  RTX_CM4.lib(rt_cmsis.o)
    0x00002dac   0x00002dac   0x00000018   Code   RO         1973    i.svcTimerCall      RTX_CM4.lib(rt_cmsis.o)
    0x00002dc4   0x00002dc4   0x0000005c   Code   RO         1982    i.sysTimerTick      RTX_CM4.lib(rt_cmsis.o)
    0x00002e20   0x00002e20   0x0000000a   Code   RO         3408    x$fpl$fpinit        fz_wm.l(fpinit.o)
    0x00002e2a   0x00002e2a   0x00000002   PAD
    0x00002e2c   0x00002e2c   0x00000010   Data   RO            6    .constdata          exemplotiva.o
    0x00002e3c   0x00002e3c   0x00000600   Data   RO           96    .constdata          airplane.o
    0x0000343c   0x0000343c   0x00000600   Data   RO          103    .constdata          buffalo.o
    0x00003a3c   0x00003a3c   0x00000600   Data   RO          110    .constdata          bus.o
    0x0000403c   0x0000403c   0x00000600   Data   RO          117    .constdata          car.o
    0x0000463c   0x0000463c   0x00000028   Data   RO          179    .constdata          cfaf128x128x16.o
    0x00004664   0x00004664   0x00000002   Data   RO          261    .constdata          rtx_conf_cm.o
    0x00004666   0x00004666   0x00000002   PAD
    0x00004668   0x00004668   0x00000004   Data   RO          262    .constdata          rtx_conf_cm.o
    0x0000466c   0x0000466c   0x00000004   Data   RO          263    .constdata          rtx_conf_cm.o
    0x00004670   0x00004670   0x00000004   Data   RO          267    .constdata          rtx_conf_cm.o
    0x00004674   0x00004674   0x00000001   Data   RO          268    .constdata          rtx_conf_cm.o
    0x00004675   0x00004675   0x00000003   PAD
    0x00004678   0x00004678   0x00000010   Data   RO          269    .constdata          rtx_conf_cm.o
    0x00004688   0x00004688   0x00000002   Data   RO          270    .constdata          rtx_conf_cm.o
    0x0000468a   0x0000468a   0x00000002   PAD
    0x0000468c   0x0000468c   0x00000004   Data   RO          271    .constdata          rtx_conf_cm.o
    0x00004690   0x00004690   0x00000004   Data   RO          272    .constdata          rtx_conf_cm.o
    0x00004694   0x00004694   0x00000001   Data   RO          273    .constdata          rtx_conf_cm.o
    0x00004695   0x00004695   0x00000003   PAD
    0x00004698   0x00004698   0x00000010   Data   RO          274    .constdata          rtx_conf_cm.o
    0x000046a8   0x000046a8   0x00000008   Data   RO          275    .constdata          rtx_conf_cm.o
    0x000046b0   0x000046b0   0x00000002   Data   RO          276    .constdata          rtx_conf_cm.o
    0x000046b2   0x000046b2   0x00000002   PAD
    0x000046b4   0x000046b4   0x00000010   Data   RO          277    .constdata          rtx_conf_cm.o
    0x000046c4   0x000046c4   0x00000254   Data   RO         1419    .constdata          driverlib.lib(sysctl.o)
    0x00004918   0x00004918   0x00000010   Data   RO         1714    .constdata          grlib.lib(context.o)
    0x00004928   0x00004928   0x000002f8   Data   RO         1746    .constdata          grlib.lib(fontfixed6x8.o)
    0x00004c20   0x00004c20   0x000000c8   Data   RO         1747    .constdata          grlib.lib(fontfixed6x8.o)
    0x00004ce8   0x00004ce8   0x00000020   Data   RO         3442    Region$$Table       anon$$obj.o


    Execution Region RW_IRAM1 (Exec base: 0x20000000, Load base: 0x00004d08, Size: 0x000026e0, Max: 0x00040000, ABSOLUTE)

    Exec Addr    Load Addr    Size         Type   Attr      Idx    E Section Name        Object

    0x20000000   0x00004d08   0x00000004   Data   RW            7    .data               exemplotiva.o
    0x20000004   0x00004d0c   0x00000008   Data   RW          180    .data               cfaf128x128x16.o
    0x2000000c   0x00004d14   0x00000004   Data   RW          279    .data               rtx_conf_cm.o
    0x20000010   0x00004d18   0x00000004   Data   RW          280    .data               rtx_conf_cm.o
    0x20000014   0x00004d1c   0x00000004   Data   RW          281    .data               rtx_conf_cm.o
    0x20000018   0x00004d20   0x00000004   Data   RW          282    .data               rtx_conf_cm.o
    0x2000001c   0x00004d24   0x00000004   Data   RW          317    .data               system_tm4c129.o
    0x20000020   0x00004d28   0x00000004   Data   RW         1715    .data               grlib.lib(context.o)
    0x20000024   0x00004d2c   0x00000008   Data   RW         1985    .data               RTX_CM4.lib(rt_cmsis.o)
    0x2000002c   0x00004d34   0x00000008   Data   RW         2525    .data               RTX_CM4.lib(rt_task.o)
    0x20000034   0x00004d3c   0x00000008   Data   RW         2812    .data               RTX_CM4.lib(rt_system.o)
    0x2000003c   0x00004d44   0x00000004   Data   RW         3102    .data               RTX_CM4.lib(rt_time.o)
    0x20000040   0x00004d48   0x00000008   Data   RW         3133    .data               RTX_CM4.lib(rt_robin.o)
    0x20000048   0x00004d50   0x00000001   Data   RW         3213    .data               RTX_CM4.lib(hal_cm.o)
    0x20000049   0x00004d51   0x00000003   PAD
    0x2000004c        -       0x0000002c   Zero   RW            5    .bss                exemplotiva.o
    0x20000078        -       0x00000020   Zero   RW          254    .bss                rtx_conf_cm.o
    0x20000098        -       0x000001e0   Zero   RW          255    .bss                rtx_conf_cm.o
    0x20000278        -       0x00001910   Zero   RW          256    .bss                rtx_conf_cm.o
    0x20001b88        -       0x00000408   Zero   RW          257    .bss                rtx_conf_cm.o
    0x20001f90        -       0x00000084   Zero   RW          258    .bss                rtx_conf_cm.o
    0x20002014        -       0x00000024   Zero   RW          259    .bss                rtx_conf_cm.o
    0x20002038        -       0x000003e0   Zero   RW          260    .bss                rtx_conf_cm.o
    0x20002418        -       0x00000034   Zero   RW         2524    .bss                RTX_CM4.lib(rt_task.o)
    0x2000244c        -       0x00000030   Zero   RW         2942    .bss                RTX_CM4.lib(rt_list.o)
    0x2000247c        -       0x00000060   Zero   RW         3275    .bss                c_w.l(libspace.o)
    0x200024dc   0x00004d51   0x00000004   PAD
    0x200024e0        -       0x00000000   Zero   RW          307    HEAP                startup_tm4c129.o
    0x200024e0        -       0x00000200   Zero   RW          306    STACK               startup_tm4c129.o


==============================================================================

Image component sizes


      Code (inc. data)   RO Data    RW Data    ZI Data      Debug   Object Name

         0          0       1536          0          0        601   airplane.o
         0          0       1536          0          0        592   buffalo.o
         0          0       1536          0          0        576   bus.o
        92         10          0          0          0        964   buttons.o
         0          0       1536          0          0        576   car.o
      1788         94         40          8          0      10982   cfaf128x128x16.o
       364         22         16          4         44      32506   exemplotiva.o
       168         36         84         16       9120       9333   rtx_conf_cm.o
       300         22        512          0        512       6120   startup_tm4c129.o
        40         14          0          4          0       1069   system_tm4c129.o
       468         92          0          0          0        468   utils.o

    ----------------------------------------------------------------------
      3220        290       6840         32       9676      63787   Object Totals
         0          0         32          0          0          0   (incl. Generated)
         0          0         12          0          0          0   (incl. Padding)

    ----------------------------------------------------------------------

      Code (inc. data)   RO Data    RW Data    ZI Data      Debug   Library Member Name

       268         24          0          1          0       4472   hal_cm.o
       408         34          0          0          0        816   hal_cm4.o
      1110        138          0          8          0      34689   rt_cmsis.o
        80          4          0          0          0        701   rt_event.o
       530         34          0          0         48       8601   rt_list.o
       554         10          0          0          0       4189   rt_mailbox.o
       140          0          0          0          0       2045   rt_membox.o
       128          0          0          0          0       2419   rt_memory.o
       352         14          0          0          0       2229   rt_mutex.o
        96         22          0          8          0       1230   rt_robin.o
        52          4          0          0          0        613   rt_semaphore.o
       298         52          0          8          0       6439   rt_system.o
      1216        174          0          8         52      10045   rt_task.o
         0          0          0          4          0        210   rt_time.o
         4          4          0          0          0        200   svc_table.o
         8          0          0          0          0         68   __main.o
         0          0          0          0          0          0   __rtentry.o
        20          0          0          0          0          0   __rtentry2.o
         6          0          0          0          0          0   __rtentry4.o
        52          8          0          0          0          0   __scatter.o
        26          0          0          0          0          0   __scatter_copy.o
        28          0          0          0          0          0   __scatter_zi.o
        18          0          0          0          0         80   exit.o
         6          0          0          0          0        152   heapauxi.o
         0          0          0          0          0          0   indicate_semi.o
         2          0          0          0          0          0   libinit.o
         6          0          0          0          0          0   libinit2.o
         2          0          0          0          0          0   libshutdown.o
         2          0          0          0          0          0   libshutdown2.o
         8          4          0          0         96         68   libspace.o
         2          0          0          0          0          0   rtexit.o
        10          0          0          0          0          0   rtexit2.o
        12          4          0          0          0         68   sys_exit.o
        74          0          0          0          0         80   sys_stackheap_outer.o
         2          0          0          0          0         68   use_no_semi.o
       386          0          0          0          0       6689   gpio.o
       832         50        596          0          0       5470   sysctl.o
        10          0          0          0          0        116   fpinit.o
         8          0          0          0          0       1494   charmap.o
       100         12         16          4          0      26443   context.o
         0          0        960          0          0      25662   fontfixed6x8.o
      1208          0          0          0          0       8352   string.o

    ----------------------------------------------------------------------
      8088        592       1572         44        200     153708   Library Totals
        24          0          0          3          4          0   (incl. Padding)

    ----------------------------------------------------------------------

      Code (inc. data)   RO Data    RW Data    ZI Data      Debug   Library Name

      5236        514          0         37        100      78898   RTX_CM4.lib
       284         16          0          0         96        584   c_w.l
      1218         50        596          0          0      12159   driverlib.lib
        10          0          0          0          0        116   fz_wm.l
      1316         12        976          4          0      61951   grlib.lib

    ----------------------------------------------------------------------
      8088        592       1572         44        200     153708   Library Totals

    ----------------------------------------------------------------------

==============================================================================


      Code (inc. data)   RO Data    RW Data    ZI Data      Debug   

     11308        882       8412         76       9876     208639   Grand Totals
     11308        882       8412         76       9876     208639   ELF Image Totals
     11308        882       8412         76          0          0   ROM Totals

==============================================================================

    Total RO  Size (Code + RO Data)                19720 (  19.26kB)
    Total RW  Size (RW Data + ZI Data)              9952 (   9.72kB)
    Total ROM Size (Code + RO Data + RW Data)      19796 (  19.33kB)

==============================================================================

