Component: ARM Compiler 5.06 update 6 (build 750) Tool: armlink [4d35ed]

==============================================================================

Section Cross References

    exemplotiva.o(.text) refers to cfaf128x128x16.o(.text) for cfaf128x128x16Init
    exemplotiva.o(.text) refers to buttons.o(.text) for button_init
    exemplotiva.o(.text) refers to utils.o(.text) for SysTick_Init
    exemplotiva.o(.text) refers to context.o(i.GrContextInit) for GrContextInit
    exemplotiva.o(.text) refers to string.o(i.GrContextFontSet) for GrContextFontSet
    exemplotiva.o(.text) refers to image.o(.text) for resizeImage
    exemplotiva.o(.text) refers to cfaf128x128x16.o(.constdata) for g_sCfaf128x128x16
    exemplotiva.o(.text) refers to exemplotiva.o(.bss) for .bss
    exemplotiva.o(.text) refers to fontfixed6x8.o(.constdata) for g_sFontFixed6x8
    exemplotiva.o(.text) refers to exemplotiva.o(.data) for .data
    exemplotiva.o(.data) refers to airplane.o(.constdata) for airplane_image
    exemplotiva.o(.data) refers to car.o(.constdata) for car_image
    image.o(.text) refers to exemplotiva.o(.data) for images
    image.o(.text) refers to exemplotiva.o(.data) for current_image
    image.o(.text) refers to exemplotiva.o(.bss) for image
    image.o(.text) refers to exemplotiva.o(.constdata) for IMAGE_WIDTH
    image.o(.text) refers to exemplotiva.o(.constdata) for IMAGE_HEIGTH
    image.o(.text) refers to exemplotiva.o(.constdata) for DISPLAY_WIDTH
    image.o(.text) refers to exemplotiva.o(.constdata) for DISPLAY_HEIGTH
    buttons.o(.text) refers to sysctl.o(i.SysCtlPeripheralEnable) for SysCtlPeripheralEnable
    buttons.o(.text) refers to sysctl.o(i.SysCtlPeripheralReady) for SysCtlPeripheralReady
    buttons.o(.text) refers to gpio.o(i.GPIOPinTypeGPIOInput) for GPIOPinTypeGPIOInput
    buttons.o(.text) refers to gpio.o(i.GPIOPinRead) for GPIOPinRead
    cfaf128x128x16.o(.text) refers to cfaf128x128x16.o(.data) for .data
    cfaf128x128x16.o(.text) refers to sysctl.o(i.SysCtlClockFreqSet) for SysCtlClockFreqSet
    cfaf128x128x16.o(.constdata) refers to cfaf128x128x16.o(.text) for cfaf128x128x16PixelDraw
    opt.o(.text) refers to i2c.o(i.I2CMasterSlaveAddrSet) for I2CMasterSlaveAddrSet
    opt.o(.text) refers to i2c.o(i.I2CMasterDataPut) for I2CMasterDataPut
    opt.o(.text) refers to i2c.o(i.I2CMasterBusBusy) for I2CMasterBusBusy
    opt.o(.text) refers to sysctl.o(.emb_text) for SysCtlDelay
    opt.o(.text) refers to i2c.o(i.I2CMasterControl) for I2CMasterControl
    opt.o(.text) refers to i2c.o(i.I2CMasterBusy) for I2CMasterBusy
    opt.o(.text) refers to i2c.o(i.I2CMasterErr) for I2CMasterErr
    opt.o(.text) refers to i2c.o(i.I2CMasterDataGet) for I2CMasterDataGet
    opt.o(.text) refers to i2c.o(i.I2CMasterBurstLengthSet) for I2CMasterBurstLengthSet
    opt.o(.text) refers to i2c.o(i.I2CMasterIntClearEx) for I2CMasterIntClearEx
    opt.o(.text) refers to i2c.o(i.I2CMasterIntClear) for I2CMasterIntClear
    opt.o(.text) refers to opt.o(.data) for .data
    opt.o(.text) refers to sysctl.o(i.SysCtlClockFreqSet) for SysCtlClockFreqSet
    opt.o(.text) refers to sysctl.o(i.SysCtlPeripheralEnable) for SysCtlPeripheralEnable
    opt.o(.text) refers to sysctl.o(i.SysCtlPeripheralReset) for SysCtlPeripheralReset
    opt.o(.text) refers to sysctl.o(i.SysCtlPeripheralReady) for SysCtlPeripheralReady
    opt.o(.text) refers to gpio.o(i.GPIOPinTypeGPIOInput) for GPIOPinTypeGPIOInput
    opt.o(.text) refers to gpio.o(i.GPIOPinConfigure) for GPIOPinConfigure
    opt.o(.text) refers to gpio.o(i.GPIOPinTypeI2CSCL) for GPIOPinTypeI2CSCL
    opt.o(.text) refers to gpio.o(i.GPIOPinTypeI2C) for GPIOPinTypeI2C
    opt.o(.text) refers to i2c.o(i.I2CMasterTimeoutSet) for I2CMasterTimeoutSet
    opt.o(.text) refers to i2c.o(i.I2CMasterGlitchFilterConfigSet) for I2CMasterGlitchFilterConfigSet
    opt.o(.text) refers to i2c.o(i.I2CMasterInitExpClk) for I2CMasterInitExpClk
    opt.o(.text) refers to i2c.o(i.I2CMasterIntEnableEx) for I2CMasterIntEnableEx
    opt.o(.text) refers to i2c.o(i.I2CIntRegister) for I2CIntRegister
    opt.o(.text) refers to interrupt.o(i.IntEnable) for IntEnable
    opt.o(.text) refers to i2c.o(i.I2CMasterEnable) for I2CMasterEnable
    rgb.o(.text) refers to pwm.o(i.PWMOutputState) for PWMOutputState
    rgb.o(.text) refers to pwm.o(i.PWMGenPeriodGet) for PWMGenPeriodGet
    rgb.o(.text) refers to pwm.o(i.PWMPulseWidthSet) for PWMPulseWidthSet
    rgb.o(.text) refers to sysctl.o(i.SysCtlClockFreqSet) for SysCtlClockFreqSet
    rgb.o(.text) refers to sysctl.o(i.SysCtlPeripheralEnable) for SysCtlPeripheralEnable
    rgb.o(.text) refers to sysctl.o(i.SysCtlPeripheralReady) for SysCtlPeripheralReady
    rgb.o(.text) refers to pwm.o(i.PWMGenDisable) for PWMGenDisable
    rgb.o(.text) refers to gpio.o(i.GPIOPinTypePWM) for GPIOPinTypePWM
    rgb.o(.text) refers to pwm.o(i.PWMClockSet) for PWMClockSet
    rgb.o(.text) refers to gpio.o(i.GPIOPinConfigure) for GPIOPinConfigure
[...]
    .ARM.Collect$$rtentry$$00000002          0x00000280   Section        0  __rtentry2.o(.ARM.Collect$$rtentry$$00000002)
    .ARM.Collect$$rtentry$$00000004          0x00000280   Section        6  __rtentry4.o(.ARM.Collect$$rtentry$$00000004)
    .ARM.Collect$$rtentry$$00000009          0x00000286   Section        0  __rtentry2.o(.ARM.Collect$$rtentry$$00000009)
    .ARM.Collect$$rtentry$$0000000A          0x00000286   Section        4  __rtentry2.o(.ARM.Collect$$rtentry$$0000000A)
    .ARM.Collect$$rtentry$$0000000B          0x0000028a   Section        8  __rtentry2.o(.ARM.Collect$$rtentry$$0000000B)
    .ARM.Collect$$rtentry$$0000000D          0x00000292   Section        8  __rtentry2.o(.ARM.Collect$$rtentry$$0000000D)
    .ARM.Collect$$rtexit$$00000000           0x0000029a   Section        2  rtexit.o(.ARM.Collect$$rtexit$$00000000)
    .ARM.Collect$$rtexit$$00000002           0x0000029c   Section        0  rtexit2.o(.ARM.Collect$$rtexit$$00000002)
    .ARM.Collect$$rtexit$$00000003           0x0000029c   Section        4  rtexit2.o(.ARM.Collect$$rtexit$$00000003)
    .ARM.Collect$$rtexit$$00000004           0x000002a0   Section        6  rtexit2.o(.ARM.Collect$$rtexit$$00000004)
    .emb_text                                0x000002a8   Section       28  rtx_conf_cm.o(.emb_text)
    $v0                                      0x000002a8   Number         0  rtx_conf_cm.o(.emb_text)
    .emb_text                                0x000002c4   Section      408  hal_cm4.o(.emb_text)
    $v0                                      0x000002c4   Number         0  hal_cm4.o(.emb_text)
    .text                                    0x0000045c   Section        0  exemplotiva.o(.text)
    .text                                    0x000006b0   Section      468  utils.o(.text)
    $v0                                      0x000006b0   Number         0  utils.o(.text)
    .text                                    0x00000884   Section      372  image.o(.text)
    $v0                                      0x00000884   Number         0  image.o(.text)
    .text                                    0x000009f8   Section        0  buttons.o(.text)
    .text                                    0x00000a54   Section        0  cfaf128x128x16.o(.text)
    swap_ui16                                0x00000a55   Thumb Code    10  cfaf128x128x16.o(.text)
    swap_i32                                 0x00000a5f   Thumb Code    10  cfaf128x128x16.o(.text)
    cfaf128x128x16SsiTransfer                0x00000a69   Thumb Code    46  cfaf128x128x16.o(.text)
    cfaf128x128x16WriteCommand               0x00000a97   Thumb Code    56  cfaf128x128x16.o(.text)
    cfaf128x128x16WriteData                  0x00000acf   Thumb Code    70  cfaf128x128x16.o(.text)
    cfaf128x128x16WriteRegister              0x00000b15   Thumb Code    16  cfaf128x128x16.o(.text)
    cfaf128x128x16SetWindow                  0x00000b25   Thumb Code   192  cfaf128x128x16.o(.text)
    cfaf128x128x16PixelDraw                  0x00000c85   Thumb Code    10  cfaf128x128x16.o(.text)
    cfaf128x128x16PixelDrawMultiple          0x00000c8f   Thumb Code   360  cfaf128x128x16.o(.text)
    cfaf128x128x16LineDrawH                  0x00000df7   Thumb Code    46  cfaf128x128x16.o(.text)
    cfaf128x128x16LineDrawV                  0x00000e25   Thumb Code    60  cfaf128x128x16.o(.text)
    cfaf128x128x16RectFill                   0x00000e61   Thumb Code    80  cfaf128x128x16.o(.text)
    cfaf128x128x16ColorTranslate             0x00000eb1   Thumb Code    22  cfaf128x128x16.o(.text)
    cfaf128x128x16Flush                      0x00000ec7   Thumb Code     2  cfaf128x128x16.o(.text)
    .text                                    0x00001150   Section        0  rtx_conf_cm.o(.text)
    __tagsym$$used                           0x00001197   Number         0  rtx_conf_cm.o(.text)
    __tagsym$$used                           0x000011ad   Number         0  rtx_conf_cm.o(.text)
    .text                                    0x000011dc   Section      300  startup_tm4c129.o(.text)
    $v0                                      0x000011dc   Number         0  startup_tm4c129.o(.text)
    .text                                    0x00001308   Section        0  system_tm4c129.o(.text)
    .text                                    0x00001330   Section        8  libspace.o(.text)
    .text                                    0x00001338   Section        0  exit.o(.text)
    .text                                    0x0000134a   Section        0  heapauxi.o(.text)
    .text                                    0x00001350   Section        0  sys_exit.o(.text)
    .text                                    0x0000135c   Section       74  sys_stackheap_outer.o(.text)
    .text                                    0x000013a6   Section        2  use_no_semi.o(.text)
    .text                                    0x000013a8   Section        0  indicate_semi.o(.text)
    SVC_TABLE                                0x000013a8   Section        4  svc_table.o(SVC_TABLE)
    i.GPIODirModeSet                         0x000013ac   Section        0  gpio.o(i.GPIODirModeSet)
    i.GPIOPadConfigSet                       0x000013d4   Section        0  gpio.o(i.GPIOPadConfigSet)
    i.GPIOPinRead                            0x0000150c   Section        0  gpio.o(i.GPIOPinRead)
    i.GPIOPinTypeGPIOInput                   0x00001512   Section        0  gpio.o(i.GPIOPinTypeGPIOInput)
    i.GrContextFontSet                       0x0000152e   Section        0  string.o(i.GrContextFontSet)
    i.GrContextInit                          0x00001534   Section        0  context.o(i.GrContextInit)
    i.GrDefaultStringRenderer                0x00001598   Section        0  string.o(i.GrDefaultStringRenderer)
    i.GrFontGlyphDataGet                     0x000016b0   Section        0  string.o(i.GrFontGlyphDataGet)
    i.GrFontGlyphRender                      0x00001756   Section        0  string.o(i.GrFontGlyphRender)
    i.GrMapISO8859_1_Unicode                 0x000019de   Section        0  charmap.o(i.GrMapISO8859_1_Unicode)
    i.SysCtlClockFreqSet                     0x000019e8   Section        0  sysctl.o(i.SysCtlClockFreqSet)
    i.SysCtlPeripheralEnable                 0x00001cd4   Section        0  sysctl.o(i.SysCtlPeripheralEnable)
    i.SysCtlPeripheralReady                  0x00001cfc   Section        0  sysctl.o(i.SysCtlPeripheralReady)
    i.UpdateContextCharMapping               0x00001d28   Section        0  string.o(i.UpdateContextCharMapping)
    UpdateContextCharMapping                 0x00001d29   Thumb Code   108  string.o(i.UpdateContextCharMapping)
    i._init_box                              0x00001d94   Section        0  rt_membox.o(i._init_box)
    i.dbg_init                               0x00001ddc   Section        0  hal_cm.o(i.dbg_init)
    i.dbg_task_notify                        0x00001e0c   Section        0  hal_cm.o(i.dbg_task_notify)
    i.dbg_task_switch                        0x00001e2c   Section        0  hal_cm.o(i.dbg_task_switch)
    i.isrMessageGet                          0x00001e3c   Section        0  rt_cmsis.o(i.isrMessageGet)
    i.isrMessagePut                          0x00001e66   Section        0  rt_cmsis.o(i.isrMessagePut)
    i.isr_mbx_receive                        0x00001e94   Section        0  rt_mailbox.o(i.isr_mbx_receive)
    i.isr_mbx_send                           0x00001eea   Section        0  rt_mailbox.o(i.isr_mbx_send)
    i.osKernelInitialize                     0x00001ef8   Section        0  rt_cmsis.o(i.osKernelInitialize)
    i.osKernelStart                          0x00001f1c   Section        0  rt_cmsis.o(i.osKernelStart)
    i.osMessageGet                           0x00001f88   Section        0  rt_cmsis.o(i.osMessageGet)
    i.osThreadCreate                         0x00001fa0   Section        0  rt_cmsis.o(i.osThreadCreate)
    i.osThreadExit                           0x00001fcc   Section        0  rt_cmsis.o(i.osThreadExit)
    i.osTimerCall                            0x00001fe4   Section        0  rt_cmsis.o(i.osTimerCall)
    i.osTimerThread                          0x00001ff0   Section        0  rt_cmsis.o(i.osTimerThread)
    i.os_tick_init                           0x0000201c   Section        0  rt_system.o(i.os_tick_init)
    i.os_tick_irqack                         0x00002044   Section        0  rt_system.o(i.os_tick_irqack)
    i.rt_alloc_box                           0x00002046   Section        0  rt_membox.o(i.rt_alloc_box)
    i.rt_alloc_mem                           0x00002060   Section        0  rt_memory.o(i.rt_alloc_mem)
    i.rt_block                               0x000020a0   Section        0  rt_task.o(i.rt_block)
    i.rt_chk_robin                           0x000020d8   Section        0  rt_robin.o(i.rt_chk_robin)
    i.rt_dec_dly                             0x00002120   Section        0  rt_list.o(i.rt_dec_dly)
    i.rt_dispatch                            0x00002190   Section        0  rt_task.o(i.rt_dispatch)
    i.rt_evt_psh                             0x000021d4   Section        0  rt_event.o(i.rt_evt_psh)
    i.rt_free_box                            0x00002224   Section        0  rt_membox.o(i.rt_free_box)
    i.rt_free_mem                            0x00002250   Section        0  rt_memory.o(i.rt_free_mem)
    i.rt_get_first                           0x00002278   Section        0  rt_list.o(i.rt_get_first)
    i.rt_id2obj                              0x000022a0   Section        0  rt_cmsis.o(i.rt_id2obj)
    rt_id2obj                                0x000022a1   Thumb Code     8  rt_cmsis.o(i.rt_id2obj)
    i.rt_init_context                        0x000022a8   Section        0  rt_task.o(i.rt_init_context)
    rt_init_context                          0x000022a9   Thumb Code    66  rt_task.o(i.rt_init_context)
    i.rt_init_mem                            0x000022f0   Section        0  rt_memory.o(i.rt_init_mem)
    i.rt_init_robin                          0x0000230c   Section        0  rt_robin.o(i.rt_init_robin)
    i.rt_init_stack                          0x00002324   Section        0  hal_cm.o(i.rt_init_stack)
    i.rt_mbx_check                           0x000023a4   Section        0  rt_mailbox.o(i.rt_mbx_check)
    i.rt_mbx_init                            0x000023ac   Section        0  rt_mailbox.o(i.rt_mbx_init)
    i.rt_mbx_psh                             0x000023c8   Section        0  rt_mailbox.o(i.rt_mbx_psh)
    i.rt_mbx_wait                            0x000024b8   Section        0  rt_mailbox.o(i.rt_mbx_wait)
    i.rt_ms2tick                             0x0000256c   Section        0  rt_cmsis.o(i.rt_ms2tick)
    rt_ms2tick                               0x0000256d   Thumb Code    58  rt_cmsis.o(i.rt_ms2tick)
    i.rt_mut_init                            0x000025b0   Section        0  rt_mutex.o(i.rt_mut_init)
    i.rt_mut_release                         0x000025c0   Section        0  rt_mutex.o(i.rt_mut_release)
    i.rt_mut_wait                            0x00002698   Section        0  rt_mutex.o(i.rt_mut_wait)
    i.rt_pop_req                             0x00002710   Section        0  rt_system.o(i.rt_pop_req)
    i.rt_psh_req                             0x0000278c   Section        0  rt_system.o(i.rt_psh_req)
    i.rt_psq_enq                             0x000027ac   Section        0  rt_list.o(i.rt_psq_enq)
    i.rt_put_dly                             0x00002808   Section        0  rt_list.o(i.rt_put_dly)
    i.rt_put_prio                            0x00002850   Section        0  rt_list.o(i.rt_put_prio)
    i.rt_put_rdy_first                       0x00002888   Section        0  rt_list.o(i.rt_put_rdy_first)
    i.rt_resort_prio                         0x0000289c   Section        0  rt_list.o(i.rt_resort_prio)
    i.rt_ret_regs                            0x000028d0   Section        0  hal_cm.o(i.rt_ret_regs)
    rt_ret_regs                              0x000028d1   Thumb Code    16  hal_cm.o(i.rt_ret_regs)
    i.rt_ret_val                             0x000028e0   Section        0  hal_cm.o(i.rt_ret_val)
    i.rt_ret_val2                            0x000028ec   Section        0  hal_cm.o(i.rt_ret_val2)
    i.rt_rmv_dly                             0x000028fc   Section        0  rt_list.o(i.rt_rmv_dly)
    i.rt_rmv_list                            0x00002924   Section        0  rt_list.o(i.rt_rmv_list)
    i.rt_sem_psh                             0x00002954   Section        0  rt_semaphore.o(i.rt_sem_psh)
    i.rt_stk_check                           0x00002988   Section        0  rt_system.o(i.rt_stk_check)
    i.rt_switch_req                          0x000029ac   Section        0  rt_task.o(i.rt_switch_req)
    i.rt_sys_init                            0x000029d4   Section        0  rt_task.o(i.rt_sys_init)
    i.rt_sys_start                           0x00002aa0   Section        0  rt_task.o(i.rt_sys_start)
    i.rt_systick                             0x00002b18   Section        0  rt_system.o(i.rt_systick)
    i.rt_tid2ptcb                            0x00002b58   Section        0  rt_cmsis.o(i.rt_tid2ptcb)
    rt_tid2ptcb                              0x00002b59   Thumb Code    18  rt_cmsis.o(i.rt_tid2ptcb)
    i.rt_timer_insert                        0x00002b6c   Section        0  rt_cmsis.o(i.rt_timer_insert)
    rt_timer_insert                          0x00002b6d   Thumb Code    48  rt_cmsis.o(i.rt_timer_insert)
    i.rt_tsk_create                          0x00002ba0   Section        0  rt_task.o(i.rt_tsk_create)
    i.rt_tsk_delete                          0x00002c28   Section        0  rt_task.o(i.rt_tsk_delete)
    i.rt_tsk_prio                            0x00002da4   Section        0  rt_task.o(i.rt_tsk_prio)
    i.rt_tsk_self                            0x00002e20   Section        0  rt_task.o(i.rt_tsk_self)
    i.svcKernelInitialize                    0x00002e30   Section        0  rt_cmsis.o(i.svcKernelInitialize)
    i.svcKernelStart                         0x00002ea0   Section        0  rt_cmsis.o(i.svcKernelStart)
    i.svcMessageCreate                       0x00002ee8   Section        0  rt_cmsis.o(i.svcMessageCreate)
    i.svcMessageGet                          0x00002f0c   Section        0  rt_cmsis.o(i.svcMessageGet)
    i.svcThreadCreate                        0x00002f48   Section        0  rt_cmsis.o(i.svcThreadCreate)
    i.svcThreadGetId                         0x00002fb4   Section        0  rt_cmsis.o(i.svcThreadGetId)
    i.svcThreadTerminate                     0x00002fd0   Section        0  rt_cmsis.o(i.svcThreadTerminate)
    i.svcTimerCall                           0x00003008   Section        0  rt_cmsis.o(i.svcTimerCall)
    i.sysTimerTick                           0x00003020   Section        0  rt_cmsis.o(i.sysTimerTick)
    x$fpl$fpinit                             0x0000307c   Section       10  fpinit.o(x$fpl$fpinit)
    $v0                                      0x0000307c   Number         0  fpinit.o(x$fpl$fpinit)
    .constdata                               0x00003086   Section        1  exemplotiva.o(.constdata)
    .constdata                               0x00003087   Section        1  exemplotiva.o(.constdata)
    .constdata                               0x00003088   Section        1  exemplotiva.o(.constdata)
    .constdata                               0x00003089   Section        1  exemplotiva.o(.constdata)
    .constdata                               0x0000308a   Section     1536  airplane.o(.constdata)
    .constdata                               0x0000368a   Section     1536  car.o(.constdata)
    .constdata                               0x00003c8c   Section       40  cfaf128x128x16.o(.constdata)
    .constdata                               0x00003cb4   Section        2  rtx_conf_cm.o(.constdata)
    .constdata                               0x00003cb8   Section        4  rtx_conf_cm.o(.constdata)
    .constdata                               0x00003cbc   Section        4  rtx_conf_cm.o(.constdata)
    .constdata                               0x00003cc0   Section        4  rtx_conf_cm.o(.constdata)
    .constdata                               0x00003cc4   Section        1  rtx_conf_cm.o(.constdata)
    .constdata                               0x00003cc8   Section       16  rtx_conf_cm.o(.constdata)
    __tagsym$$used                           0x00003cc8   Number         0  rtx_conf_cm.o(.constdata)
    __tagsym$$used                           0x00003ccc   Number         0  rtx_conf_cm.o(.constdata)
    __tagsym$$used                           0x00003cd0   Number         0  rtx_conf_cm.o(.constdata)
    __tagsym$$used                           0x00003cd4   Number         0  rtx_conf_cm.o(.constdata)
    .constdata                               0x00003cd8   Section        2  rtx_conf_cm.o(.constdata)
    .constdata                               0x00003cdc   Section        4  rtx_conf_cm.o(.constdata)
    .constdata                               0x00003ce0   Section        4  rtx_conf_cm.o(.constdata)
    .constdata                               0x00003ce4   Section        1  rtx_conf_cm.o(.constdata)
    .constdata                               0x00003ce8   Section       16  rtx_conf_cm.o(.constdata)
    .constdata                               0x00003cf8   Section        8  rtx_conf_cm.o(.constdata)
    .constdata                               0x00003d00   Section        2  rtx_conf_cm.o(.constdata)
    .constdata                               0x00003d04   Section       16  rtx_conf_cm.o(.constdata)
    .constdata                               0x00003d14   Section      596  sysctl.o(.constdata)
    g_pui32VCOFrequencies                    0x00003d14   Data           8  sysctl.o(.constdata)
    g_pui32Xtals                             0x00003d1c   Data         108  sysctl.o(.constdata)
    g_pppui32XTALtoVCO                       0x00003d88   Data         432  sysctl.o(.constdata)
    g_sXTALtoMEMTIM                          0x00003f38   Data          48  sysctl.o(.constdata)
    .constdata                               0x00003f68   Section       16  context.o(.constdata)
    .constdata                               0x00003f78   Section      760  fontfixed6x8.o(.constdata)
    g_pui8FontFixed6x8Data                   0x00003f78   Data         760  fontfixed6x8.o(.constdata)
    .constdata                               0x00004270   Section      200  fontfixed6x8.o(.constdata)
    .data                                    0x20000000   Section        8  exemplotiva.o(.data)
    .data                                    0x20000008   Section        8  exemplotiva.o(.data)
    .data                                    0x20000010   Section        8  cfaf128x128x16.o(.data)
    _orientation                             0x20000010   Data           1  cfaf128x128x16.o(.data)
    g_ui32SysClock                           0x20000014   Data           4  cfaf128x128x16.o(.data)
    .data                                    0x20000018   Section        4  rtx_conf_cm.o(.data)
    .data                                    0x2000001c   Section        4  rtx_conf_cm.o(.data)
    .data                                    0x20000020   Section        4  rtx_conf_cm.o(.data)
    .data                                    0x20000024   Section        4  rtx_conf_cm.o(.data)
    nr_mutex                                 0x20000024   Data           4  rtx_conf_cm.o(.data)
    .data                                    0x20000028   Section        4  system_tm4c129.o(.data)
    .data                                    0x2000002c   Section        4  context.o(.data)
    g_psGrLibDefaults                        0x2000002c   Data           4  context.o(.data)
    .data                                    0x20000030   Section        8  rt_cmsis.o(.data)
    .data                                    0x20000038   Section        8  rt_task.o(.data)
    .data                                    0x20000040   Section        8  rt_system.o(.data)
    os_lock                                  0x20000040   Data           1  rt_system.o(.data)
    os_psh_flag                              0x20000041   Data           1  rt_system.o(.data)
    pend_flags                               0x20000042   Data           1  rt_system.o(.data)
    .data                                    0x20000048   Section        4  rt_time.o(.data)
    .data                                    0x2000004c   Section        8  rt_robin.o(.data)
    .data                                    0x20000054   Section        1  hal_cm.o(.data)
    .bss                                     0x20000058   Section    16430  exemplotiva.o(.bss)
    .bss                                     0x20004088   Section       32  rtx_conf_cm.o(.bss)
    .bss                                     0x200040a8   Section      480  rtx_conf_cm.o(.bss)
    .bss                                     0x20004288   Section     6416  rtx_conf_cm.o(.bss)
    .bss                                     0x20005b98   Section     1032  rtx_conf_cm.o(.bss)
    .bss                                     0x20005fa0   Section      132  rtx_conf_cm.o(.bss)
    .bss                                     0x20006024   Section       36  rtx_conf_cm.o(.bss)
    .bss                                     0x20006048   Section      992  rtx_conf_cm.o(.bss)
    std_libspace                             0x20006048   Data         864  rtx_conf_cm.o(.bss)
    std_libmutex                             0x200063a8   Data         128  rtx_conf_cm.o(.bss)
    .bss                                     0x20006428   Section       52  rt_task.o(.bss)
    .bss                                     0x2000645c   Section       48  rt_list.o(.bss)
    .bss                                     0x2000648c   Section       96  libspace.o(.bss)
    HEAP                                     0x200064f0   Section        0  startup_tm4c129.o(HEAP)
    STACK                                    0x200064f0   Section      512  startup_tm4c129.o(STACK)
    Heap_Mem                                 0x200064f0   Data           0  startup_tm4c129.o(HEAP)
    Stack_Mem                                0x200064f0   Data         512  startup_tm4c129.o(STACK)
    __initial_sp                             0x200066f0   Data           0  startup_tm4c129.o(STACK)

    Global Symbols

    Symbol Name                              Value     Ov Type        Size  Object(Section)

    BuildAttributes$$THM_ISAv4$E$P$D$K$B$S$7EM$VFPi3$EXTD16$VFPS$VFMA$PE$A:L22UL41UL21$X:L11$S22US41US21$IEEE1$IW$USESV6$~STKCKD$USESV7$~SHL$OTIME$ROPI$EBA8$UX$STANDARDLIB$REQ8$EABIv2 0x00000000   Number         0  anon$$obj.o ABSOLUTE
    __ARM_use_no_argv                        0x00000000   Number         0  exemplotiva.o ABSOLUTE
    __Vectors                                0x00000000   Data           4  startup_tm4c129.o(RESET)
    __ARM_exceptions_init                     - Undefined Weak Reference
    __alloca_initialize                       - Undefined Weak Reference
    __arm_preinit_                            - Undefined Weak Reference
    __cpp_initialize__aeabi_                  - Undefined Weak Reference
    __cxa_finalize                            - Undefined Weak Reference
    __rt_locale                               - Undefined Weak Reference
    __sigvec_lookup                           - Undefined Weak Reference
    _atexit_init                              - Undefined Weak Reference
    _call_atexit_fns                          - Undefined Weak Reference
    _clock_init                               - Undefined Weak Reference
    _fp_trap_init                             - Undefined Weak Reference
    _fp_trap_shutdown                         - Undefined Weak Reference
    _get_lc_collate                           - Undefined Weak Reference
    _get_lc_ctype                             - Undefined Weak Reference
    _get_lc_monetary                          - Undefined Weak Reference
    _get_lc_numeric                           - Undefined Weak Reference
    _get_lc_time                              - Undefined Weak Reference
    _getenv_init                              - Undefined Weak Reference
    _handle_redirection                       - Undefined Weak Reference
    _init_alloc                               - Undefined Weak Reference
    _init_user_alloc                          - Undefined Weak Reference
    _initio                                   - Undefined Weak Reference
    _rand_init                                - Undefined Weak Reference
    _signal_finish                            - Undefined Weak Reference
    _signal_init                              - Undefined Weak Reference
    _terminate_alloc                          - Undefined Weak Reference
    _terminate_user_alloc                     - Undefined Weak Reference
    _terminateio                              - Undefined Weak Reference
    __Vectors_End                            0x00000200   Data           0  startup_tm4c129.o(RESET)
    __Vectors_Size                           0x00000200   Number         0  startup_tm4c129.o ABSOLUTE
    __main                                   0x00000201   Thumb Code     8  __main.o(!!!main)
    __scatterload                            0x00000209   Thumb Code     0  __scatter.o(!!!scatter)
    __scatterload_rt2                        0x00000209   Thumb Code    44  __scatter.o(!!!scatter)
    __scatterload_rt2_thumb_only             0x00000209   Thumb Code     0  __scatter.o(!!!scatter)
    __scatterload_null                       0x00000217   Thumb Code     0  __scatter.o(!!!scatter)
    __scatterload_copy                       0x0000023d   Thumb Code    26  __scatter_copy.o(!!handler_copy)
    __scatterload_zeroinit                   0x00000259   Thumb Code    28  __scatter_zi.o(!!handler_zi)
    __rt_lib_init                            0x00000275   Thumb Code     0  libinit.o(.ARM.Collect$$libinit$$00000000)
    __rt_lib_init_fp_1                       0x00000277   Thumb Code     0  libinit2.o(.ARM.Collect$$libinit$$00000001)
    __rt_lib_init_alloca_1                   0x0000027b   Thumb Code     0  libinit2.o(.ARM.Collect$$libinit$$0000002E)
    __rt_lib_init_argv_1                     0x0000027b   Thumb Code     0  libinit2.o(.ARM.Collect$$libinit$$0000002C)
    __rt_lib_init_atexit_1                   0x0000027b   Thumb Code     0  libinit2.o(.ARM.Collect$$libinit$$0000001B)
    __rt_lib_init_clock_1                    0x0000027b   Thumb Code     0  libinit2.o(.ARM.Collect$$libinit$$00000021)
    __rt_lib_init_cpp_1                      0x0000027b   Thumb Code     0  libinit2.o(.ARM.Collect$$libinit$$00000032)
    __rt_lib_init_exceptions_1               0x0000027b   Thumb Code     0  libinit2.o(.ARM.Collect$$libinit$$00000030)
    __rt_lib_init_fp_trap_1                  0x0000027b   Thumb Code     0  libinit2.o(.ARM.Collect$$libinit$$0000001F)
    __rt_lib_init_getenv_1                   0x0000027b   Thumb Code     0  libinit2.o(.ARM.Collect$$libinit$$00000023)
    __rt_lib_init_heap_1                     0x0000027b   Thumb Code     0  libinit2.o(.ARM.Collect$$libinit$$0000000A)
    __rt_lib_init_lc_collate_1               0x0000027b   Thumb Code     0  libinit2.o(.ARM.Collect$$libinit$$00000011)
    __rt_lib_init_lc_ctype_1                 0x0000027b   Thumb Code     0  libinit2.o(.ARM.Collect$$libinit$$00000013)
    __rt_lib_init_lc_monetary_1              0x0000027b   Thumb Code     0  libinit2.o(.ARM.Collect$$libinit$$00000015)
    __rt_lib_init_lc_numeric_1               0x0000027b   Thumb Code     0  libinit2.o(.ARM.Collect$$libinit$$00000017)
    __rt_lib_init_lc_time_1                  0x0000027b   Thumb Code     0  libinit2.o(.ARM.Collect$$libinit$$00000019)
    __rt_lib_init_preinit_1                  0x0000027b   Thumb Code     0  libinit2.o(.ARM.Collect$$libinit$$00000004)
    __rt_lib_init_rand_1                     0x0000027b   Thumb Code     0  libinit2.o(.ARM.Collect$$libinit$$0000000E)
    __rt_lib_init_return                     0x0000027b   Thumb Code     0  libinit2.o(.ARM.Collect$$libinit$$00000033)
    __rt_lib_init_signal_1                   0x0000027b   Thumb Code     0  libinit2.o(.ARM.Collect$$libinit$$0000001D)
    __rt_lib_init_stdio_1                    0x0000027b   Thumb Code     0  libinit2.o(.ARM.Collect$$libinit$$00000025)
    __rt_lib_init_user_alloc_1               0x0000027b   Thumb Code     0  libinit2.o(.ARM.Collect$$libinit$$0000000C)
    __rt_lib_shutdown                        0x0000027d   Thumb Code     0  libshutdown.o(.ARM.Collect$$libshutdown$$00000000)
    __rt_lib_shutdown_cpp_1                  0x0000027f   Thumb Code     0  libshutdown2.o(.ARM.Collect$$libshutdown$$00000002)
    __rt_lib_shutdown_fp_trap_1              0x0000027f   Thumb Code     0  libshutdown2.o(.ARM.Collect$$libshutdown$$00000007)
    __rt_lib_shutdown_heap_1                 0x0000027f   Thumb Code     0  libshutdown2.o(.ARM.Collect$$libshutdown$$0000000F)
    __rt_lib_shutdown_return                 0x0000027f   Thumb Code     0  libshutdown2.o(.ARM.Collect$$libshutdown$$00000010)
    __rt_lib_shutdown_signal_1               0x0000027f   Thumb Code     0  libshutdown2.o(.ARM.Collect$$libshutdown$$0000000A)
    __rt_lib_shutdown_stdio_1                0x0000027f   Thumb Code     0  libshutdown2.o(.ARM.Collect$$libshutdown$$00000004)
    __rt_lib_shutdown_user_alloc_1           0x0000027f   Thumb Code     0  libshutdown2.o(.ARM.Collect$$libshutdown$$0000000C)
    __rt_entry                               0x00000281   Thumb Code     0  __rtentry.o(.ARM.Collect$$rtentry$$00000000)
    __rt_entry_presh_1                       0x00000281   Thumb Code     0  __rtentry2.o(.ARM.Collect$$rtentry$$00000002)
    __rt_entry_sh                            0x00000281   Thumb Code     0  __rtentry4.o(.ARM.Collect$$rtentry$$00000004)
    __rt_entry_li                            0x00000287   Thumb Code     0  __rtentry2.o(.ARM.Collect$$rtentry$$0000000A)
    __rt_entry_postsh_1                      0x00000287   Thumb Code     0  __rtentry2.o(.ARM.Collect$$rtentry$$00000009)
    __rt_entry_postli_1                      0x0000028b   Thumb Code     0  __rtentry2.o(.ARM.Collect$$rtentry$$0000000B)
    __rt_entry_main                          0x00000293   Thumb Code     0  __rtentry2.o(.ARM.Collect$$rtentry$$0000000D)
    __rt_exit                                0x0000029b   Thumb Code     0  rtexit.o(.ARM.Collect$$rtexit$$00000000)
    __rt_exit_ls                             0x0000029d   Thumb Code     0  rtexit2.o(.ARM.Collect$$rtexit$$00000003)
    __rt_exit_prels_1                        0x0000029d   Thumb Code     0  rtexit2.o(.ARM.Collect$$rtexit$$00000002)
    __rt_exit_exit                           0x000002a1   Thumb Code     0  rtexit2.o(.ARM.Collect$$rtexit$$00000004)
    _platform_post_lib_init                  0x000002a9   Thumb Code    24  rtx_conf_cm.o(.emb_text)
    rt_set_PSP                               0x000002c5   Thumb Code     6  hal_cm4.o(.emb_text)
    rt_get_PSP                               0x000002cb   Thumb Code     6  hal_cm4.o(.emb_text)
    os_set_env                               0x000002d1   Thumb Code    24  hal_cm4.o(.emb_text)
    _alloc_box                               0x000002ed   Thumb Code    28  hal_cm4.o(.emb_text)
    _free_box                                0x0000030d   Thumb Code    28  hal_cm4.o(.emb_text)
    SVC_Handler                              0x0000032d   Thumb Code   168  hal_cm4.o(.emb_text)
    PendSV_Handler                           0x000003e5   Thumb Code    96  hal_cm4.o(.emb_text)
    SysTick_Handler                          0x00000449   Thumb Code     8  hal_cm4.o(.emb_text)
    OS_Tick_Handler                          0x00000451   Thumb Code    12  hal_cm4.o(.emb_text)
    init_all                                 0x0000045d   Thumb Code    18  exemplotiva.o(.text)
    init_sidelong_menu                       0x0000046f   Thumb Code    58  exemplotiva.o(.text)
    __RL_RTX_VER                             0x00000482   Number         0  rt_system.o ABSOLUTE
    updateImageState                         0x000004a9   Thumb Code   142  exemplotiva.o(.text)
    invertColors                             0x00000537   Thumb Code    40  exemplotiva.o(.text)
    drawImage                                0x0000055f   Thumb Code   204  exemplotiva.o(.text)
    clearDisplay                             0x0000062b   Thumb Code    80  exemplotiva.o(.text)
    main                                     0x0000067b   Thumb Code    38  exemplotiva.o(.text)
    PLL_Init                                 0x000006b1   Thumb Code     0  utils.o(.text)
    SysTick_Init                             0x000007d9   Thumb Code     0  utils.o(.text)
    SysTick_Wait1ms                          0x0000080f   Thumb Code     0  utils.o(.text)
    EnableInterrupts                         0x00000821   Thumb Code     0  utils.o(.text)
    DisableInterrupts                        0x00000825   Thumb Code     0  utils.o(.text)
    resizeImage                              0x00000885   Thumb Code     0  image.o(.text)
    button_init                              0x000009f9   Thumb Code    42  buttons.o(.text)
    button_read_s1                           0x00000a23   Thumb Code    20  buttons.o(.text)
    button_read_s2                           0x00000a37   Thumb Code    20  buttons.o(.text)
    cfaf128x128x16Rect                       0x00000be5   Thumb Code   100  cfaf128x128x16.o(.text)
    cfaf128x128x16LineVer                    0x00000c49   Thumb Code    22  cfaf128x128x16.o(.text)
    cfaf128x128x16LineHor                    0x00000c5f   Thumb Code    16  cfaf128x128x16.o(.text)
    cfaf128x128x16Dot                        0x00000c6f   Thumb Code    22  cfaf128x128x16.o(.text)
    cfaf128x128x16SetOrientation             0x00000ec9   Thumb Code    70  cfaf128x128x16.o(.text)
    cfaf128x128x16ClearColor                 0x00000f0f   Thumb Code    36  cfaf128x128x16.o(.text)
    cfaf128x128x16Clear                      0x00000f33   Thumb Code     4  cfaf128x128x16.o(.text)
    InitSSICom                               0x00000f37   Thumb Code   138  cfaf128x128x16.o(.text)
    cfaf128x128x16Init                       0x00000fc1   Thumb Code   322  cfaf128x128x16.o(.text)
    os_idle_demon                            0x00001151   Thumb Code     2  rtx_conf_cm.o(.text)
    os_error                                 0x00001153   Thumb Code     2  rtx_conf_cm.o(.text)
    __user_perthread_libspace                0x00001155   Thumb Code    32  rtx_conf_cm.o(.text)
    _mutex_initialize                        0x00001175   Thumb Code    34  rtx_conf_cm.o(.text)
    _mutex_acquire                           0x00001197   Thumb Code    22  rtx_conf_cm.o(.text)
    _mutex_release                           0x000011ad   Thumb Code    18  rtx_conf_cm.o(.text)
    Reset_Handler                            0x000011dd   Thumb Code     8  startup_tm4c129.o(.text)
    NMI_Handler                              0x000011e5   Thumb Code     2  startup_tm4c129.o(.text)
    HardFault_Handler                        0x000011e7   Thumb Code     2  startup_tm4c129.o(.text)
    MemManage_Handler                        0x000011e9   Thumb Code     2  startup_tm4c129.o(.text)
    BusFault_Handler                         0x000011eb   Thumb Code     2  startup_tm4c129.o(.text)
    UsageFault_Handler                       0x000011ed   Thumb Code     2  startup_tm4c129.o(.text)
    DebugMon_Handler                         0x000011f1   Thumb Code     2  startup_tm4c129.o(.text)
    GPIOA_Handler                            0x000011f7   Thumb Code     2  startup_tm4c129.o(.text)
    GPIOB_Handler                            0x000011f9   Thumb Code     2  startup_tm4c129.o(.text)
    GPIOC_Handler                            0x000011fb   Thumb Code     2  startup_tm4c129.o(.text)
    GPIOD_Handler                            0x000011fd   Thumb Code     2  startup_tm4c129.o(.text)
    GPIOE_Handler                            0x000011ff   Thumb Code     2  startup_tm4c129.o(.text)
    UART0_Handler                            0x00001201   Thumb Code     2  startup_tm4c129.o(.text)
    UART1_Handler                            0x00001203   Thumb Code     2  startup_tm4c129.o(.text)
    SSI0_Handler                             0x00001205   Thumb Code     2  startup_tm4c129.o(.text)
    I2C0_Handler                             0x00001207   Thumb Code     2  startup_tm4c129.o(.text)
    PMW0_FAULT_Handler                       0x00001209   Thumb Code     2  startup_tm4c129.o(.text)
    PWM0_0_Handler                           0x0000120b   Thumb Code     2  startup_tm4c129.o(.text)
    PWM0_1_Handler                           0x0000120d   Thumb Code     2  startup_tm4c129.o(.text)
    PWM0_2_Handler                           0x0000120f   Thumb Code     2  startup_tm4c129.o(.text)
    QEI0_Handler                             0x00001211   Thumb Code     2  startup_tm4c129.o(.text)
    ADC0SS0_Handler                          0x00001213   Thumb Code     2  startup_tm4c129.o(.text)
    ADC0SS1_Handler                          0x00001215   Thumb Code     2  startup_tm4c129.o(.text)
    ADC0SS2_Handler                          0x00001217   Thumb Code     2  startup_tm4c129.o(.text)
    ADC0SS3_Handler                          0x00001219   Thumb Code     2  startup_tm4c129.o(.text)
    WDT0_Handler                             0x0000121b   Thumb Code     2  startup_tm4c129.o(.text)
    TIMER0A_Handler                          0x0000121d   Thumb Code     2  startup_tm4c129.o(.text)
    TIMER0B_Handler                          0x0000121f   Thumb Code     2  startup_tm4c129.o(.text)
    TIMER1A_Handler                          0x00001221   Thumb Code     2  startup_tm4c129.o(.text)
    TIMER1B_Handler                          0x00001223   Thumb Code     2  startup_tm4c129.o(.text)
    TIMER2A_Handler                          0x00001225   Thumb Code     2  startup_tm4c129.o(.text)
    TIMER2B_Handler                          0x00001227   Thumb Code     2  startup_tm4c129.o(.text)
    COMP0_Handler                            0x00001229   Thumb Code     2  startup_tm4c129.o(.text)
    COMP1_Handler                            0x0000122b   Thumb Code     2  startup_tm4c129.o(.text)
    COMP2_Handler                            0x0000122d   Thumb Code     2  startup_tm4c129.o(.text)
    SYSCTL_Handler                           0x0000122f   Thumb Code     2  startup_tm4c129.o(.text)
    FLASH_Handler                            0x00001231   Thumb Code     2  startup_tm4c129.o(.text)
    GPIOF_Handler                            0x00001233   Thumb Code     2  startup_tm4c129.o(.text)
    GPIOG_Handler                            0x00001235   Thumb Code     2  startup_tm4c129.o(.text)
    GPIOH_Handler                            0x00001237   Thumb Code     2  startup_tm4c129.o(.text)
    UART2_Handler                            0x00001239   Thumb Code     2  startup_tm4c129.o(.text)
    SSI1_Handler                             0x0000123b   Thumb Code     2  startup_tm4c129.o(.text)
    TIMER3A_Handler                          0x0000123d   Thumb Code     2  startup_tm4c129.o(.text)
    TIMER3B_Handler                          0x0000123f   Thumb Code     2  startup_tm4c129.o(.text)
    I2C1_Handler                             0x00001241   Thumb Code     2  startup_tm4c129.o(.text)
    CAN0_Handler                             0x00001243   Thumb Code     2  startup_tm4c129.o(.text)
    CAN1_Handler                             0x00001245   Thumb Code     2  startup_tm4c129.o(.text)
    ETH_Handler                              0x00001247   Thumb Code     2  startup_tm4c129.o(.text)
    HIB_Handler                              0x00001249   Thumb Code     2  startup_tm4c129.o(.text)
    USB0_Handler                             0x0000124b   Thumb Code     2  startup_tm4c129.o(.text)
    PWM0_3_Handler                           0x0000124d   Thumb Code     2  startup_tm4c129.o(.text)
    UDMA_Handler                             0x0000124f   Thumb Code     2  startup_tm4c129.o(.text)
    UDMAERR_Handler                          0x00001251   Thumb Code     2  startup_tm4c129.o(.text)
    ADC1SS0_Handler                          0x00001253   Thumb Code     2  startup_tm4c129.o(.text)
    ADC1SS1_Handler                          0x00001255   Thumb Code     2  startup_tm4c129.o(.text)
    ADC1SS2_Handler                          0x00001257   Thumb Code     2  startup_tm4c129.o(.text)
    ADC1SS3_Handler                          0x00001259   Thumb Code     2  startup_tm4c129.o(.text)
    EBI0_Handler                             0x0000125b   Thumb Code     2  startup_tm4c129.o(.text)
    GPIOJ_Handler                            0x0000125d   Thumb Code     2  startup_tm4c129.o(.text)
    GPIOK_Handler                            0x0000125f   Thumb Code     2  startup_tm4c129.o(.text)
    GPIOL_Handler                            0x00001261   Thumb Code     2  startup_tm4c129.o(.text)
    SSI2_Handler                             0x00001263   Thumb Code     2  startup_tm4c129.o(.text)
    SSI3_Handler                             0x00001265   Thumb Code     2  startup_tm4c129.o(.text)
    UART3_Handler                            0x00001267   Thumb Code     2  startup_tm4c129.o(.text)
    UART4_Handler                            0x00001269   Thumb Code     2  startup_tm4c129.o(.text)
    UART5_Handler                            0x0000126b   Thumb Code     2  startup_tm4c129.o(.text)
    UART6_Handler                            0x0000126d   Thumb Code     2  startup_tm4c129.o(.text)
    UART7_Handler                            0x0000126f   Thumb Code     2  startup_tm4c129.o(.text)
    I2C2_Handler                             0x00001271   Thumb Code     2  startup_tm4c129.o(.text)
    I2C3_Handler                             0x00001273   Thumb Code     2  startup_tm4c129.o(.text)
    TIMER4A_Handler                          0x00001275   Thumb Code     2  startup_tm4c129.o(.text)
    TIMER4B_Handler                          0x00001277   Thumb Code     2  startup_tm4c129.o(.text)
    TIMER5A_Handler                          0x00001279   Thumb Code     2  startup_tm4c129.o(.text)
    TIMER5B_Handler                          0x0000127b   Thumb Code     2  startup_tm4c129.o(.text)
    WTIMER0A_Handler                         0x0000127d   Thumb Code     2  startup_tm4c129.o(.text)
    WTIMER0B_Handler                         0x0000127f   Thumb Code     2  startup_tm4c129.o(.text)
    WTIMER1A_Handler                         0x00001281   Thumb Code     2  startup_tm4c129.o(.text)
    WTIMER1B_Handler                         0x00001283   Thumb Code     2  startup_tm4c129.o(.text)
    WTIMER2A_Handler                         0x00001285   Thumb Code     2  startup_tm4c129.o(.text)
    WTIMER2B_Handler                         0x00001287   Thumb Code     2  startup_tm4c129.o(.text)
    WTIMER3A_Handler                         0x00001289   Thumb Code     2  startup_tm4c129.o(.text)
    WTIMER3B_Handler                         0x0000128b   Thumb Code     2  startup_tm4c129.o(.text)
    WTIMER4A_Handler                         0x0000128d   Thumb Code     2  startup_tm4c129.o(.text)
    WTIMER4B_Handler                         0x0000128f   Thumb Code     2  startup_tm4c129.o(.text)
    WTIMER5A_Handler                         0x00001291   Thumb Code     2  startup_tm4c129.o(.text)
    WTIMER5B_Handler                         0x00001293   Thumb Code     2  startup_tm4c129.o(.text)
    FPU_Handler                              0x00001295   Thumb Code     2  startup_tm4c129.o(.text)
    I2C4_Handler                             0x00001297   Thumb Code     2  startup_tm4c129.o(.text)
    I2C5_Handler                             0x00001299   Thumb Code     2  startup_tm4c129.o(.text)
    GPIOM_Handler                            0x0000129b   Thumb Code     2  startup_tm4c129.o(.text)
    GPION_Handler                            0x0000129d   Thumb Code     2  startup_tm4c129.o(.text)
    TAMPER_Handler                           0x0000129f   Thumb Code     2  startup_tm4c129.o(.text)
    GPIOP0_Handler                           0x000012a1   Thumb Code     2  startup_tm4c129.o(.text)
    GPIOP1_Handler                           0x000012a3   Thumb Code     2  startup_tm4c129.o(.text)
    GPIOP2_Handler                           0x000012a5   Thumb Code     2  startup_tm4c129.o(.text)
    GPIOP3_Handler                           0x000012a7   Thumb Code     2  startup_tm4c129.o(.text)
    GPIOP4_Handler                           0x000012a9   Thumb Code     2  startup_tm4c129.o(.text)
    GPIOP5_Handler                           0x000012ab   Thumb Code     2  startup_tm4c129.o(.text)
    GPIOP6_Handler                           0x000012ad   Thumb Code     2  startup_tm4c129.o(.text)
    GPIOP7_Handler                           0x000012af   Thumb Code     2  startup_tm4c129.o(.text)
    GPIOQ0_Handler                           0x000012b1   Thumb Code     2  startup_tm4c129.o(.text)
    GPIOQ1_Handler                           0x000012b3   Thumb Code     2  startup_tm4c129.o(.text)
    GPIOQ2_Handler                           0x000012b5   Thumb Code     2  startup_tm4c129.o(.text)
    GPIOQ3_Handler                           0x000012b7   Thumb Code     2  startup_tm4c129.o(.text)
    GPIOQ4_Handler                           0x000012b9   Thumb Code     2  startup_tm4c129.o(.text)
    GPIOQ5_Handler                           0x000012bb   Thumb Code     2  startup_tm4c129.o(.text)
    GPIOQ6_Handler                           0x000012bd   Thumb Code     2  startup_tm4c129.o(.text)
    GPIOQ7_Handler                           0x000012bf   Thumb Code     2  startup_tm4c129.o(.text)
    GPIOR_Handler                            0x000012c1   Thumb Code     2  startup_tm4c129.o(.text)
    GPIOS_Handler                            0x000012c3   Thumb Code     2  startup_tm4c129.o(.text)
    SHAMD5_Handler                           0x000012c5   Thumb Code     2  startup_tm4c129.o(.text)
    AES_Handler                              0x000012c7   Thumb Code     2  startup_tm4c129.o(.text)
    DES3DES_Handler                          0x000012c9   Thumb Code     2  startup_tm4c129.o(.text)
    LCDCONTROLLER_Handler                    0x000012cb   Thumb Code     2  startup_tm4c129.o(.text)
    TIMER6A_Handler                          0x000012cd   Thumb Code     2  startup_tm4c129.o(.text)
    TIMER6B_Handler                          0x000012cf   Thumb Code     2  startup_tm4c129.o(.text)
    TIMER7A_Handler                          0x000012d1   Thumb Code     2  startup_tm4c129.o(.text)
    TIMER7B_Handler                          0x000012d3   Thumb Code     2  startup_tm4c129.o(.text)
    I2C6_Handler                             0x000012d5   Thumb Code     2  startup_tm4c129.o(.text)
    I2C7_Handler                             0x000012d7   Thumb Code     2  startup_tm4c129.o(.text)
    HIMSCANKEYBOARD_Handler                  0x000012d9   Thumb Code     2  startup_tm4c129.o(.text)
    ONEWIRE_Handler                          0x000012db   Thumb Code     2  startup_tm4c129.o(.text)
    HIMPS2_Handler                           0x000012dd   Thumb Code     2  startup_tm4c129.o(.text)
    HIMLEDSEQUENCER_Handler                  0x000012df   Thumb Code     2  startup_tm4c129.o(.text)
    HIMCONSUMERIR_Handler                    0x000012e1   Thumb Code     2  startup_tm4c129.o(.text)
    I2C8_Handler                             0x000012e3   Thumb Code     2  startup_tm4c129.o(.text)
    I2C9_Handler                             0x000012e5   Thumb Code     2  startup_tm4c129.o(.text)
    GPIOT_Handler                            0x000012e7   Thumb Code     2  startup_tm4c129.o(.text)
    __user_initial_stackheap                 0x000012e9   Thumb Code     0  startup_tm4c129.o(.text)
    SystemCoreClockUpdate                    0x00001309   Thumb Code     8  system_tm4c129.o(.text)
    SystemInit                               0x00001311   Thumb Code    18  system_tm4c129.o(.text)
    __user_libspace                          0x00001331   Thumb Code     8  libspace.o(.text)
    __user_perproc_libspace                  0x00001331   Thumb Code     0  libspace.o(.text)
    exit                                     0x00001339   Thumb Code    18  exit.o(.text)
    __use_two_region_memory                  0x0000134b   Thumb Code     2  heapauxi.o(.text)
    __rt_heap_escrow$2region                 0x0000134d   Thumb Code     2  heapauxi.o(.text)
    __rt_heap_expand$2region                 0x0000134f   Thumb Code     2  heapauxi.o(.text)
    _sys_exit                                0x00001351   Thumb Code     8  sys_exit.o(.text)
    __user_setup_stackheap                   0x0000135d   Thumb Code    74  sys_stackheap_outer.o(.text)
    __I$use$semihosting                      0x000013a7   Thumb Code     0  use_no_semi.o(.text)
    __use_no_semihosting_swi                 0x000013a7   Thumb Code     2  use_no_semi.o(.text)
    SVC_Count                                0x000013a8   Data           4  svc_table.o(SVC_TABLE)
    __semihosting_library_function           0x000013a9   Thumb Code     0  indicate_semi.o(.text)
    GPIODirModeSet                           0x000013ad   Thumb Code    40  gpio.o(i.GPIODirModeSet)
    SVC_Table                                0x000013ac   Data           0  svc_table.o(SVC_TABLE)
    GPIOPadConfigSet                         0x000013d5   Thumb Code   312  gpio.o(i.GPIOPadConfigSet)
    GPIOPinRead                              0x0000150d   Thumb Code     6  gpio.o(i.GPIOPinRead)
    GPIOPinTypeGPIOInput                     0x00001513   Thumb Code    28  gpio.o(i.GPIOPinTypeGPIOInput)
    GrContextFontSet                         0x0000152f   Thumb Code     6  string.o(i.GrContextFontSet)
    GrContextInit                            0x00001535   Thumb Code    88  context.o(i.GrContextInit)
    GrDefaultStringRenderer                  0x00001599   Thumb Code   280  string.o(i.GrDefaultStringRenderer)
    GrFontGlyphDataGet                       0x000016b1   Thumb Code   166  string.o(i.GrFontGlyphDataGet)
    GrFontGlyphRender                        0x00001757   Thumb Code   648  string.o(i.GrFontGlyphRender)
    GrMapISO8859_1_Unicode                   0x000019df   Thumb Code     8  charmap.o(i.GrMapISO8859_1_Unicode)
    SysCtlClockFreqSet                       0x000019e9   Thumb Code   706  sysctl.o(i.SysCtlClockFreqSet)
    SysCtlPeripheralEnable                   0x00001cd5   Thumb Code    36  sysctl.o(i.SysCtlPeripheralEnable)
    SysCtlPeripheralReady                    0x00001cfd   Thumb Code    40  sysctl.o(i.SysCtlPeripheralReady)
    _init_box                                0x00001d95   Thumb Code    70  rt_membox.o(i._init_box)
    dbg_init                                 0x00001ddd   Thumb Code    34  hal_cm.o(i.dbg_init)
    dbg_task_notify                          0x00001e0d   Thumb Code    32  hal_cm.o(i.dbg_task_notify)
    dbg_task_switch                          0x00001e2d   Thumb Code    16  hal_cm.o(i.dbg_task_switch)
    isrMessageGet                            0x00001e3d   Thumb Code    42  rt_cmsis.o(i.isrMessageGet)
    isrMessagePut                            0x00001e67   Thumb Code    44  rt_cmsis.o(i.isrMessagePut)
    isr_mbx_receive                          0x00001e95   Thumb Code    86  rt_mailbox.o(i.isr_mbx_receive)
    isr_mbx_send                             0x00001eeb   Thumb Code    14  rt_mailbox.o(i.isr_mbx_send)
    osKernelInitialize                       0x00001ef9   Thumb Code    30  rt_cmsis.o(i.osKernelInitialize)
    osKernelStart                            0x00001f1d   Thumb Code    98  rt_cmsis.o(i.osKernelStart)
    osMessageGet                             0x00001f89   Thumb Code    18  rt_cmsis.o(i.osMessageGet)
    osThreadCreate                           0x00001fa1   Thumb Code    36  rt_cmsis.o(i.osThreadCreate)
    osThreadExit                             0x00001fcd   Thumb Code    14  rt_cmsis.o(i.osThreadExit)
    osTimerCall                              0x00001fe5   Thumb Code     8  rt_cmsis.o(i.osTimerCall)
    osTimerThread                            0x00001ff1   Thumb Code    38  rt_cmsis.o(i.osTimerThread)
    os_tick_init                             0x0000201d   Thumb Code    32  rt_system.o(i.os_tick_init)
    os_tick_irqack                           0x00002045   Thumb Code     2  rt_system.o(i.os_tick_irqack)
    rt_alloc_box                             0x00002047   Thumb Code    26  rt_membox.o(i.rt_alloc_box)
    rt_alloc_mem                             0x00002061   Thumb Code    62  rt_memory.o(i.rt_alloc_mem)
    rt_block                                 0x000020a1   Thumb Code    48  rt_task.o(i.rt_block)
    rt_chk_robin                             0x000020d9   Thumb Code    60  rt_robin.o(i.rt_chk_robin)
    rt_dec_dly                               0x00002121   Thumb Code   102  rt_list.o(i.rt_dec_dly)
    rt_dispatch                              0x00002191   Thumb Code    60  rt_task.o(i.rt_dispatch)
    rt_evt_psh                               0x000021d5   Thumb Code    76  rt_event.o(i.rt_evt_psh)
    rt_free_box                              0x00002225   Thumb Code    44  rt_membox.o(i.rt_free_box)
    rt_free_mem                              0x00002251   Thumb Code    40  rt_memory.o(i.rt_free_mem)
    rt_get_first                             0x00002279   Thumb Code    40  rt_list.o(i.rt_get_first)
    rt_init_mem                              0x000022f1   Thumb Code    26  rt_memory.o(i.rt_init_mem)
    rt_init_robin                            0x0000230d   Thumb Code    14  rt_robin.o(i.rt_init_robin)
    rt_init_stack                            0x00002325   Thumb Code   118  hal_cm.o(i.rt_init_stack)
    rt_mbx_check                             0x000023a5   Thumb Code     8  rt_mailbox.o(i.rt_mbx_check)
    rt_mbx_init                              0x000023ad   Thumb Code    26  rt_mailbox.o(i.rt_mbx_init)
    rt_mbx_psh                               0x000023c9   Thumb Code   236  rt_mailbox.o(i.rt_mbx_psh)
    rt_mbx_wait                              0x000024b9   Thumb Code   174  rt_mailbox.o(i.rt_mbx_wait)
    rt_mut_init                              0x000025b1   Thumb Code    16  rt_mutex.o(i.rt_mut_init)
    rt_mut_release                           0x000025c1   Thumb Code   208  rt_mutex.o(i.rt_mut_release)
    rt_mut_wait                              0x00002699   Thumb Code   114  rt_mutex.o(i.rt_mut_wait)
    rt_pop_req                               0x00002711   Thumb Code   112  rt_system.o(i.rt_pop_req)
    rt_psh_req                               0x0000278d   Thumb Code    22  rt_system.o(i.rt_psh_req)
    rt_psq_enq                               0x000027ad   Thumb Code    88  rt_list.o(i.rt_psq_enq)
    rt_put_dly                               0x00002809   Thumb Code    68  rt_list.o(i.rt_put_dly)
    rt_put_prio                              0x00002851   Thumb Code    54  rt_list.o(i.rt_put_prio)
    rt_put_rdy_first                         0x00002889   Thumb Code    14  rt_list.o(i.rt_put_rdy_first)
    rt_resort_prio                           0x0000289d   Thumb Code    46  rt_list.o(i.rt_resort_prio)
    rt_ret_val                               0x000028e1   Thumb Code    12  hal_cm.o(i.rt_ret_val)
    rt_ret_val2                              0x000028ed   Thumb Code    16  hal_cm.o(i.rt_ret_val2)
    rt_rmv_dly                               0x000028fd   Thumb Code    40  rt_list.o(i.rt_rmv_dly)
    rt_rmv_list                              0x00002925   Thumb Code    44  rt_list.o(i.rt_rmv_list)
    rt_sem_psh                               0x00002955   Thumb Code    48  rt_semaphore.o(i.rt_sem_psh)
    rt_stk_check                             0x00002989   Thumb Code    28  rt_system.o(i.rt_stk_check)
    rt_switch_req                            0x000029ad   Thumb Code    30  rt_task.o(i.rt_switch_req)
    rt_sys_init                              0x000029d5   Thumb Code   138  rt_task.o(i.rt_sys_init)
    rt_sys_start                             0x00002aa1   Thumb Code   110  rt_task.o(i.rt_sys_start)
    rt_systick                               0x00002b19   Thumb Code    50  rt_system.o(i.rt_systick)
    rt_tsk_create                            0x00002ba1   Thumb Code   118  rt_task.o(i.rt_tsk_create)
    rt_tsk_delete                            0x00002c29   Thumb Code   352  rt_task.o(i.rt_tsk_delete)
    rt_tsk_prio                              0x00002da5   Thumb Code   108  rt_task.o(i.rt_tsk_prio)
    rt_tsk_self                              0x00002e21   Thumb Code    12  rt_task.o(i.rt_tsk_self)
    svcKernelInitialize                      0x00002e31   Thumb Code    80  rt_cmsis.o(i.svcKernelInitialize)
    svcKernelStart                           0x00002ea1   Thumb Code    62  rt_cmsis.o(i.svcKernelStart)
    svcMessageCreate                         0x00002ee9   Thumb Code    36  rt_cmsis.o(i.svcMessageCreate)
    svcMessageGet                            0x00002f0d   Thumb Code    58  rt_cmsis.o(i.svcMessageGet)
    svcThreadCreate                          0x00002f49   Thumb Code    96  rt_cmsis.o(i.svcThreadCreate)
    svcThreadGetId                           0x00002fb5   Thumb Code    22  rt_cmsis.o(i.svcThreadGetId)
    svcThreadTerminate                       0x00002fd1   Thumb Code    50  rt_cmsis.o(i.svcThreadTerminate)
    svcTimerCall                             0x00003009   Thumb Code    24  rt_cmsis.o(i.svcTimerCall)
    sysTimerTick                             0x00003021   Thumb Code    84  rt_cmsis.o(i.sysTimerTick)
    _fp_init                                 0x0000307d   Thumb Code    10  fpinit.o(x$fpl$fpinit)
    __fplib_config_fpu_vfp                   0x00003085   Thumb Code     0  fpinit.o(x$fpl$fpinit)
    __fplib_config_pureend_doubles           0x00003085   Thumb Code     0  fpinit.o(x$fpl$fpinit)
    DISPLAY_WIDTH                            0x00003086   Data           1  exemplotiva.o(.constdata)
    DISPLAY_HEIGTH                           0x00003087   Data           1  exemplotiva.o(.constdata)
    IMAGE_WIDTH                              0x00003088   Data           1  exemplotiva.o(.constdata)
    IMAGE_HEIGTH                             0x00003089   Data           1  exemplotiva.o(.constdata)
    airplane_image                           0x0000308a   Data        1536  airplane.o(.constdata)
    car_image                                0x0000368a   Data        1536  car.o(.constdata)
    g_sCfaf128x128x16                        0x00003c8c   Data          40  cfaf128x128x16.o(.constdata)
    os_maxtaskrun                            0x00003cb4   Data           2  rtx_conf_cm.o(.constdata)
    os_stackinfo                             0x00003cb8   Data           4  rtx_conf_cm.o(.constdata)
    os_rrobin                                0x00003cbc   Data           4  rtx_conf_cm.o(.constdata)
    os_trv                                   0x00003cc0   Data           4  rtx_conf_cm.o(.constdata)
    os_flags                                 0x00003cc4   Data           1  rtx_conf_cm.o(.constdata)
    CMSIS_RTOS_API_Version                   0x00003cc8   Data           4  rtx_conf_cm.o(.constdata)
    CMSIS_RTOS_RTX_Version                   0x00003ccc   Data           4  rtx_conf_cm.o(.constdata)
    os_clockrate                             0x00003cd0   Data           4  rtx_conf_cm.o(.constdata)
    os_timernum                              0x00003cd4   Data           4  rtx_conf_cm.o(.constdata)
    mp_tcb_size                              0x00003cd8   Data           2  rtx_conf_cm.o(.constdata)
    mp_stk_size                              0x00003cdc   Data           4  rtx_conf_cm.o(.constdata)
    os_stack_sz                              0x00003ce0   Data           4  rtx_conf_cm.o(.constdata)
    os_fifo_size                             0x00003ce4   Data           1  rtx_conf_cm.o(.constdata)
    os_thread_def_osTimerThread              0x00003ce8   Data          16  rtx_conf_cm.o(.constdata)
    os_messageQ_def_osTimerMessageQ          0x00003cf8   Data           8  rtx_conf_cm.o(.constdata)
    mp_tmr_size                              0x00003d00   Data           2  rtx_conf_cm.o(.constdata)
    os_thread_def_main                       0x00003d04   Data          16  rtx_conf_cm.o(.constdata)
    g_psDefaultCodePointMapTable             0x00003f68   Data          16  context.o(.constdata)
    g_sFontFixed6x8                          0x00004270   Data         200  fontfixed6x8.o(.constdata)
    Region$$Table$$Base                      0x00004338   Number         0  anon$$obj.o(Region$$Table)
    Region$$Table$$Limit                     0x00004358   Number         0  anon$$obj.o(Region$$Table)
    current_image                            0x20000000   Data           1  exemplotiva.o(.data)
    current_state                            0x20000001   Data           1  exemplotiva.o(.data)
    going_up                                 0x20000002   Data           1  exemplotiva.o(.data)
    background                               0x20000004   Data           4  exemplotiva.o(.data)
    images                                   0x20000008   Data           8  exemplotiva.o(.data)
    m_tmr                                    0x20000018   Data           4  rtx_conf_cm.o(.data)
    osThreadId_osTimerThread                 0x2000001c   Data           4  rtx_conf_cm.o(.data)
    osMessageQId_osTimerMessageQ             0x20000020   Data           4  rtx_conf_cm.o(.data)
    SystemCoreClock                          0x20000028   Data           4  system_tm4c129.o(.data)
    os_initialized                           0x20000030   Data           1  rt_cmsis.o(.data)
    os_running                               0x20000031   Data           1  rt_cmsis.o(.data)
    os_timer_head                            0x20000034   Data           4  rt_cmsis.o(.data)
    os_tsk                                   0x20000038   Data           8  rt_task.o(.data)
    os_tick_irqn                             0x20000044   Data           4  rt_system.o(.data)
    os_time                                  0x20000048   Data           4  rt_time.o(.data)
    os_robin                                 0x2000004c   Data           8  rt_robin.o(.data)
    dbg_msg                                  0x20000054   Data           1  hal_cm.o(.data)
    sContext                                 0x20000058   Data          44  exemplotiva.o(.bss)
    image                                    0x20000084   Data       16386  exemplotiva.o(.bss)
    os_messageQ_q_osTimerMessageQ            0x20004088   Data          32  rtx_conf_cm.o(.bss)
    mp_tcb                                   0x200040a8   Data         480  rtx_conf_cm.o(.bss)
    mp_stk                                   0x20004288   Data        6416  rtx_conf_cm.o(.bss)
    os_stack_mem                             0x20005b98   Data        1032  rtx_conf_cm.o(.bss)
    os_fifo                                  0x20005fa0   Data         132  rtx_conf_cm.o(.bss)
    os_active_TCB                            0x20006024   Data          36  rtx_conf_cm.o(.bss)
    os_idle_TCB                              0x20006428   Data          52  rt_task.o(.bss)
    os_rdy                                   0x2000645c   Data          24  rt_list.o(.bss)
    os_dly                                   0x20006474   Data          24  rt_list.o(.bss)
    __libspace_start                         0x2000648c   Data          96  libspace.o(.bss)
    __temporary_stack_top$libspace           0x200064ec   Data           0  libspace.o(.bss)



==============================================================================

Memory Map of the image

  Image Entry point : 0x00000201

  Load Region LR_IROM1 (Base: 0x00000000, Size: 0x000043b0, Max: 0x00100000, ABSOLUTE)

    Execution Region ER_IROM1 (Exec base: 0x00000000, Load base: 0x00000000, Size: 0x00004358, Max: 0x00100000, ABSOLUTE)

    Exec Addr    Load Addr    Size         Type   Attr      Idx    E Section Name        Object

    0x00000000   0x00000000   0x00000200   Data   RO          301    RESET               startup_tm4c129.o
    0x00000200   0x00000200   0x00000008   Code   RO         3276  * !!!main             c_w.l(__main.o)
    0x00000208   0x00000208   0x00000034   Code   RO         3437    !!!scatter          c_w.l(__scatter.o)
    0x0000023c   0x0000023c   0x0000001a   Code   RO         3439    !!handler_copy      c_w.l(__scatter_copy.o)
    0x00000256   0x00000256   0x00000002   PAD
    0x00000258   0x00000258   0x0000001c   Code   RO         3441    !!handler_zi        c_w.l(__scatter_zi.o)
    0x00000274   0x00000274   0x00000002   Code   RO         3323    .ARM.Collect$$libinit$$00000000  c_w.l(libinit.o)
    0x00000276   0x00000276   0x00000004   Code   RO         3334    .ARM.Collect$$libinit$$00000001  c_w.l(libinit2.o)
    0x0000027a   0x0000027a   0x00000000   Code   RO         3337    .ARM.Collect$$libinit$$00000004  c_w.l(libinit2.o)
    0x0000027a   0x0000027a   0x00000000   Code   RO         3340    .ARM.Collect$$libinit$$0000000A  c_w.l(libinit2.o)
    0x0000027a   0x0000027a   0x00000000   Code   RO         3342    .ARM.Collect$$libinit$$0000000C  c_w.l(libinit2.o)
    0x0000027a   0x0000027a   0x00000000   Code   RO         3344    .ARM.Collect$$libinit$$0000000E  c_w.l(libinit2.o)
    0x0000027a   0x0000027a   0x00000000   Code   RO         3347    .ARM.Collect$$libinit$$00000011  c_w.l(libinit2.o)
    0x0000027a   0x0000027a   0x00000000   Code   RO         3349    .ARM.Collect$$libinit$$00000013  c_w.l(libinit2.o)
    0x0000027a   0x0000027a   0x00000000   Code   RO         3351    .ARM.Collect$$libinit$$00000015  c_w.l(libinit2.o)
    0x0000027a   0x0000027a   0x00000000   Code   RO         3353    .ARM.Collect$$libinit$$00000017  c_w.l(libinit2.o)
    0x0000027a   0x0000027a   0x00000000   Code   RO         3355    .ARM.Collect$$libinit$$00000019  c_w.l(libinit2.o)
    0x0000027a   0x0000027a   0x00000000   Code   RO         3357    .ARM.Collect$$libinit$$0000001B  c_w.l(libinit2.o)
    0x0000027a   0x0000027a   0x00000000   Code   RO         3359    .ARM.Collect$$libinit$$0000001D  c_w.l(libinit2.o)
    0x0000027a   0x0000027a   0x00000000   Code   RO         3361    .ARM.Collect$$libinit$$0000001F  c_w.l(libinit2.o)
    0x0000027a   0x0000027a   0x00000000   Code   RO         3363    .ARM.Collect$$libinit$$00000021  c_w.l(libinit2.o)
    0x0000027a   0x0000027a   0x00000000   Code   RO         3365    .ARM.Collect$$libinit$$00000023  c_w.l(libinit2.o)
    0x0000027a   0x0000027a   0x00000000   Code   RO         3367    .ARM.Collect$$libinit$$00000025  c_w.l(libinit2.o)
    0x0000027a   0x0000027a   0x00000000   Code   RO         3371    .ARM.Collect$$libinit$$0000002C  c_w.l(libinit2.o)
    0x0000027a   0x0000027a   0x00000000   Code   RO         3373    .ARM.Collect$$libinit$$0000002E  c_w.l(libinit2.o)
    0x0000027a   0x0000027a   0x00000000   Code   RO         3375    .ARM.Collect$$libinit$$00000030  c_w.l(libinit2.o)
    0x0000027a   0x0000027a   0x00000000   Code   RO         3377    .ARM.Collect$$libinit$$00000032  c_w.l(libinit2.o)
    0x0000027a   0x0000027a   0x00000002   Code   RO         3378    .ARM.Collect$$libinit$$00000033  c_w.l(libinit2.o)
    0x0000027c   0x0000027c   0x00000002   Code   RO         3324    .ARM.Collect$$libshutdown$$00000000  c_w.l(libshutdown.o)
    0x0000027e   0x0000027e   0x00000000   Code   RO         3380    .ARM.Collect$$libshutdown$$00000002  c_w.l(libshutdown2.o)
    0x0000027e   0x0000027e   0x00000000   Code   RO         3382    .ARM.Collect$$libshutdown$$00000004  c_w.l(libshutdown2.o)
    0x0000027e   0x0000027e   0x00000000   Code   RO         3385    .ARM.Collect$$libshutdown$$00000007  c_w.l(libshutdown2.o)
    0x0000027e   0x0000027e   0x00000000   Code   RO         3388    .ARM.Collect$$libshutdown$$0000000A  c_w.l(libshutdown2.o)
    0x0000027e   0x0000027e   0x00000000   Code   RO         3390    .ARM.Collect$$libshutdown$$0000000C  c_w.l(libshutdown2.o)
    0x0000027e   0x0000027e   0x00000000   Code   RO         3393    .ARM.Collect$$libshutdown$$0000000F  c_w.l(libshutdown2.o)
    0x0000027e   0x0000027e   0x00000002   Code   RO         3394    .ARM.Collect$$libshutdown$$00000010  c_w.l(libshutdown2.o)
    0x00000280   0x00000280   0x00000000   Code   RO         3278    .ARM.Collect$$rtentry$$00000000  c_w.l(__rtentry.o)
    0x00000280   0x00000280   0x00000000   Code   RO         3286    .ARM.Collect$$rtentry$$00000002  c_w.l(__rtentry2.o)
    0x00000280   0x00000280   0x00000006   Code   RO         3298    .ARM.Collect$$rtentry$$00000004  c_w.l(__rtentry4.o)
    0x00000286   0x00000286   0x00000000   Code   RO         3288    .ARM.Collect$$rtentry$$00000009  c_w.l(__rtentry2.o)
    0x00000286   0x00000286   0x00000004   Code   RO         3289    .ARM.Collect$$rtentry$$0000000A  c_w.l(__rtentry2.o)
    0x0000028a   0x0000028a   0x00000008   Code   RO         3290    .ARM.Collect$$rtentry$$0000000B  c_w.l(__rtentry2.o)
    0x00000292   0x00000292   0x00000008   Code   RO         3292    .ARM.Collect$$rtentry$$0000000D  c_w.l(__rtentry2.o)
    0x0000029a   0x0000029a   0x00000002   Code   RO         3279    .ARM.Collect$$rtexit$$00000000  c_w.l(rtexit.o)
    0x0000029c   0x0000029c   0x00000000   Code   RO         3301    .ARM.Collect$$rtexit$$00000002  c_w.l(rtexit2.o)
    0x0000029c   0x0000029c   0x00000004   Code   RO         3302    .ARM.Collect$$rtexit$$00000003  c_w.l(rtexit2.o)
    0x000002a0   0x000002a0   0x00000006   Code   RO         3303    .ARM.Collect$$rtexit$$00000004  c_w.l(rtexit2.o)
    0x000002a6   0x000002a6   0x00000002   PAD
    0x000002a8   0x000002a8   0x0000001c   Code   RO          245    .emb_text           rtx_conf_cm.o
    0x000002c4   0x000002c4   0x00000198   Code   RO         3252    .emb_text           RTX_CM4.lib(hal_cm4.o)
    0x0000045c   0x0000045c   0x00000254   Code   RO            4    .text               exemplotiva.o
    0x000006b0   0x000006b0   0x000001d4   Code   RO          114    .text               utils.o
    0x00000884   0x00000884   0x00000174   Code   RO          117    .text               image.o
    0x000009f8   0x000009f8   0x0000005c   Code   RO          120    .text               buttons.o
    0x00000a54   0x00000a54   0x000006fc   Code   RO          159    .text               cfaf128x128x16.o
    0x00001150   0x00001150   0x0000008c   Code   RO          246    .text               rtx_conf_cm.o
    0x000011dc   0x000011dc   0x0000012c   Code   RO          302    .text               startup_tm4c129.o
    0x00001308   0x00001308   0x00000028   Code   RO          309    .text               system_tm4c129.o
    0x00001330   0x00001330   0x00000008   Code   RO         3267    .text               c_w.l(libspace.o)
    0x00001338   0x00001338   0x00000012   Code   RO         3272    .text               c_w.l(exit.o)
    0x0000134a   0x0000134a   0x00000006   Code   RO         3274    .text               c_w.l(heapauxi.o)
    0x00001350   0x00001350   0x0000000c   Code   RO         3309    .text               c_w.l(sys_exit.o)
    0x0000135c   0x0000135c   0x0000004a   Code   RO         3311    .text               c_w.l(sys_stackheap_outer.o)
    0x000013a6   0x000013a6   0x00000002   Code   RO         3325    .text               c_w.l(use_no_semi.o)
    0x000013a8   0x000013a8   0x00000000   Code   RO         3327    .text               c_w.l(indicate_semi.o)
    0x000013a8   0x000013a8   0x00000004   Code   RO         3262    SVC_TABLE           RTX_CM4.lib(svc_table.o)
    0x000013ac   0x000013ac   0x00000028   Code   RO          344    i.GPIODirModeSet    driverlib.lib(gpio.o)
    0x000013d4   0x000013d4   0x00000138   Code   RO          356    i.GPIOPadConfigSet  driverlib.lib(gpio.o)
    0x0000150c   0x0000150c   0x00000006   Code   RO          358    i.GPIOPinRead       driverlib.lib(gpio.o)
    0x00001512   0x00001512   0x0000001c   Code   RO          367    i.GPIOPinTypeGPIOInput  driverlib.lib(gpio.o)
    0x0000152e   0x0000152e   0x00000006   Code   RO         1754    i.GrContextFontSet  grlib.lib(string.o)
    0x00001534   0x00001534   0x00000064   Code   RO         1705    i.GrContextInit     grlib.lib(context.o)
    0x00001598   0x00001598   0x00000118   Code   RO         1755    i.GrDefaultStringRenderer  grlib.lib(string.o)
    0x000016b0   0x000016b0   0x000000a6   Code   RO         1759    i.GrFontGlyphDataGet  grlib.lib(string.o)
    0x00001756   0x00001756   0x00000288   Code   RO         1760    i.GrFontGlyphRender  grlib.lib(string.o)
    0x000019de   0x000019de   0x00000008   Code   RO         2640    i.GrMapISO8859_1_Unicode  grlib.lib(charmap.o)
    0x000019e6   0x000019e6   0x00000002   PAD
    0x000019e8   0x000019e8   0x000002ec   Code   RO         1358    i.SysCtlClockFreqSet  driverlib.lib(sysctl.o)
    0x00001cd4   0x00001cd4   0x00000028   Code   RO         1390    i.SysCtlPeripheralEnable  driverlib.lib(sysctl.o)
    0x00001cfc   0x00001cfc   0x0000002c   Code   RO         1394    i.SysCtlPeripheralReady  driverlib.lib(sysctl.o)
    0x00001d28   0x00001d28   0x0000006c   Code   RO         1772    i.UpdateContextCharMapping  grlib.lib(string.o)
    0x00001d94   0x00001d94   0x00000046   Code   RO         3146    i._init_box         RTX_CM4.lib(rt_membox.o)
    0x00001dda   0x00001dda   0x00000002   PAD
    0x00001ddc   0x00001ddc   0x00000030   Code   RO         3199    i.dbg_init          RTX_CM4.lib(hal_cm.o)
    0x00001e0c   0x00001e0c   0x00000020   Code   RO         3200    i.dbg_task_notify   RTX_CM4.lib(hal_cm.o)
    0x00001e2c   0x00001e2c   0x00000010   Code   RO         3201    i.dbg_task_switch   RTX_CM4.lib(hal_cm.o)
    0x00001e3c   0x00001e3c   0x0000002a   Code   RO         1884    i.isrMessageGet     RTX_CM4.lib(rt_cmsis.o)
    0x00001e66   0x00001e66   0x0000002c   Code   RO         1885    i.isrMessagePut     RTX_CM4.lib(rt_cmsis.o)
    0x00001e92   0x00001e92   0x00000002   PAD
    0x00001e94   0x00001e94   0x00000056   Code   RO         3001    i.isr_mbx_receive   RTX_CM4.lib(rt_mailbox.o)
    0x00001eea   0x00001eea   0x0000000e   Code   RO         3002    i.isr_mbx_send      RTX_CM4.lib(rt_mailbox.o)
    0x00001ef8   0x00001ef8   0x00000024   Code   RO         1889    i.osKernelInitialize  RTX_CM4.lib(rt_cmsis.o)
    0x00001f1c   0x00001f1c   0x0000006c   Code   RO         1891    i.osKernelStart     RTX_CM4.lib(rt_cmsis.o)
    0x00001f88   0x00001f88   0x00000018   Code   RO         1900    i.osMessageGet      RTX_CM4.lib(rt_cmsis.o)
    0x00001fa0   0x00001fa0   0x0000002c   Code   RO         1917    i.osThreadCreate    RTX_CM4.lib(rt_cmsis.o)
    0x00001fcc   0x00001fcc   0x00000018   Code   RO         1918    i.osThreadExit      RTX_CM4.lib(rt_cmsis.o)
    0x00001fe4   0x00001fe4   0x0000000c   Code   RO         1924    i.osTimerCall       RTX_CM4.lib(rt_cmsis.o)
    0x00001ff0   0x00001ff0   0x0000002c   Code   RO         1929    i.osTimerThread     RTX_CM4.lib(rt_cmsis.o)
    0x0000201c   0x0000201c   0x00000028   Code   RO         2793    i.os_tick_init      RTX_CM4.lib(rt_system.o)
    0x00002044   0x00002044   0x00000002   Code   RO         2794    i.os_tick_irqack    RTX_CM4.lib(rt_system.o)
    0x00002046   0x00002046   0x0000001a   Code   RO         3147    i.rt_alloc_box      RTX_CM4.lib(rt_membox.o)
    0x00002060   0x00002060   0x0000003e   Code   RO         3175    i.rt_alloc_mem      RTX_CM4.lib(rt_memory.o)
    0x0000209e   0x0000209e   0x00000002   PAD
    0x000020a0   0x000020a0   0x00000038   Code   RO         2506    i.rt_block          RTX_CM4.lib(rt_task.o)
    0x000020d8   0x000020d8   0x00000048   Code   RO         3124    i.rt_chk_robin      RTX_CM4.lib(rt_robin.o)
    0x00002120   0x00002120   0x00000070   Code   RO         2925    i.rt_dec_dly        RTX_CM4.lib(rt_list.o)
    0x00002190   0x00002190   0x00000044   Code   RO         2507    i.rt_dispatch       RTX_CM4.lib(rt_task.o)
    0x000021d4   0x000021d4   0x00000050   Code   RO         2886    i.rt_evt_psh        RTX_CM4.lib(rt_event.o)
    0x00002224   0x00002224   0x0000002c   Code   RO         3148    i.rt_free_box       RTX_CM4.lib(rt_membox.o)
    0x00002250   0x00002250   0x00000028   Code   RO         3176    i.rt_free_mem       RTX_CM4.lib(rt_memory.o)
    0x00002278   0x00002278   0x00000028   Code   RO         2926    i.rt_get_first      RTX_CM4.lib(rt_list.o)
    0x000022a0   0x000022a0   0x00000008   Code   RO         1934    i.rt_id2obj         RTX_CM4.lib(rt_cmsis.o)
    0x000022a8   0x000022a8   0x00000048   Code   RO         2508    i.rt_init_context   RTX_CM4.lib(rt_task.o)
    0x000022f0   0x000022f0   0x0000001a   Code   RO         3177    i.rt_init_mem       RTX_CM4.lib(rt_memory.o)
    0x0000230a   0x0000230a   0x00000002   PAD
    0x0000230c   0x0000230c   0x00000018   Code   RO         3125    i.rt_init_robin     RTX_CM4.lib(rt_robin.o)
    0x00002324   0x00002324   0x00000080   Code   RO         3202    i.rt_init_stack     RTX_CM4.lib(hal_cm.o)
    0x000023a4   0x000023a4   0x00000008   Code   RO         3003    i.rt_mbx_check      RTX_CM4.lib(rt_mailbox.o)
    0x000023ac   0x000023ac   0x0000001a   Code   RO         3004    i.rt_mbx_init       RTX_CM4.lib(rt_mailbox.o)
    0x000023c6   0x000023c6   0x00000002   PAD
    0x000023c8   0x000023c8   0x000000f0   Code   RO         3005    i.rt_mbx_psh        RTX_CM4.lib(rt_mailbox.o)
    0x000024b8   0x000024b8   0x000000b4   Code   RO         3007    i.rt_mbx_wait       RTX_CM4.lib(rt_mailbox.o)
    0x0000256c   0x0000256c   0x00000044   Code   RO         1935    i.rt_ms2tick        RTX_CM4.lib(rt_cmsis.o)
    0x000025b0   0x000025b0   0x00000010   Code   RO         2591    i.rt_mut_init       RTX_CM4.lib(rt_mutex.o)
    0x000025c0   0x000025c0   0x000000d8   Code   RO         2592    i.rt_mut_release    RTX_CM4.lib(rt_mutex.o)
    0x00002698   0x00002698   0x00000078   Code   RO         2593    i.rt_mut_wait       RTX_CM4.lib(rt_mutex.o)
    0x00002710   0x00002710   0x0000007c   Code   RO         2797    i.rt_pop_req        RTX_CM4.lib(rt_system.o)
    0x0000278c   0x0000278c   0x00000020   Code   RO         2798    i.rt_psh_req        RTX_CM4.lib(rt_system.o)
    0x000027ac   0x000027ac   0x0000005c   Code   RO         2928    i.rt_psq_enq        RTX_CM4.lib(rt_list.o)
    0x00002808   0x00002808   0x00000048   Code   RO         2929    i.rt_put_dly        RTX_CM4.lib(rt_list.o)
    0x00002850   0x00002850   0x00000036   Code   RO         2930    i.rt_put_prio       RTX_CM4.lib(rt_list.o)
    0x00002886   0x00002886   0x00000002   PAD
    0x00002888   0x00002888   0x00000014   Code   RO         2931    i.rt_put_rdy_first  RTX_CM4.lib(rt_list.o)
    0x0000289c   0x0000289c   0x00000034   Code   RO         2932    i.rt_resort_prio    RTX_CM4.lib(rt_list.o)
    0x000028d0   0x000028d0   0x00000010   Code   RO         3203    i.rt_ret_regs       RTX_CM4.lib(hal_cm.o)
    0x000028e0   0x000028e0   0x0000000c   Code   RO         3204    i.rt_ret_val        RTX_CM4.lib(hal_cm.o)
    0x000028ec   0x000028ec   0x00000010   Code   RO         3205    i.rt_ret_val2       RTX_CM4.lib(hal_cm.o)
    0x000028fc   0x000028fc   0x00000028   Code   RO         2933    i.rt_rmv_dly        RTX_CM4.lib(rt_list.o)
    0x00002924   0x00002924   0x00000030   Code   RO         2934    i.rt_rmv_list       RTX_CM4.lib(rt_list.o)
    0x00002954   0x00002954   0x00000034   Code   RO         3052    i.rt_sem_psh        RTX_CM4.lib(rt_semaphore.o)
    0x00002988   0x00002988   0x00000024   Code   RO         2800    i.rt_stk_check      RTX_CM4.lib(rt_system.o)
    0x000029ac   0x000029ac   0x00000028   Code   RO         2509    i.rt_switch_req     RTX_CM4.lib(rt_task.o)
    0x000029d4   0x000029d4   0x000000cc   Code   RO         2510    i.rt_sys_init       RTX_CM4.lib(rt_task.o)
    0x00002aa0   0x00002aa0   0x00000078   Code   RO         2511    i.rt_sys_start      RTX_CM4.lib(rt_task.o)
    0x00002b18   0x00002b18   0x00000040   Code   RO         2802    i.rt_systick        RTX_CM4.lib(rt_system.o)
    0x00002b58   0x00002b58   0x00000012   Code   RO         1936    i.rt_tid2ptcb       RTX_CM4.lib(rt_cmsis.o)
    0x00002b6a   0x00002b6a   0x00000002   PAD
    0x00002b6c   0x00002b6c   0x00000034   Code   RO         1937    i.rt_timer_insert   RTX_CM4.lib(rt_cmsis.o)
    0x00002ba0   0x00002ba0   0x00000088   Code   RO         2512    i.rt_tsk_create     RTX_CM4.lib(rt_task.o)
    0x00002c28   0x00002c28   0x0000017c   Code   RO         2513    i.rt_tsk_delete     RTX_CM4.lib(rt_task.o)
    0x00002da4   0x00002da4   0x0000007c   Code   RO         2515    i.rt_tsk_prio       RTX_CM4.lib(rt_task.o)
    0x00002e20   0x00002e20   0x00000010   Code   RO         2516    i.rt_tsk_self       RTX_CM4.lib(rt_task.o)
    0x00002e30   0x00002e30   0x00000070   Code   RO         1940    i.svcKernelInitialize  RTX_CM4.lib(rt_cmsis.o)
    0x00002ea0   0x00002ea0   0x00000048   Code   RO         1942    i.svcKernelStart    RTX_CM4.lib(rt_cmsis.o)
    0x00002ee8   0x00002ee8   0x00000024   Code   RO         1945    i.svcMessageCreate  RTX_CM4.lib(rt_cmsis.o)
    0x00002f0c   0x00002f0c   0x0000003a   Code   RO         1946    i.svcMessageGet     RTX_CM4.lib(rt_cmsis.o)
    0x00002f46   0x00002f46   0x00000002   PAD
    0x00002f48   0x00002f48   0x0000006c   Code   RO         1960    i.svcThreadCreate   RTX_CM4.lib(rt_cmsis.o)
    0x00002fb4   0x00002fb4   0x0000001c   Code   RO         1961    i.svcThreadGetId    RTX_CM4.lib(rt_cmsis.o)
    0x00002fd0   0x00002fd0   0x00000038   Code   RO         1964    i.svcThreadTerminate  RTX_CM4.lib(rt_cmsis.o)
    0x00003008   0x00003008   0x00000018   Code   RO         1966    i.svcTimerCall      RTX_CM4.lib(rt_cmsis.o)
    0x00003020   0x00003020   0x0000005c   Code   RO         1975    i.sysTimerTick      RTX_CM4.lib(rt_cmsis.o)
    0x0000307c   0x0000307c   0x0000000a   Code   RO         3401    x$fpl$fpinit        fz_wm.l(fpinit.o)
    0x00003086   0x00003086   0x00000001   Data   RO            6    .constdata          exemplotiva.o
    0x00003087   0x00003087   0x00000001   Data   RO            7    .constdata          exemplotiva.o
    0x00003088   0x00003088   0x00000001   Data   RO            8    .constdata          exemplotiva.o
    0x00003089   0x00003089   0x00000001   Data   RO            9    .constdata          exemplotiva.o
    0x0000308a   0x0000308a   0x00000600   Data   RO          100    .constdata          airplane.o
    0x0000368a   0x0000368a   0x00000600   Data   RO          107    .constdata          car.o
    0x00003c8a   0x00003c8a   0x00000002   PAD
    0x00003c8c   0x00003c8c   0x00000028   Data   RO          172    .constdata          cfaf128x128x16.o
    0x00003cb4   0x00003cb4   0x00000002   Data   RO          254    .constdata          rtx_conf_cm.o
    0x00003cb6   0x00003cb6   0x00000002   PAD
    0x00003cb8   0x00003cb8   0x00000004   Data   RO          255    .constdata          rtx_conf_cm.o
    0x00003cbc   0x00003cbc   0x00000004   Data   RO          256    .constdata          rtx_conf_cm.o
    0x00003cc0   0x00003cc0   0x00000004   Data   RO          260    .constdata          rtx_conf_cm.o
    0x00003cc4   0x00003cc4   0x00000001   Data   RO          261    .constdata          rtx_conf_cm.o
    0x00003cc5   0x00003cc5   0x00000003   PAD
    0x00003cc8   0x00003cc8   0x00000010   Data   RO          262    .constdata          rtx_conf_cm.o
    0x00003cd8   0x00003cd8   0x00000002   Data   RO          263    .constdata          rtx_conf_cm.o
    0x00003cda   0x00003cda   0x00000002   PAD
    0x00003cdc   0x00003cdc   0x00000004   Data   RO          264    .constdata          rtx_conf_cm.o
    0x00003ce0   0x00003ce0   0x00000004   Data   RO          265    .constdata          rtx_conf_cm.o
    0x00003ce4   0x00003ce4   0x00000001   Data   RO          266    .constdata          rtx_conf_cm.o
    0x00003ce5   0x00003ce5   0x00000003   PAD
    0x00003ce8   0x00003ce8   0x00000010   Data   RO          267    .constdata          rtx_conf_cm.o
    0x00003cf8   0x00003cf8   0x00000008   Data   RO          268    .constdata          rtx_conf_cm.o
    0x00003d00   0x00003d00   0x00000002   Data   RO          269    .constdata          rtx_conf_cm.o
    0x00003d02   0x00003d02   0x00000002   PAD
    0x00003d04   0x00003d04   0x00000010   Data   RO          270    .constdata          rtx_conf_cm.o
    0x00003d14   0x00003d14   0x00000254   Data   RO         1412    .constdata          driverlib.lib(sysctl.o)
    0x00003f68   0x00003f68   0x00000010   Data   RO         1707    .constdata          grlib.lib(context.o)
    0x00003f78   0x00003f78   0x000002f8   Data   RO         1739    .constdata          grlib.lib(fontfixed6x8.o)
    0x00004270   0x00004270   0x000000c8   Data   RO         1740    .constdata          grlib.lib(fontfixed6x8.o)
    0x00004338   0x00004338   0x00000020   Data   RO         3435    Region$$Table       anon$$obj.o


    Execution Region RW_IRAM1 (Exec base: 0x20000000, Load base: 0x00004358, Size: 0x000066f0, Max: 0x00040000, ABSOLUTE)

    Exec Addr    Load Addr    Size         Type   Attr      Idx    E Section Name        Object

    0x20000000   0x00004358   0x00000008   Data   RW           10    .data               exemplotiva.o
    0x20000008   0x00004360   0x00000008   Data   RW           11    .data               exemplotiva.o
    0x20000010   0x00004368   0x00000008   Data   RW          173    .data               cfaf128x128x16.o
    0x20000018   0x00004370   0x00000004   Data   RW          272    .data               rtx_conf_cm.o
    0x2000001c   0x00004374   0x00000004   Data   RW          273    .data               rtx_conf_cm.o
    0x20000020   0x00004378   0x00000004   Data   RW          274    .data               rtx_conf_cm.o
    0x20000024   0x0000437c   0x00000004   Data   RW          275    .data               rtx_conf_cm.o
    0x20000028   0x00004380   0x00000004   Data   RW          310    .data               system_tm4c129.o
    0x2000002c   0x00004384   0x00000004   Data   RW         1708    .data               grlib.lib(context.o)
    0x20000030   0x00004388   0x00000008   Data   RW         1978    .data               RTX_CM4.lib(rt_cmsis.o)
    0x20000038   0x00004390   0x00000008   Data   RW         2518    .data               RTX_CM4.lib(rt_task.o)
    0x20000040   0x00004398   0x00000008   Data   RW         2805    .data               RTX_CM4.lib(rt_system.o)
    0x20000048   0x000043a0   0x00000004   Data   RW         3095    .data               RTX_CM4.lib(rt_time.o)
    0x2000004c   0x000043a4   0x00000008   Data   RW         3126    .data               RTX_CM4.lib(rt_robin.o)
    0x20000054   0x000043ac   0x00000001   Data   RW         3206    .data               RTX_CM4.lib(hal_cm.o)
    0x20000055   0x000043ad   0x00000003   PAD
    0x20000058        -       0x0000402e   Zero   RW            5    .bss                exemplotiva.o
    0x20004086   0x000043ad   0x00000002   PAD
    0x20004088        -       0x00000020   Zero   RW          247    .bss                rtx_conf_cm.o
    0x200040a8        -       0x000001e0   Zero   RW          248    .bss                rtx_conf_cm.o
    0x20004288        -       0x00001910   Zero   RW          249    .bss                rtx_conf_cm.o
    0x20005b98        -       0x00000408   Zero   RW          250    .bss                rtx_conf_cm.o
    0x20005fa0        -       0x00000084   Zero   RW          251    .bss                rtx_conf_cm.o
    0x20006024        -       0x00000024   Zero   RW          252    .bss                rtx_conf_cm.o
    0x20006048        -       0x000003e0   Zero   RW          253    .bss                rtx_conf_cm.o
    0x20006428        -       0x00000034   Zero   RW         2517    .bss                RTX_CM4.lib(rt_task.o)
    0x2000645c        -       0x00000030   Zero   RW         2935    .bss                RTX_CM4.lib(rt_list.o)
    0x2000648c        -       0x00000060   Zero   RW         3268    .bss                c_w.l(libspace.o)
    0x200064ec   0x000043ad   0x00000004   PAD
    0x200064f0        -       0x00000000   Zero   RW          300    HEAP                startup_tm4c129.o
    0x200064f0        -       0x00000200   Zero   RW          299    STACK               startup_tm4c129.o


==============================================================================

Image component sizes


      Code (inc. data)   RO Data    RW Data    ZI Data      Debug   Object Name

         0          0       1536          0          0        601   airplane.o
        92         10          0          0          0        964   buttons.o
         0          0       1536          0          0        576   car.o
      1788         94         40          8          0      10982   cfaf128x128x16.o
       596         16          4         16      16430      33634   exemplotiva.o
       372         34          0          0          0        440   image.o
       168         36         84         16       9120       9333   rtx_conf_cm.o
       300         22        512          0        512       6120   startup_tm4c129.o
        40         14          0          4          0       1069   system_tm4c129.o
       468         92          0          0          0        468   utils.o

    ----------------------------------------------------------------------
      3824        318       3758         44      26064      64187   Object Totals
         0          0         32          0          0          0   (incl. Generated)
         0          0         14          0          2          0   (incl. Padding)

    ----------------------------------------------------------------------

      Code (inc. data)   RO Data    RW Data    ZI Data      Debug   Library Member Name

       268         24          0          1          0       4472   hal_cm.o
       408         34          0          0          0        816   hal_cm4.o
      1110        138          0          8          0      34689   rt_cmsis.o
        80          4          0          0          0        701   rt_event.o
       530         34          0          0         48       8601   rt_list.o
       554         10          0          0          0       4189   rt_mailbox.o
       140          0          0          0          0       2045   rt_membox.o
       128          0          0          0          0       2419   rt_memory.o
       352         14          0          0          0       2229   rt_mutex.o
        96         22          0          8          0       1230   rt_robin.o
        52          4          0          0          0        613   rt_semaphore.o
       298         52          0          8          0       6439   rt_system.o
      1216        174          0          8         52      10045   rt_task.o
         0          0          0          4          0        210   rt_time.o
         4          4          0          0          0        200   svc_table.o
         8          0          0          0          0         68   __main.o
         0          0          0          0          0          0   __rtentry.o
        20          0          0          0          0          0   __rtentry2.o
         6          0          0          0          0          0   __rtentry4.o
        52          8          0          0          0          0   __scatter.o
        26          0          0          0          0          0   __scatter_copy.o
        28          0          0          0          0          0   __scatter_zi.o
        18          0          0          0          0         80   exit.o
         6          0          0          0          0        152   heapauxi.o
         0          0          0          0          0          0   indicate_semi.o
         2          0          0          0          0          0   libinit.o
         6          0          0          0          0          0   libinit2.o
         2          0          0          0          0          0   libshutdown.o
         2          0          0          0          0          0   libshutdown2.o
         8          4          0          0         96         68   libspace.o
         2          0          0          0          0          0   rtexit.o
        10          0          0          0          0          0   rtexit2.o
        12          4          0          0          0         68   sys_exit.o
        74          0          0          0          0         80   sys_stackheap_outer.o
         2          0          0          0          0         68   use_no_semi.o
       386          0          0          0          0       6689   gpio.o
       832         50        596          0          0       5470   sysctl.o
        10          0          0          0          0        116   fpinit.o
         8          0          0          0          0       1494   charmap.o
       100         12         16          4          0      26443   context.o
         0          0        960          0          0      25662   fontfixed6x8.o
      1208          0          0          0          0       8352   string.o

    ----------------------------------------------------------------------
      8086        592       1572         44        200     153708   Library Totals
        22          0          0          3          4          0   (incl. Padding)

    ----------------------------------------------------------------------

      Code (inc. data)   RO Data    RW Data    ZI Data      Debug   Library Name

      5236        514          0         37        100      78898   RTX_CM4.lib
       284         16          0          0         96        584   c_w.l
      1218         50        596          0          0      12159   driverlib.lib
        10          0          0          0          0        116   fz_wm.l
      1316         12        976          4          0      61951   grlib.lib

    ----------------------------------------------------------------------
      8086        592       1572         44        200     153708   Library Totals

    ----------------------------------------------------------------------

==============================================================================


      Code (inc. data)   RO Data    RW Data    ZI Data      Debug   

     11910        910       5330         88      26264     208939   Grand Totals
     11910        910       5330         88      26264     208939   ELF Image Totals
     11910        910       5330         88          0          0   ROM Totals

==============================================================================

    Total RO  Size (Code + RO Data)                17240 (  16.84kB)
    Total RW  Size (RW Data + ZI Data)             26352 (  25.73kB)
    Total ROM Size (Code + RO Data + RW Data)      17328 (  16.92kB)

==============================================================================

